Archive member included to satisfy reference by file (symbol)

/usr/local/Cellar/arm-none-eabi-gcc/10.3-2021.07/gcc/bin/../lib/gcc/arm-none-eabi/10.3.1/thumb/v6-m/nofp/libgcc.a(_udivsi3.o)
                              CMakeFiles/memstest.elf.dir/Core/Src/main.c.obj (__aeabi_uidiv)
/usr/local/Cellar/arm-none-eabi-gcc/10.3-2021.07/gcc/bin/../lib/gcc/arm-none-eabi/10.3.1/thumb/v6-m/nofp/libgcc.a(_dvmd_tls.o)
                              /usr/local/Cellar/arm-none-eabi-gcc/10.3-2021.07/gcc/bin/../lib/gcc/arm-none-eabi/10.3.1/thumb/v6-m/nofp/libgcc.a(_udivsi3.o) (__aeabi_idiv0)
/usr/local/Cellar/arm-none-eabi-gcc/10.3-2021.07/gcc/bin/../lib/gcc/arm-none-eabi/10.3.1/thumb/v6-m/nofp/libgcc.a(fixsfsi.o)
                              CMakeFiles/memstest.elf.dir/Core/Src/main.c.obj (__aeabi_f2iz)
/usr/local/Cellar/arm-none-eabi-gcc/10.3-2021.07/gcc/bin/../lib/gcc/arm-none-eabi/10.3.1/thumb/v6-m/nofp/libgcc.a(floatunsisf.o)
                              CMakeFiles/memstest.elf.dir/Core/Src/main.c.obj (__aeabi_ui2f)
/usr/local/Cellar/arm-none-eabi-gcc/10.3-2021.07/gcc/bin/../lib/gcc/arm-none-eabi/10.3.1/thumb/v6-m/nofp/libgcc.a(adddf3.o)
                              CMakeFiles/memstest.elf.dir/Core/Src/main.c.obj (__aeabi_dadd)
/usr/local/Cellar/arm-none-eabi-gcc/10.3-2021.07/gcc/bin/../lib/gcc/arm-none-eabi/10.3.1/thumb/v6-m/nofp/libgcc.a(divdf3.o)
                              CMakeFiles/memstest.elf.dir/Core/Src/main.c.obj (__aeabi_ddiv)
/usr/local/Cellar/arm-none-eabi-gcc/10.3-2021.07/gcc/bin/../lib/gcc/arm-none-eabi/10.3.1/thumb/v6-m/nofp/libgcc.a(muldf3.o)
                              CMakeFiles/memstest.elf.dir/Core/Src/main.c.obj (__aeabi_dmul)
/usr/local/Cellar/arm-none-eabi-gcc/10.3-2021.07/gcc/bin/../lib/gcc/arm-none-eabi/10.3.1/thumb/v6-m/nofp/libgcc.a(fixdfsi.o)
                              CMakeFiles/memstest.elf.dir/Core/Src/main.c.obj (__aeabi_d2iz)
/usr/local/Cellar/arm-none-eabi-gcc/10.3-2021.07/gcc/bin/../lib/gcc/arm-none-eabi/10.3.1/thumb/v6-m/nofp/libgcc.a(floatsidf.o)
                              CMakeFiles/memstest.elf.dir/Core/Src/main.c.obj (__aeabi_i2d)
/usr/local/Cellar/arm-none-eabi-gcc/10.3-2021.07/gcc/bin/../lib/gcc/arm-none-eabi/10.3.1/thumb/v6-m/nofp/libgcc.a(floatunsidf.o)
                              CMakeFiles/memstest.elf.dir/Core/Src/main.c.obj (__aeabi_ui2d)
/usr/local/Cellar/arm-none-eabi-gcc/10.3-2021.07/gcc/bin/../lib/gcc/arm-none-eabi/10.3.1/thumb/v6-m/nofp/libgcc.a(extendsfdf2.o)
                              CMakeFiles/memstest.elf.dir/Core/Src/main.c.obj (__aeabi_f2d)
/usr/local/Cellar/arm-none-eabi-gcc/10.3-2021.07/gcc/bin/../lib/gcc/arm-none-eabi/10.3.1/thumb/v6-m/nofp/libgcc.a(truncdfsf2.o)
                              CMakeFiles/memstest.elf.dir/Core/Src/main.c.obj (__aeabi_d2f)
/usr/local/Cellar/arm-none-eabi-gcc/10.3-2021.07/gcc/bin/../lib/gcc/arm-none-eabi/10.3.1/thumb/v6-m/nofp/libgcc.a(_clzsi2.o)
                              /usr/local/Cellar/arm-none-eabi-gcc/10.3-2021.07/gcc/bin/../lib/gcc/arm-none-eabi/10.3.1/thumb/v6-m/nofp/libgcc.a(floatunsisf.o) (__clzsi2)
/usr/local/Cellar/arm-none-eabi-gcc/10.3-2021.07/gcc/bin/../lib/gcc/arm-none-eabi/10.3.1/../../../../arm-none-eabi/lib/thumb/v6-m/nofp/libg.a(lib_a-errno.o)
                              CMakeFiles/memstest.elf.dir/Core/Src/syscalls.c.obj (__errno)
/usr/local/Cellar/arm-none-eabi-gcc/10.3-2021.07/gcc/bin/../lib/gcc/arm-none-eabi/10.3.1/../../../../arm-none-eabi/lib/thumb/v6-m/nofp/libg.a(lib_a-exit.o)
                              /usr/local/Cellar/arm-none-eabi-gcc/10.3-2021.07/gcc/bin/../lib/gcc/arm-none-eabi/10.3.1/../../../../arm-none-eabi/lib/thumb/v6-m/nofp/crt0.o (exit)
/usr/local/Cellar/arm-none-eabi-gcc/10.3-2021.07/gcc/bin/../lib/gcc/arm-none-eabi/10.3.1/../../../../arm-none-eabi/lib/thumb/v6-m/nofp/libg.a(lib_a-impure.o)
                              /usr/local/Cellar/arm-none-eabi-gcc/10.3-2021.07/gcc/bin/../lib/gcc/arm-none-eabi/10.3.1/../../../../arm-none-eabi/lib/thumb/v6-m/nofp/libg.a(lib_a-exit.o) (_global_impure_ptr)
/usr/local/Cellar/arm-none-eabi-gcc/10.3-2021.07/gcc/bin/../lib/gcc/arm-none-eabi/10.3.1/../../../../arm-none-eabi/lib/thumb/v6-m/nofp/libg.a(lib_a-init.o)
                              /usr/local/Cellar/arm-none-eabi-gcc/10.3-2021.07/gcc/bin/../lib/gcc/arm-none-eabi/10.3.1/../../../../arm-none-eabi/lib/thumb/v6-m/nofp/crt0.o (__libc_init_array)
/usr/local/Cellar/arm-none-eabi-gcc/10.3-2021.07/gcc/bin/../lib/gcc/arm-none-eabi/10.3.1/../../../../arm-none-eabi/lib/thumb/v6-m/nofp/libg.a(lib_a-memset.o)
                              /usr/local/Cellar/arm-none-eabi-gcc/10.3-2021.07/gcc/bin/../lib/gcc/arm-none-eabi/10.3.1/../../../../arm-none-eabi/lib/thumb/v6-m/nofp/crt0.o (memset)
/usr/local/Cellar/arm-none-eabi-gcc/10.3-2021.07/gcc/bin/../lib/gcc/arm-none-eabi/10.3.1/../../../../arm-none-eabi/lib/thumb/v6-m/nofp/libg.a(lib_a-__call_atexit.o)
[...]
Memory Configuration

Name             Origin             Length             Attributes
RAM              0x0000000020000000 0x0000000000002000 xrw
FLASH            0x0000000008000000 0x0000000000008000 xr
*default*        0x0000000000000000 0xffffffffffffffff

Linker script and memory map

LOAD /usr/local/Cellar/arm-none-eabi-gcc/10.3-2021.07/gcc/bin/../lib/gcc/arm-none-eabi/10.3.1/thumb/v6-m/nofp/crti.o
LOAD /usr/local/Cellar/arm-none-eabi-gcc/10.3-2021.07/gcc/bin/../lib/gcc/arm-none-eabi/10.3.1/thumb/v6-m/nofp/crtbegin.o
LOAD /usr/local/Cellar/arm-none-eabi-gcc/10.3-2021.07/gcc/bin/../lib/gcc/arm-none-eabi/10.3.1/../../../../arm-none-eabi/lib/thumb/v6-m/nofp/crt0.o
LOAD CMakeFiles/memstest.elf.dir/Core/Src/dma.c.obj
LOAD CMakeFiles/memstest.elf.dir/Core/Src/gpio.c.obj
LOAD CMakeFiles/memstest.elf.dir/Core/Src/main.c.obj
LOAD CMakeFiles/memstest.elf.dir/Core/Src/spi.c.obj
LOAD CMakeFiles/memstest.elf.dir/Core/Src/stm32g0xx_hal_msp.c.obj
LOAD CMakeFiles/memstest.elf.dir/Core/Src/stm32g0xx_it.c.obj
LOAD CMakeFiles/memstest.elf.dir/Core/Src/syscalls.c.obj
LOAD CMakeFiles/memstest.elf.dir/Core/Src/sysmem.c.obj
LOAD CMakeFiles/memstest.elf.dir/Core/Src/system_stm32g0xx.c.obj
LOAD CMakeFiles/memstest.elf.dir/Core/Src/tim.c.obj
LOAD CMakeFiles/memstest.elf.dir/Core/Startup/startup_stm32g030f6px.s.obj
LOAD CMakeFiles/memstest.elf.dir/Drivers/STM32G0xx_HAL_Driver/Src/stm32g0xx_hal.c.obj
LOAD CMakeFiles/memstest.elf.dir/Drivers/STM32G0xx_HAL_Driver/Src/stm32g0xx_hal_cortex.c.obj
LOAD CMakeFiles/memstest.elf.dir/Drivers/STM32G0xx_HAL_Driver/Src/stm32g0xx_hal_dma.c.obj
LOAD CMakeFiles/memstest.elf.dir/Drivers/STM32G0xx_HAL_Driver/Src/stm32g0xx_hal_dma_ex.c.obj
LOAD CMakeFiles/memstest.elf.dir/Drivers/STM32G0xx_HAL_Driver/Src/stm32g0xx_hal_exti.c.obj
LOAD CMakeFiles/memstest.elf.dir/Drivers/STM32G0xx_HAL_Driver/Src/stm32g0xx_hal_flash.c.obj
LOAD CMakeFiles/memstest.elf.dir/Drivers/STM32G0xx_HAL_Driver/Src/stm32g0xx_hal_flash_ex.c.obj
LOAD CMakeFiles/memstest.elf.dir/Drivers/STM32G0xx_HAL_Driver/Src/stm32g0xx_hal_gpio.c.obj
LOAD CMakeFiles/memstest.elf.dir/Drivers/STM32G0xx_HAL_Driver/Src/stm32g0xx_hal_pwr.c.obj
LOAD CMakeFiles/memstest.elf.dir/Drivers/STM32G0xx_HAL_Driver/Src/stm32g0xx_hal_pwr_ex.c.obj
LOAD CMakeFiles/memstest.elf.dir/Drivers/STM32G0xx_HAL_Driver/Src/stm32g0xx_hal_rcc.c.obj
LOAD CMakeFiles/memstest.elf.dir/Drivers/STM32G0xx_HAL_Driver/Src/stm32g0xx_hal_rcc_ex.c.obj
LOAD CMakeFiles/memstest.elf.dir/Drivers/STM32G0xx_HAL_Driver/Src/stm32g0xx_hal_spi.c.obj
LOAD CMakeFiles/memstest.elf.dir/Drivers/STM32G0xx_HAL_Driver/Src/stm32g0xx_hal_spi_ex.c.obj
LOAD CMakeFiles/memstest.elf.dir/Drivers/STM32G0xx_HAL_Driver/Src/stm32g0xx_hal_tim.c.obj
LOAD CMakeFiles/memstest.elf.dir/Drivers/STM32G0xx_HAL_Driver/Src/stm32g0xx_hal_tim_ex.c.obj
LOAD CMakeFiles/memstest.elf.dir/Drivers/STM32G0xx_HAL_Driver/Src/stm32g0xx_ll_dma.c.obj
LOAD CMakeFiles/memstest.elf.dir/Drivers/STM32G0xx_HAL_Driver/Src/stm32g0xx_ll_exti.c.obj
LOAD CMakeFiles/memstest.elf.dir/Drivers/STM32G0xx_HAL_Driver/Src/stm32g0xx_ll_rcc.c.obj
LOAD CMakeFiles/memstest.elf.dir/Drivers/STM32G0xx_HAL_Driver/Src/stm32g0xx_ll_utils.c.obj
START GROUP
LOAD /usr/local/Cellar/arm-none-eabi-gcc/10.3-2021.07/gcc/bin/../lib/gcc/arm-none-eabi/10.3.1/thumb/v6-m/nofp/libgcc.a
LOAD /usr/local/Cellar/arm-none-eabi-gcc/10.3-2021.07/gcc/bin/../lib/gcc/arm-none-eabi/10.3.1/../../../../arm-none-eabi/lib/thumb/v6-m/nofp/libg.a
LOAD /usr/local/Cellar/arm-none-eabi-gcc/10.3-2021.07/gcc/bin/../lib/gcc/arm-none-eabi/10.3.1/../../../../arm-none-eabi/lib/thumb/v6-m/nofp/libc.a
END GROUP
LOAD /usr/local/Cellar/arm-none-eabi-gcc/10.3-2021.07/gcc/bin/../lib/gcc/arm-none-eabi/10.3.1/thumb/v6-m/nofp/crtend.o
LOAD /usr/local/Cellar/arm-none-eabi-gcc/10.3-2021.07/gcc/bin/../lib/gcc/arm-none-eabi/10.3.1/thumb/v6-m/nofp/crtn.o
                0x0000000020002000                _estack = (ORIGIN (RAM) + LENGTH (RAM))
                0x0000000000000200                _Min_Heap_Size = 0x200
                0x0000000000000400                _Min_Stack_Size = 0x400

.isr_vector     0x0000000008000000       0xb8
                0x0000000008000000                . = ALIGN (0x4)
 *(.isr_vector)
 .isr_vector    0x0000000008000000       0xb8 CMakeFiles/memstest.elf.dir/Core/Startup/startup_stm32g030f6px.s.obj
                0x0000000008000000                g_pfnVectors
                0x00000000080000b8                . = ALIGN (0x4)

.text           0x00000000080000b8     0x40d0
                0x00000000080000b8                . = ALIGN (0x4)
 *(.text)
 .text          0x00000000080000b8       0x48 /usr/local/Cellar/arm-none-eabi-gcc/10.3-2021.07/gcc/bin/../lib/gcc/arm-none-eabi/10.3.1/thumb/v6-m/nofp/crtbegin.o
 .text          0x0000000008000100      0x114 /usr/local/Cellar/arm-none-eabi-gcc/10.3-2021.07/gcc/bin/../lib/gcc/arm-none-eabi/10.3.1/thumb/v6-m/nofp/libgcc.a(_udivsi3.o)
                0x0000000008000100                __udivsi3
                0x0000000008000100                __aeabi_uidiv
                0x000000000800020c                __aeabi_uidivmod
 .text          0x0000000008000214        0x4 /usr/local/Cellar/arm-none-eabi-gcc/10.3-2021.07/gcc/bin/../lib/gcc/arm-none-eabi/10.3.1/thumb/v6-m/nofp/libgcc.a(_dvmd_tls.o)
                0x0000000008000214                __aeabi_ldiv0
                0x0000000008000214                __aeabi_idiv0
 .text          0x0000000008000218       0x40 /usr/local/Cellar/arm-none-eabi-gcc/10.3-2021.07/gcc/bin/../lib/gcc/arm-none-eabi/10.3.1/thumb/v6-m/nofp/libgcc.a(fixsfsi.o)
                0x0000000008000218                __aeabi_f2iz
 .text          0x0000000008000258       0x84 /usr/local/Cellar/arm-none-eabi-gcc/10.3-2021.07/gcc/bin/../lib/gcc/arm-none-eabi/10.3.1/thumb/v6-m/nofp/libgcc.a(floatunsisf.o)
                0x0000000008000258                __aeabi_ui2f
 .text          0x00000000080002dc      0x678 /usr/local/Cellar/arm-none-eabi-gcc/10.3-2021.07/gcc/bin/../lib/gcc/arm-none-eabi/10.3.1/thumb/v6-m/nofp/libgcc.a(adddf3.o)
                0x00000000080002dc                __aeabi_dadd
 .text          0x0000000008000954      0x5ec /usr/local/Cellar/arm-none-eabi-gcc/10.3-2021.07/gcc/bin/../lib/gcc/arm-none-eabi/10.3.1/thumb/v6-m/nofp/libgcc.a(divdf3.o)
                0x0000000008000954                __aeabi_ddiv
 .text          0x0000000008000f40      0x4d8 /usr/local/Cellar/arm-none-eabi-gcc/10.3-2021.07/gcc/bin/../lib/gcc/arm-none-eabi/10.3.1/thumb/v6-m/nofp/libgcc.a(muldf3.o)
                0x0000000008000f40                __aeabi_dmul
 .text          0x0000000008001418       0x6c /usr/local/Cellar/arm-none-eabi-gcc/10.3-2021.07/gcc/bin/../lib/gcc/arm-none-eabi/10.3.1/thumb/v6-m/nofp/libgcc.a(fixdfsi.o)
                0x0000000008001418                __aeabi_d2iz
 .text          0x0000000008001484       0x60 /usr/local/Cellar/arm-none-eabi-gcc/10.3-2021.07/gcc/bin/../lib/gcc/arm-none-eabi/10.3.1/thumb/v6-m/nofp/libgcc.a(floatsidf.o)
                0x0000000008001484                __aeabi_i2d
 .text          0x00000000080014e4       0x4c /usr/local/Cellar/arm-none-eabi-gcc/10.3-2021.07/gcc/bin/../lib/gcc/arm-none-eabi/10.3.1/thumb/v6-m/nofp/libgcc.a(floatunsidf.o)
                0x00000000080014e4                __aeabi_ui2d
 .text          0x0000000008001530       0x90 /usr/local/Cellar/arm-none-eabi-gcc/10.3-2021.07/gcc/bin/../lib/gcc/arm-none-eabi/10.3.1/thumb/v6-m/nofp/libgcc.a(extendsfdf2.o)
                0x0000000008001530                __aeabi_f2d
 .text          0x00000000080015c0      0x110 /usr/local/Cellar/arm-none-eabi-gcc/10.3-2021.07/gcc/bin/../lib/gcc/arm-none-eabi/10.3.1/thumb/v6-m/nofp/libgcc.a(truncdfsf2.o)
                0x00000000080015c0                __aeabi_d2f
 .text          0x00000000080016d0       0x3c /usr/local/Cellar/arm-none-eabi-gcc/10.3-2021.07/gcc/bin/../lib/gcc/arm-none-eabi/10.3.1/thumb/v6-m/nofp/libgcc.a(_clzsi2.o)
                0x00000000080016d0                __clzsi2
 *(.text*)
 .text.MX_DMA_Init
                0x000000000800170c       0x40 CMakeFiles/memstest.elf.dir/Core/Src/dma.c.obj
                0x000000000800170c                MX_DMA_Init
 .text.MX_GPIO_Init
                0x000000000800174c       0x50 CMakeFiles/memstest.elf.dir/Core/Src/gpio.c.obj
                0x000000000800174c                MX_GPIO_Init
 .text.huecolor
                0x000000000800179c       0x98 CMakeFiles/memstest.elf.dir/Core/Src/main.c.obj
                0x000000000800179c                huecolor
 .text.Set_LED  0x0000000008001834       0x18 CMakeFiles/memstest.elf.dir/Core/Src/main.c.obj
                0x0000000008001834                Set_LED
 .text.WS2812_Send
                0x000000000800184c       0x88 CMakeFiles/memstest.elf.dir/Core/Src/main.c.obj
                0x000000000800184c                WS2812_Send
 .text.pdm2amp  0x00000000080018d4       0x44 CMakeFiles/memstest.elf.dir/Core/Src/main.c.obj
                0x00000000080018d4                pdm2amp
 .text.pdm2amp_rec
                0x0000000008001918       0x4c CMakeFiles/memstest.elf.dir/Core/Src/main.c.obj
                0x0000000008001918                pdm2amp_rec
 .text.HAL_TIM_PWM_PulseFinishedCallback
                0x0000000008001964       0x1c CMakeFiles/memstest.elf.dir/Core/Src/main.c.obj
                0x0000000008001964                HAL_TIM_PWM_PulseFinishedCallback
 .text.HAL_SPI_RxCpltCallback
                0x0000000008001980        0x2 CMakeFiles/memstest.elf.dir/Core/Src/main.c.obj
                0x0000000008001980                HAL_SPI_RxCpltCallback
 .text.HAL_GPIO_EXTI_Rising_Callback
                0x0000000008001982        0x2 CMakeFiles/memstest.elf.dir/Core/Src/main.c.obj
                0x0000000008001982                HAL_GPIO_EXTI_Rising_Callback
 .text.HAL_GPIO_EXTI_Falling_Callback
                0x0000000008001984       0x10 CMakeFiles/memstest.elf.dir/Core/Src/main.c.obj
                0x0000000008001984                HAL_GPIO_EXTI_Falling_Callback
 .text.Error_Handler
                0x0000000008001994        0x4 CMakeFiles/memstest.elf.dir/Core/Src/main.c.obj
                0x0000000008001994                Error_Handler
 .text.SystemClock_Config
                0x0000000008001998       0xb8 CMakeFiles/memstest.elf.dir/Core/Src/main.c.obj
                0x0000000008001998                SystemClock_Config
 .text.main     0x0000000008001a50      0x21c CMakeFiles/memstest.elf.dir/Core/Src/main.c.obj
                0x0000000008001a50                main
 .text.MX_SPI1_Init
                0x0000000008001c6c       0x54 CMakeFiles/memstest.elf.dir/Core/Src/spi.c.obj
                0x0000000008001c6c                MX_SPI1_Init
 .text.HAL_SPI_MspInit
                0x0000000008001cc0       0xa8 CMakeFiles/memstest.elf.dir/Core/Src/spi.c.obj
                0x0000000008001cc0                HAL_SPI_MspInit
 .text.HAL_SPI_MspDeInit
                0x0000000008001d68       0x3c CMakeFiles/memstest.elf.dir/Core/Src/spi.c.obj
                0x0000000008001d68                HAL_SPI_MspDeInit
 .text.HAL_MspInit
                0x0000000008001da4       0x30 CMakeFiles/memstest.elf.dir/Core/Src/stm32g0xx_hal_msp.c.obj
                0x0000000008001da4                HAL_MspInit
 .text.NMI_Handler
                0x0000000008001dd4        0x2 CMakeFiles/memstest.elf.dir/Core/Src/stm32g0xx_it.c.obj
                0x0000000008001dd4                NMI_Handler
 .text.HardFault_Handler
                0x0000000008001dd6        0x2 CMakeFiles/memstest.elf.dir/Core/Src/stm32g0xx_it.c.obj
                0x0000000008001dd6                HardFault_Handler
 .text.SVC_Handler
                0x0000000008001dd8        0x2 CMakeFiles/memstest.elf.dir/Core/Src/stm32g0xx_it.c.obj
                0x0000000008001dd8                SVC_Handler
 .text.PendSV_Handler
                0x0000000008001dda        0x2 CMakeFiles/memstest.elf.dir/Core/Src/stm32g0xx_it.c.obj
                0x0000000008001dda                PendSV_Handler
 .text.SysTick_Handler
                0x0000000008001ddc        0x8 CMakeFiles/memstest.elf.dir/Core/Src/stm32g0xx_it.c.obj
                0x0000000008001ddc                SysTick_Handler
 .text.EXTI4_15_IRQHandler
                0x0000000008001de4       0x18 CMakeFiles/memstest.elf.dir/Core/Src/stm32g0xx_it.c.obj
                0x0000000008001de4                EXTI4_15_IRQHandler
 .text.DMA1_Channel1_IRQHandler
                0x0000000008001dfc       0x10 CMakeFiles/memstest.elf.dir/Core/Src/stm32g0xx_it.c.obj
                0x0000000008001dfc                DMA1_Channel1_IRQHandler
 .text.DMA1_Channel2_3_IRQHandler
                0x0000000008001e0c       0x10 CMakeFiles/memstest.elf.dir/Core/Src/stm32g0xx_it.c.obj
                0x0000000008001e0c                DMA1_Channel2_3_IRQHandler
 .text.SPI1_IRQHandler
                0x0000000008001e1c       0x10 CMakeFiles/memstest.elf.dir/Core/Src/stm32g0xx_it.c.obj
                0x0000000008001e1c                SPI1_IRQHandler
 .text.SystemInit
                0x0000000008001e2c        0x2 CMakeFiles/memstest.elf.dir/Core/Src/system_stm32g0xx.c.obj
                0x0000000008001e2c                SystemInit
 *fill*         0x0000000008001e2e        0x2 
 .text.HAL_TIM_Base_MspInit
                0x0000000008001e30       0x74 CMakeFiles/memstest.elf.dir/Core/Src/tim.c.obj
                0x0000000008001e30                HAL_TIM_Base_MspInit
 .text.HAL_TIM_MspPostInit
                0x0000000008001ea4       0x50 CMakeFiles/memstest.elf.dir/Core/Src/tim.c.obj
                0x0000000008001ea4                HAL_TIM_MspPostInit
 .text.MX_TIM1_Init
                0x0000000008001ef4      0x114 CMakeFiles/memstest.elf.dir/Core/Src/tim.c.obj
                0x0000000008001ef4                MX_TIM1_Init
 .text.Reset_Handler
                0x0000000008002008       0x50 CMakeFiles/memstest.elf.dir/Core/Startup/startup_stm32g030f6px.s.obj
                0x0000000008002008                Reset_Handler
 .text.Default_Handler
                0x0000000008002058        0x2 CMakeFiles/memstest.elf.dir/Core/Startup/startup_stm32g030f6px.s.obj
                0x0000000008002058                TIM1_BRK_UP_TRG_COM_IRQHandler
                0x0000000008002058                I2C1_IRQHandler
                0x0000000008002058                RTC_TAMP_IRQHandler
                0x0000000008002058                DMA1_Ch4_5_DMAMUX1_OVR_IRQHandler
                0x0000000008002058                EXTI2_3_IRQHandler
                0x0000000008002058                ADC1_IRQHandler
                0x0000000008002058                I2C2_IRQHandler
                0x0000000008002058                TIM17_IRQHandler
                0x0000000008002058                TIM16_IRQHandler
                0x0000000008002058                TIM3_IRQHandler
                0x0000000008002058                RCC_IRQHandler
                0x0000000008002058                Default_Handler
                0x0000000008002058                TIM14_IRQHandler
                0x0000000008002058                EXTI0_1_IRQHandler
                0x0000000008002058                SPI2_IRQHandler
                0x0000000008002058                WWDG_IRQHandler
                0x0000000008002058                USART2_IRQHandler
                0x0000000008002058                FLASH_IRQHandler
                0x0000000008002058                USART1_IRQHandler
                0x0000000008002058                TIM1_CC_IRQHandler
 *fill*         0x000000000800205a        0x2 
 .text.HAL_InitTick
                0x000000000800205c       0x58 CMakeFiles/memstest.elf.dir/Drivers/STM32G0xx_HAL_Driver/Src/stm32g0xx_hal.c.obj
                0x000000000800205c                HAL_InitTick
 .text.HAL_Init
                0x00000000080020b4       0x28 CMakeFiles/memstest.elf.dir/Drivers/STM32G0xx_HAL_Driver/Src/stm32g0xx_hal.c.obj
                0x00000000080020b4                HAL_Init
 .text.HAL_IncTick
                0x00000000080020dc       0x18 CMakeFiles/memstest.elf.dir/Drivers/STM32G0xx_HAL_Driver/Src/stm32g0xx_hal.c.obj
                0x00000000080020dc                HAL_IncTick
 .text.HAL_GetTick
                0x00000000080020f4        0xc CMakeFiles/memstest.elf.dir/Drivers/STM32G0xx_HAL_Driver/Src/stm32g0xx_hal.c.obj
                0x00000000080020f4                HAL_GetTick
 .text.HAL_NVIC_SetPriority
                0x0000000008002100       0x60 CMakeFiles/memstest.elf.dir/Drivers/STM32G0xx_HAL_Driver/Src/stm32g0xx_hal_cortex.c.obj
                0x0000000008002100                HAL_NVIC_SetPriority
 .text.HAL_NVIC_EnableIRQ
                0x0000000008002160       0x18 CMakeFiles/memstest.elf.dir/Drivers/STM32G0xx_HAL_Driver/Src/stm32g0xx_hal_cortex.c.obj
                0x0000000008002160                HAL_NVIC_EnableIRQ
 .text.HAL_NVIC_DisableIRQ
                0x0000000008002178       0x20 CMakeFiles/memstest.elf.dir/Drivers/STM32G0xx_HAL_Driver/Src/stm32g0xx_hal_cortex.c.obj
                0x0000000008002178                HAL_NVIC_DisableIRQ
 .text.HAL_SYSTICK_Config
                0x0000000008002198       0x38 CMakeFiles/memstest.elf.dir/Drivers/STM32G0xx_HAL_Driver/Src/stm32g0xx_hal_cortex.c.obj
                0x0000000008002198                HAL_SYSTICK_Config
 .text.DMA_SetConfig
                0x00000000080021d0       0x48 CMakeFiles/memstest.elf.dir/Drivers/STM32G0xx_HAL_Driver/Src/stm32g0xx_hal_dma.c.obj
 .text.DMA_CalcDMAMUXChannelBaseAndMask
                0x0000000008002218       0x38 CMakeFiles/memstest.elf.dir/Drivers/STM32G0xx_HAL_Driver/Src/stm32g0xx_hal_dma.c.obj
 .text.DMA_CalcDMAMUXRequestGenBaseAndMask
                0x0000000008002250       0x28 CMakeFiles/memstest.elf.dir/Drivers/STM32G0xx_HAL_Driver/Src/stm32g0xx_hal_dma.c.obj
 .text.HAL_DMA_Init
                0x0000000008002278       0xb0 CMakeFiles/memstest.elf.dir/Drivers/STM32G0xx_HAL_Driver/Src/stm32g0xx_hal_dma.c.obj
                0x0000000008002278                HAL_DMA_Init
 .text.HAL_DMA_DeInit
                0x0000000008002328       0x8c CMakeFiles/memstest.elf.dir/Drivers/STM32G0xx_HAL_Driver/Src/stm32g0xx_hal_dma.c.obj
                0x0000000008002328                HAL_DMA_DeInit
 .text.HAL_DMA_Start_IT
                0x00000000080023b4       0x9c CMakeFiles/memstest.elf.dir/Drivers/STM32G0xx_HAL_Driver/Src/stm32g0xx_hal_dma.c.obj
                0x00000000080023b4                HAL_DMA_Start_IT
 .text.HAL_DMA_Abort_IT
                0x0000000008002450       0x80 CMakeFiles/memstest.elf.dir/Drivers/STM32G0xx_HAL_Driver/Src/stm32g0xx_hal_dma.c.obj
                0x0000000008002450                HAL_DMA_Abort_IT
 .text.HAL_DMA_IRQHandler
                0x00000000080024d0       0xcc CMakeFiles/memstest.elf.dir/Drivers/STM32G0xx_HAL_Driver/Src/stm32g0xx_hal_dma.c.obj
                0x00000000080024d0                HAL_DMA_IRQHandler
 .text.HAL_GPIO_Init
                0x000000000800259c      0x178 CMakeFiles/memstest.elf.dir/Drivers/STM32G0xx_HAL_Driver/Src/stm32g0xx_hal_gpio.c.obj
                0x000000000800259c                HAL_GPIO_Init
 .text.HAL_GPIO_DeInit
                0x0000000008002714      0x104 CMakeFiles/memstest.elf.dir/Drivers/STM32G0xx_HAL_Driver/Src/stm32g0xx_hal_gpio.c.obj
                0x0000000008002714                HAL_GPIO_DeInit
 .text.HAL_GPIO_EXTI_IRQHandler
                0x0000000008002818       0x30 CMakeFiles/memstest.elf.dir/Drivers/STM32G0xx_HAL_Driver/Src/stm32g0xx_hal_gpio.c.obj
                0x0000000008002818                HAL_GPIO_EXTI_IRQHandler
 .text.SPI_WaitFlagStateUntilTimeout
                0x0000000008002848       0xe8 CMakeFiles/memstest.elf.dir/Drivers/STM32G0xx_HAL_Driver/Src/stm32g0xx_hal_spi.c.obj
 .text.SPI_WaitFifoStateUntilTimeout
                0x0000000008002930      0x114 CMakeFiles/memstest.elf.dir/Drivers/STM32G0xx_HAL_Driver/Src/stm32g0xx_hal_spi.c.obj
 .text.SPI_EndRxTxTransaction
                0x0000000008002a44       0x68 CMakeFiles/memstest.elf.dir/Drivers/STM32G0xx_HAL_Driver/Src/stm32g0xx_hal_spi.c.obj
 .text.SPI_EndRxTransaction
                0x0000000008002aac       0x90 CMakeFiles/memstest.elf.dir/Drivers/STM32G0xx_HAL_Driver/Src/stm32g0xx_hal_spi.c.obj
 .text.HAL_SPI_Init
                0x0000000008002b3c      0x104 CMakeFiles/memstest.elf.dir/Drivers/STM32G0xx_HAL_Driver/Src/stm32g0xx_hal_spi.c.obj
                0x0000000008002b3c                HAL_SPI_Init
 .text.HAL_SPI_DeInit
                0x0000000008002c40       0x2c CMakeFiles/memstest.elf.dir/Drivers/STM32G0xx_HAL_Driver/Src/stm32g0xx_hal_spi.c.obj
                0x0000000008002c40                HAL_SPI_DeInit
 .text.HAL_SPI_TransmitReceive_DMA
                0x0000000008002c6c      0x224 CMakeFiles/memstest.elf.dir/Drivers/STM32G0xx_HAL_Driver/Src/stm32g0xx_hal_spi.c.obj
                0x0000000008002c6c                HAL_SPI_TransmitReceive_DMA
 .text.HAL_SPI_Receive_DMA
                0x0000000008002e90      0x18c CMakeFiles/memstest.elf.dir/Drivers/STM32G0xx_HAL_Driver/Src/stm32g0xx_hal_spi.c.obj
                0x0000000008002e90                HAL_SPI_Receive_DMA
 .text.HAL_SPI_TxRxCpltCallback
                0x000000000800301c        0x2 CMakeFiles/memstest.elf.dir/Drivers/STM32G0xx_HAL_Driver/Src/stm32g0xx_hal_spi.c.obj
                0x000000000800301c                HAL_SPI_TxRxCpltCallback
 .text.HAL_SPI_RxHalfCpltCallback
                0x000000000800301e        0x2 CMakeFiles/memstest.elf.dir/Drivers/STM32G0xx_HAL_Driver/Src/stm32g0xx_hal_spi.c.obj
                0x000000000800301e                HAL_SPI_RxHalfCpltCallback
 .text.SPI_DMAHalfReceiveCplt
                0x0000000008003020        0xa CMakeFiles/memstest.elf.dir/Drivers/STM32G0xx_HAL_Driver/Src/stm32g0xx_hal_spi.c.obj
 .text.HAL_SPI_TxRxHalfCpltCallback
                0x000000000800302a        0x2 CMakeFiles/memstest.elf.dir/Drivers/STM32G0xx_HAL_Driver/Src/stm32g0xx_hal_spi.c.obj
                0x000000000800302a                HAL_SPI_TxRxHalfCpltCallback
 .text.SPI_DMAHalfTransmitReceiveCplt
                0x000000000800302c        0xa CMakeFiles/memstest.elf.dir/Drivers/STM32G0xx_HAL_Driver/Src/stm32g0xx_hal_spi.c.obj
 .text.HAL_SPI_ErrorCallback
                0x0000000008003036        0x2 CMakeFiles/memstest.elf.dir/Drivers/STM32G0xx_HAL_Driver/Src/stm32g0xx_hal_spi.c.obj
                0x0000000008003036                HAL_SPI_ErrorCallback
 .text.SPI_DMAError
                0x0000000008003038       0x22 CMakeFiles/memstest.elf.dir/Drivers/STM32G0xx_HAL_Driver/Src/stm32g0xx_hal_spi.c.obj
 .text.SPI_DMAReceiveCplt
                0x000000000800305a       0x76 CMakeFiles/memstest.elf.dir/Drivers/STM32G0xx_HAL_Driver/Src/stm32g0xx_hal_spi.c.obj
 .text.SPI_DMATransmitReceiveCplt
                0x00000000080030d0       0x60 CMakeFiles/memstest.elf.dir/Drivers/STM32G0xx_HAL_Driver/Src/stm32g0xx_hal_spi.c.obj
 .text.HAL_SPI_IRQHandler
                0x0000000008003130      0x124 CMakeFiles/memstest.elf.dir/Drivers/STM32G0xx_HAL_Driver/Src/stm32g0xx_hal_spi.c.obj
                0x0000000008003130                HAL_SPI_IRQHandler
 .text.SPI_DMAAbortOnError
                0x0000000008003254       0x12 CMakeFiles/memstest.elf.dir/Drivers/STM32G0xx_HAL_Driver/Src/stm32g0xx_hal_spi.c.obj
 *fill*         0x0000000008003266        0x2 
 .text.TIM_OC1_SetConfig
                0x0000000008003268       0x7c CMakeFiles/memstest.elf.dir/Drivers/STM32G0xx_HAL_Driver/Src/stm32g0xx_hal_tim.c.obj
 .text.TIM_OC3_SetConfig
                0x00000000080032e4       0x8c CMakeFiles/memstest.elf.dir/Drivers/STM32G0xx_HAL_Driver/Src/stm32g0xx_hal_tim.c.obj
 .text.TIM_OC4_SetConfig
                0x0000000008003370       0x68 CMakeFiles/memstest.elf.dir/Drivers/STM32G0xx_HAL_Driver/Src/stm32g0xx_hal_tim.c.obj
 .text.TIM_OC5_SetConfig
                0x00000000080033d8       0x64 CMakeFiles/memstest.elf.dir/Drivers/STM32G0xx_HAL_Driver/Src/stm32g0xx_hal_tim.c.obj
 .text.TIM_OC6_SetConfig
                0x000000000800343c       0x68 CMakeFiles/memstest.elf.dir/Drivers/STM32G0xx_HAL_Driver/Src/stm32g0xx_hal_tim.c.obj
 .text.TIM_TI1_ConfigInputStage
                0x00000000080034a4       0x22 CMakeFiles/memstest.elf.dir/Drivers/STM32G0xx_HAL_Driver/Src/stm32g0xx_hal_tim.c.obj
 *fill*         0x00000000080034c6        0x2 
 .text.TIM_TI2_ConfigInputStage
                0x00000000080034c8       0x28 CMakeFiles/memstest.elf.dir/Drivers/STM32G0xx_HAL_Driver/Src/stm32g0xx_hal_tim.c.obj
 .text.TIM_ITRx_SetConfig
                0x00000000080034f0       0x14 CMakeFiles/memstest.elf.dir/Drivers/STM32G0xx_HAL_Driver/Src/stm32g0xx_hal_tim.c.obj
 .text.HAL_TIM_PWM_MspInit
                0x0000000008003504        0x2 CMakeFiles/memstest.elf.dir/Drivers/STM32G0xx_HAL_Driver/Src/stm32g0xx_hal_tim.c.obj
                0x0000000008003504                HAL_TIM_PWM_MspInit
 .text.TIM_DMADelayPulseCplt
                0x0000000008003506       0x70 CMakeFiles/memstest.elf.dir/Drivers/STM32G0xx_HAL_Driver/Src/stm32g0xx_hal_tim.c.obj
 .text.HAL_TIM_PWM_PulseFinishedHalfCpltCallback
                0x0000000008003576        0x2 CMakeFiles/memstest.elf.dir/Drivers/STM32G0xx_HAL_Driver/Src/stm32g0xx_hal_tim.c.obj
                0x0000000008003576                HAL_TIM_PWM_PulseFinishedHalfCpltCallback
 .text.TIM_DMADelayPulseHalfCplt
                0x0000000008003578       0x3e CMakeFiles/memstest.elf.dir/Drivers/STM32G0xx_HAL_Driver/Src/stm32g0xx_hal_tim.c.obj
                0x0000000008003578                TIM_DMADelayPulseHalfCplt
 .text.HAL_TIM_ErrorCallback
                0x00000000080035b6        0x2 CMakeFiles/memstest.elf.dir/Drivers/STM32G0xx_HAL_Driver/Src/stm32g0xx_hal_tim.c.obj
                0x00000000080035b6                HAL_TIM_ErrorCallback
 .text.TIM_DMAError
                0x00000000080035b8       0x5c CMakeFiles/memstest.elf.dir/Drivers/STM32G0xx_HAL_Driver/Src/stm32g0xx_hal_tim.c.obj
                0x00000000080035b8                TIM_DMAError
 .text.TIM_Base_SetConfig
                0x0000000008003614       0x84 CMakeFiles/memstest.elf.dir/Drivers/STM32G0xx_HAL_Driver/Src/stm32g0xx_hal_tim.c.obj
                0x0000000008003614                TIM_Base_SetConfig
 .text.HAL_TIM_Base_Init
                0x0000000008003698       0x60 CMakeFiles/memstest.elf.dir/Drivers/STM32G0xx_HAL_Driver/Src/stm32g0xx_hal_tim.c.obj
                0x0000000008003698                HAL_TIM_Base_Init
 .text.HAL_TIM_PWM_Init
                0x00000000080036f8       0x60 CMakeFiles/memstest.elf.dir/Drivers/STM32G0xx_HAL_Driver/Src/stm32g0xx_hal_tim.c.obj
                0x00000000080036f8                HAL_TIM_PWM_Init
 .text.TIM_OC2_SetConfig
                0x0000000008003758       0x80 CMakeFiles/memstest.elf.dir/Drivers/STM32G0xx_HAL_Driver/Src/stm32g0xx_hal_tim.c.obj
                0x0000000008003758                TIM_OC2_SetConfig
 .text.HAL_TIM_PWM_ConfigChannel
                0x00000000080037d8      0x144 CMakeFiles/memstest.elf.dir/Drivers/STM32G0xx_HAL_Driver/Src/stm32g0xx_hal_tim.c.obj
                0x00000000080037d8                HAL_TIM_PWM_ConfigChannel
 .text.TIM_ETR_SetConfig
                0x000000000800391c       0x18 CMakeFiles/memstest.elf.dir/Drivers/STM32G0xx_HAL_Driver/Src/stm32g0xx_hal_tim.c.obj
                0x000000000800391c                TIM_ETR_SetConfig
 .text.HAL_TIM_ConfigClockSource
                0x0000000008003934      0x108 CMakeFiles/memstest.elf.dir/Drivers/STM32G0xx_HAL_Driver/Src/stm32g0xx_hal_tim.c.obj
                0x0000000008003934                HAL_TIM_ConfigClockSource
 .text.TIM_CCxChannelCmd
                0x0000000008003a3c       0x1a CMakeFiles/memstest.elf.dir/Drivers/STM32G0xx_HAL_Driver/Src/stm32g0xx_hal_tim.c.obj
                0x0000000008003a3c                TIM_CCxChannelCmd
 *fill*         0x0000000008003a56        0x2 
 .text.HAL_TIM_PWM_Start_DMA
                0x0000000008003a58      0x2b0 CMakeFiles/memstest.elf.dir/Drivers/STM32G0xx_HAL_Driver/Src/stm32g0xx_hal_tim.c.obj
                0x0000000008003a58                HAL_TIM_PWM_Start_DMA
 .text.HAL_TIM_PWM_Stop_DMA
                0x0000000008003d08      0x130 CMakeFiles/memstest.elf.dir/Drivers/STM32G0xx_HAL_Driver/Src/stm32g0xx_hal_tim.c.obj
                0x0000000008003d08                HAL_TIM_PWM_Stop_DMA
 .text.HAL_TIMEx_MasterConfigSynchronization
                0x0000000008003e38       0x70 CMakeFiles/memstest.elf.dir/Drivers/STM32G0xx_HAL_Driver/Src/stm32g0xx_hal_tim_ex.c.obj
                0x0000000008003e38                HAL_TIMEx_MasterConfigSynchronization
 .text.HAL_TIMEx_ConfigBreakDeadTime
                0x0000000008003ea8       0xcc CMakeFiles/memstest.elf.dir/Drivers/STM32G0xx_HAL_Driver/Src/stm32g0xx_hal_tim_ex.c.obj
                0x0000000008003ea8                HAL_TIMEx_ConfigBreakDeadTime
 .text.LL_SetSystemCoreClock
                0x0000000008003f74        0xc CMakeFiles/memstest.elf.dir/Drivers/STM32G0xx_HAL_Driver/Src/stm32g0xx_ll_utils.c.obj
                0x0000000008003f74                LL_SetSystemCoreClock
 .text.__libc_init_array
                0x0000000008003f80       0x44 /usr/local/Cellar/arm-none-eabi-gcc/10.3-2021.07/gcc/bin/../lib/gcc/arm-none-eabi/10.3.1/../../../../arm-none-eabi/lib/thumb/v6-m/nofp/libg.a(lib_a-init.o)
                0x0000000008003f80                __libc_init_array
 .text.memset   0x0000000008003fc4       0xa8 /usr/local/Cellar/arm-none-eabi-gcc/10.3-2021.07/gcc/bin/../lib/gcc/arm-none-eabi/10.3.1/../../../../arm-none-eabi/lib/thumb/v6-m/nofp/libg.a(lib_a-memset.o)
                0x0000000008003fc4                memset
 .text.startup.register_fini
                0x000000000800406c       0x18 /usr/local/Cellar/arm-none-eabi-gcc/10.3-2021.07/gcc/bin/../lib/gcc/arm-none-eabi/10.3.1/../../../../arm-none-eabi/lib/thumb/v6-m/nofp/libg.a(lib_a-__call_atexit.o)
 .text.atexit   0x0000000008004084       0x10 /usr/local/Cellar/arm-none-eabi-gcc/10.3-2021.07/gcc/bin/../lib/gcc/arm-none-eabi/10.3.1/../../../../arm-none-eabi/lib/thumb/v6-m/nofp/libg.a(lib_a-atexit.o)
                0x0000000008004084                atexit
 .text.__libc_fini_array
                0x0000000008004094       0x28 /usr/local/Cellar/arm-none-eabi-gcc/10.3-2021.07/gcc/bin/../lib/gcc/arm-none-eabi/10.3.1/../../../../arm-none-eabi/lib/thumb/v6-m/nofp/libg.a(lib_a-fini.o)
                0x0000000008004094                __libc_fini_array
 .text.__retarget_lock_acquire_recursive
                0x00000000080040bc        0x4 /usr/local/Cellar/arm-none-eabi-gcc/10.3-2021.07/gcc/bin/../lib/gcc/arm-none-eabi/10.3.1/../../../../arm-none-eabi/lib/thumb/v6-m/nofp/libg.a(lib_a-lock.o)
                0x00000000080040bc                __retarget_lock_acquire_recursive
 .text.__retarget_lock_release_recursive
                0x00000000080040c0        0x4 /usr/local/Cellar/arm-none-eabi-gcc/10.3-2021.07/gcc/bin/../lib/gcc/arm-none-eabi/10.3.1/../../../../arm-none-eabi/lib/thumb/v6-m/nofp/libg.a(lib_a-lock.o)
                0x00000000080040c0                __retarget_lock_release_recursive
 .text.__register_exitproc
                0x00000000080040c4       0xac /usr/local/Cellar/arm-none-eabi-gcc/10.3-2021.07/gcc/bin/../lib/gcc/arm-none-eabi/10.3.1/../../../../arm-none-eabi/lib/thumb/v6-m/nofp/libg.a(lib_a-__atexit.o)
                0x00000000080040c4                __register_exitproc
 *(.glue_7)
 .glue_7        0x0000000008004170        0x0 linker stubs
 *(.glue_7t)
 .glue_7t       0x0000000008004170        0x0 linker stubs
 *(.eh_frame)
 .eh_frame      0x0000000008004170        0x0 /usr/local/Cellar/arm-none-eabi-gcc/10.3-2021.07/gcc/bin/../lib/gcc/arm-none-eabi/10.3.1/thumb/v6-m/nofp/crtbegin.o
 *(.init)
 .init          0x0000000008004170        0x4 /usr/local/Cellar/arm-none-eabi-gcc/10.3-2021.07/gcc/bin/../lib/gcc/arm-none-eabi/10.3.1/thumb/v6-m/nofp/crti.o
                0x0000000008004170                _init
 .init          0x0000000008004174        0x8 /usr/local/Cellar/arm-none-eabi-gcc/10.3-2021.07/gcc/bin/../lib/gcc/arm-none-eabi/10.3.1/thumb/v6-m/nofp/crtn.o
 *(.fini)
 .fini          0x000000000800417c        0x4 /usr/local/Cellar/arm-none-eabi-gcc/10.3-2021.07/gcc/bin/../lib/gcc/arm-none-eabi/10.3.1/thumb/v6-m/nofp/crti.o
                0x000000000800417c                _fini
 .fini          0x0000000008004180        0x8 /usr/local/Cellar/arm-none-eabi-gcc/10.3-2021.07/gcc/bin/../lib/gcc/arm-none-eabi/10.3.1/thumb/v6-m/nofp/crtn.o
                0x0000000008004188                . = ALIGN (0x4)
                0x0000000008004188                _etext = .

.vfp11_veneer   0x0000000008004188        0x0
 .vfp11_veneer  0x0000000008004188        0x0 linker stubs

.v4_bx          0x0000000008004188        0x0
 .v4_bx         0x0000000008004188        0x0 linker stubs

.iplt           0x0000000008004188        0x0
 .iplt          0x0000000008004188        0x0 /usr/local/Cellar/arm-none-eabi-gcc/10.3-2021.07/gcc/bin/../lib/gcc/arm-none-eabi/10.3.1/thumb/v6-m/nofp/crtbegin.o

.rodata         0x0000000008004188       0xf0
                0x0000000008004188                . = ALIGN (0x4)
 *(.rodata)
 .rodata        0x0000000008004188       0x40 /usr/local/Cellar/arm-none-eabi-gcc/10.3-2021.07/gcc/bin/../lib/gcc/arm-none-eabi/10.3.1/thumb/v6-m/nofp/libgcc.a(divdf3.o)
 .rodata        0x00000000080041c8       0x40 /usr/local/Cellar/arm-none-eabi-gcc/10.3-2021.07/gcc/bin/../lib/gcc/arm-none-eabi/10.3.1/thumb/v6-m/nofp/libgcc.a(muldf3.o)
 *(.rodata*)
 .rodata.huecolor
                0x0000000008004208       0x18 CMakeFiles/memstest.elf.dir/Core/Src/main.c.obj
 .rodata.HAL_TIM_PWM_ConfigChannel
                0x0000000008004220       0x54 CMakeFiles/memstest.elf.dir/Drivers/STM32G0xx_HAL_Driver/Src/stm32g0xx_hal_tim.c.obj
 .rodata._global_impure_ptr
                0x0000000008004274        0x4 /usr/local/Cellar/arm-none-eabi-gcc/10.3-2021.07/gcc/bin/../lib/gcc/arm-none-eabi/10.3.1/../../../../arm-none-eabi/lib/thumb/v6-m/nofp/libg.a(lib_a-impure.o)
                0x0000000008004274                _global_impure_ptr
                0x0000000008004278                . = ALIGN (0x4)

.rel.dyn        0x0000000008004278        0x0
 .rel.iplt      0x0000000008004278        0x0 /usr/local/Cellar/arm-none-eabi-gcc/10.3-2021.07/gcc/bin/../lib/gcc/arm-none-eabi/10.3.1/thumb/v6-m/nofp/crtbegin.o

.ARM.extab      0x0000000008004278        0x0
                0x0000000008004278                . = ALIGN (0x4)
 *(.ARM.extab* .gnu.linkonce.armextab.*)
                0x0000000008004278                . = ALIGN (0x4)

.ARM            0x0000000008004278        0x0
                0x0000000008004278                . = ALIGN (0x4)
                0x0000000008004278                __exidx_start = .
 *(.ARM.exidx*)
                0x0000000008004278                __exidx_end = .
                0x0000000008004278                . = ALIGN (0x4)

.preinit_array  0x0000000008004278        0x0
                0x0000000008004278                . = ALIGN (0x4)
                0x0000000008004278                PROVIDE (__preinit_array_start = .)
 *(.preinit_array*)
                0x0000000008004278                PROVIDE (__preinit_array_end = .)
                0x0000000008004278                . = ALIGN (0x4)

.init_array     0x0000000008004278        0x8
                0x0000000008004278                . = ALIGN (0x4)
                0x0000000008004278                PROVIDE (__init_array_start = .)
 *(SORT_BY_NAME(.init_array.*))
 .init_array.00000
                0x0000000008004278        0x4 /usr/local/Cellar/arm-none-eabi-gcc/10.3-2021.07/gcc/bin/../lib/gcc/arm-none-eabi/10.3.1/../../../../arm-none-eabi/lib/thumb/v6-m/nofp/libg.a(lib_a-__call_atexit.o)
 *(.init_array*)
 .init_array    0x000000000800427c        0x4 /usr/local/Cellar/arm-none-eabi-gcc/10.3-2021.07/gcc/bin/../lib/gcc/arm-none-eabi/10.3.1/thumb/v6-m/nofp/crtbegin.o
                0x0000000008004280                PROVIDE (__init_array_end = .)
                0x0000000008004280                . = ALIGN (0x4)

.fini_array     0x0000000008004280        0x4
                0x0000000008004280                . = ALIGN (0x4)
                0x0000000008004280                PROVIDE (__fini_array_start = .)
 *(SORT_BY_NAME(.fini_array.*))
 *(.fini_array*)
 .fini_array    0x0000000008004280        0x4 /usr/local/Cellar/arm-none-eabi-gcc/10.3-2021.07/gcc/bin/../lib/gcc/arm-none-eabi/10.3.1/thumb/v6-m/nofp/crtbegin.o
                0x0000000008004284                PROVIDE (__fini_array_end = .)
                0x0000000008004284                . = ALIGN (0x4)
                0x0000000008004284                _sidata = LOADADDR (.data)

.data           0x0000000020000000      0x43c load address 0x0000000008004284
                0x0000000020000000                . = ALIGN (0x4)
                0x0000000020000000                _sdata = .
 *(.data)
 *(.data*)
 .data.SystemCoreClock
                0x0000000020000000        0x4 CMakeFiles/memstest.elf.dir/Core/Src/system_stm32g0xx.c.obj
                0x0000000020000000                SystemCoreClock
 .data.uwTickFreq
                0x0000000020000004        0x1 CMakeFiles/memstest.elf.dir/Drivers/STM32G0xx_HAL_Driver/Src/stm32g0xx_hal.c.obj
                0x0000000020000004                uwTickFreq
 *fill*         0x0000000020000005        0x3 
 .data.uwTickPrio
                0x0000000020000008        0x4 CMakeFiles/memstest.elf.dir/Drivers/STM32G0xx_HAL_Driver/Src/stm32g0xx_hal.c.obj
                0x0000000020000008                uwTickPrio
 *fill*         0x000000002000000c        0x4 
 .data.impure_data
                0x0000000020000010      0x428 /usr/local/Cellar/arm-none-eabi-gcc/10.3-2021.07/gcc/bin/../lib/gcc/arm-none-eabi/10.3.1/../../../../arm-none-eabi/lib/thumb/v6-m/nofp/libg.a(lib_a-impure.o)
 .data.__atexit_recursive_mutex
                0x0000000020000438        0x4 /usr/local/Cellar/arm-none-eabi-gcc/10.3-2021.07/gcc/bin/../lib/gcc/arm-none-eabi/10.3.1/../../../../arm-none-eabi/lib/thumb/v6-m/nofp/libg.a(lib_a-__call_atexit.o)
                0x0000000020000438                __atexit_recursive_mutex
 *(.RamFunc)
 *(.RamFunc*)
                0x000000002000043c                . = ALIGN (0x4)
                0x000000002000043c                _edata = .

.igot.plt       0x000000002000043c        0x0 load address 0x00000000080046c0
 .igot.plt      0x000000002000043c        0x0 /usr/local/Cellar/arm-none-eabi-gcc/10.3-2021.07/gcc/bin/../lib/gcc/arm-none-eabi/10.3.1/thumb/v6-m/nofp/crtbegin.o
                0x000000002000043c                . = ALIGN (0x4)

.bss            0x000000002000043c      0x76c load address 0x00000000080046c0
                0x000000002000043c                _sbss = .
                0x000000002000043c                __bss_start__ = _sbss
 *(.bss)
 .bss           0x000000002000043c       0x1c /usr/local/Cellar/arm-none-eabi-gcc/10.3-2021.07/gcc/bin/../lib/gcc/arm-none-eabi/10.3.1/thumb/v6-m/nofp/crtbegin.o
 *(.bss*)
 .bss.LED_Data  0x0000000020000458       0x44 CMakeFiles/memstest.elf.dir/Core/Src/main.c.obj
                0x0000000020000458                LED_Data
 .bss.datasentflag
                0x000000002000049c        0x1 CMakeFiles/memstest.elf.dir/Core/Src/main.c.obj
                0x000000002000049c                datasentflag
 *fill*         0x000000002000049d        0x3 
 .bss.pwmData   0x00000000200004a0      0x394 CMakeFiles/memstest.elf.dir/Core/Src/main.c.obj
                0x00000000200004a0                pwmData
 .bss.r         0x0000000020000834      0x200 CMakeFiles/memstest.elf.dir/Core/Src/main.c.obj
                0x0000000020000834                r
 .bss.sys_state
                0x0000000020000a34        0x4 CMakeFiles/memstest.elf.dir/Core/Src/main.c.obj
                0x0000000020000a34                sys_state
 .bss.hdma_spi1_rx
                0x0000000020000a38       0x5c CMakeFiles/memstest.elf.dir/Core/Src/spi.c.obj
                0x0000000020000a38                hdma_spi1_rx
 .bss.hspi1     0x0000000020000a94       0x64 CMakeFiles/memstest.elf.dir/Core/Src/spi.c.obj
                0x0000000020000a94                hspi1
 .bss.hdma_tim1_ch1
                0x0000000020000af8       0x5c CMakeFiles/memstest.elf.dir/Core/Src/tim.c.obj
                0x0000000020000af8                hdma_tim1_ch1
 .bss.htim1     0x0000000020000b54       0x4c CMakeFiles/memstest.elf.dir/Core/Src/tim.c.obj
                0x0000000020000b54                htim1
 .bss.uwTick    0x0000000020000ba0        0x4 CMakeFiles/memstest.elf.dir/Drivers/STM32G0xx_HAL_Driver/Src/stm32g0xx_hal.c.obj
                0x0000000020000ba0                uwTick
 .bss.__lock___atexit_recursive_mutex
                0x0000000020000ba4        0x1 /usr/local/Cellar/arm-none-eabi-gcc/10.3-2021.07/gcc/bin/../lib/gcc/arm-none-eabi/10.3.1/../../../../arm-none-eabi/lib/thumb/v6-m/nofp/libg.a(lib_a-lock.o)
                0x0000000020000ba4                __lock___atexit_recursive_mutex
 *(COMMON)
                0x0000000020000ba8                . = ALIGN (0x4)
 *fill*         0x0000000020000ba5        0x3 
                0x0000000020000ba8                _ebss = .
                0x0000000020000ba8                __bss_end__ = _ebss

._user_heap_stack
                0x0000000020000ba8      0x600 load address 0x00000000080046c0
                0x0000000020000ba8                . = ALIGN (0x8)
                [!provide]                        PROVIDE (end = .)
                0x0000000020000ba8                PROVIDE (_end = .)
                0x0000000020000da8                . = (. + _Min_Heap_Size)
 *fill*         0x0000000020000ba8      0x200 
                0x00000000200011a8                . = (. + _Min_Stack_Size)
 *fill*         0x0000000020000da8      0x400 
                0x00000000200011a8                . = ALIGN (0x8)

/DISCARD/
 libc.a(*)
 libm.a(*)
 libgcc.a(*)

.ARM.attributes
                0x0000000000000000       0x28
 *(.ARM.attributes)
 .ARM.attributes
                0x0000000000000000       0x1e /usr/local/Cellar/arm-none-eabi-gcc/10.3-2021.07/gcc/bin/../lib/gcc/arm-none-eabi/10.3.1/thumb/v6-m/nofp/crti.o
 .ARM.attributes
                0x000000000000001e       0x2c /usr/local/Cellar/arm-none-eabi-gcc/10.3-2021.07/gcc/bin/../lib/gcc/arm-none-eabi/10.3.1/thumb/v6-m/nofp/crtbegin.o
 .ARM.attributes
                0x000000000000004a       0x2c CMakeFiles/memstest.elf.dir/Core/Src/dma.c.obj
 .ARM.attributes
                0x0000000000000076       0x2c CMakeFiles/memstest.elf.dir/Core/Src/gpio.c.obj
 .ARM.attributes
                0x00000000000000a2       0x2c CMakeFiles/memstest.elf.dir/Core/Src/main.c.obj
 .ARM.attributes
                0x00000000000000ce       0x2c CMakeFiles/memstest.elf.dir/Core/Src/spi.c.obj
 .ARM.attributes
                0x00000000000000fa       0x2c CMakeFiles/memstest.elf.dir/Core/Src/stm32g0xx_hal_msp.c.obj
 .ARM.attributes
                0x0000000000000126       0x2c CMakeFiles/memstest.elf.dir/Core/Src/stm32g0xx_it.c.obj
 .ARM.attributes
                0x0000000000000152       0x2c CMakeFiles/memstest.elf.dir/Core/Src/system_stm32g0xx.c.obj
 .ARM.attributes
                0x000000000000017e       0x2c CMakeFiles/memstest.elf.dir/Core/Src/tim.c.obj
 .ARM.attributes
                0x00000000000001aa       0x22 CMakeFiles/memstest.elf.dir/Core/Startup/startup_stm32g030f6px.s.obj
 .ARM.attributes
                0x00000000000001cc       0x2c CMakeFiles/memstest.elf.dir/Drivers/STM32G0xx_HAL_Driver/Src/stm32g0xx_hal.c.obj
 .ARM.attributes
                0x00000000000001f8       0x2c CMakeFiles/memstest.elf.dir/Drivers/STM32G0xx_HAL_Driver/Src/stm32g0xx_hal_cortex.c.obj
 .ARM.attributes
                0x0000000000000224       0x2c CMakeFiles/memstest.elf.dir/Drivers/STM32G0xx_HAL_Driver/Src/stm32g0xx_hal_dma.c.obj
 .ARM.attributes
                0x0000000000000250       0x2c CMakeFiles/memstest.elf.dir/Drivers/STM32G0xx_HAL_Driver/Src/stm32g0xx_hal_gpio.c.obj
 .ARM.attributes
                0x000000000000027c       0x2c CMakeFiles/memstest.elf.dir/Drivers/STM32G0xx_HAL_Driver/Src/stm32g0xx_hal_spi.c.obj
 .ARM.attributes
                0x00000000000002a8       0x2c CMakeFiles/memstest.elf.dir/Drivers/STM32G0xx_HAL_Driver/Src/stm32g0xx_hal_tim.c.obj
 .ARM.attributes
                0x00000000000002d4       0x2c CMakeFiles/memstest.elf.dir/Drivers/STM32G0xx_HAL_Driver/Src/stm32g0xx_hal_tim_ex.c.obj
 .ARM.attributes
                0x0000000000000300       0x2c CMakeFiles/memstest.elf.dir/Drivers/STM32G0xx_HAL_Driver/Src/stm32g0xx_ll_utils.c.obj
 .ARM.attributes
                0x000000000000032c       0x1e /usr/local/Cellar/arm-none-eabi-gcc/10.3-2021.07/gcc/bin/../lib/gcc/arm-none-eabi/10.3.1/thumb/v6-m/nofp/libgcc.a(_udivsi3.o)
 .ARM.attributes
                0x000000000000034a       0x1e /usr/local/Cellar/arm-none-eabi-gcc/10.3-2021.07/gcc/bin/../lib/gcc/arm-none-eabi/10.3.1/thumb/v6-m/nofp/libgcc.a(_dvmd_tls.o)
 .ARM.attributes
                0x0000000000000368       0x2c /usr/local/Cellar/arm-none-eabi-gcc/10.3-2021.07/gcc/bin/../lib/gcc/arm-none-eabi/10.3.1/thumb/v6-m/nofp/libgcc.a(fixsfsi.o)
 .ARM.attributes
                0x0000000000000394       0x2c /usr/local/Cellar/arm-none-eabi-gcc/10.3-2021.07/gcc/bin/../lib/gcc/arm-none-eabi/10.3.1/thumb/v6-m/nofp/libgcc.a(floatunsisf.o)
 .ARM.attributes
                0x00000000000003c0       0x2c /usr/local/Cellar/arm-none-eabi-gcc/10.3-2021.07/gcc/bin/../lib/gcc/arm-none-eabi/10.3.1/thumb/v6-m/nofp/libgcc.a(adddf3.o)
 .ARM.attributes
                0x00000000000003ec       0x2c /usr/local/Cellar/arm-none-eabi-gcc/10.3-2021.07/gcc/bin/../lib/gcc/arm-none-eabi/10.3.1/thumb/v6-m/nofp/libgcc.a(divdf3.o)
 .ARM.attributes
                0x0000000000000418       0x2c /usr/local/Cellar/arm-none-eabi-gcc/10.3-2021.07/gcc/bin/../lib/gcc/arm-none-eabi/10.3.1/thumb/v6-m/nofp/libgcc.a(muldf3.o)
 .ARM.attributes
                0x0000000000000444       0x2c /usr/local/Cellar/arm-none-eabi-gcc/10.3-2021.07/gcc/bin/../lib/gcc/arm-none-eabi/10.3.1/thumb/v6-m/nofp/libgcc.a(fixdfsi.o)
 .ARM.attributes
                0x0000000000000470       0x2c /usr/local/Cellar/arm-none-eabi-gcc/10.3-2021.07/gcc/bin/../lib/gcc/arm-none-eabi/10.3.1/thumb/v6-m/nofp/libgcc.a(floatsidf.o)
 .ARM.attributes
                0x000000000000049c       0x2c /usr/local/Cellar/arm-none-eabi-gcc/10.3-2021.07/gcc/bin/../lib/gcc/arm-none-eabi/10.3.1/thumb/v6-m/nofp/libgcc.a(floatunsidf.o)
 .ARM.attributes
                0x00000000000004c8       0x2c /usr/local/Cellar/arm-none-eabi-gcc/10.3-2021.07/gcc/bin/../lib/gcc/arm-none-eabi/10.3.1/thumb/v6-m/nofp/libgcc.a(extendsfdf2.o)
 .ARM.attributes
                0x00000000000004f4       0x2c /usr/local/Cellar/arm-none-eabi-gcc/10.3-2021.07/gcc/bin/../lib/gcc/arm-none-eabi/10.3.1/thumb/v6-m/nofp/libgcc.a(truncdfsf2.o)
 .ARM.attributes
                0x0000000000000520       0x1e /usr/local/Cellar/arm-none-eabi-gcc/10.3-2021.07/gcc/bin/../lib/gcc/arm-none-eabi/10.3.1/thumb/v6-m/nofp/libgcc.a(_clzsi2.o)
 .ARM.attributes
                0x000000000000053e       0x2c /usr/local/Cellar/arm-none-eabi-gcc/10.3-2021.07/gcc/bin/../lib/gcc/arm-none-eabi/10.3.1/../../../../arm-none-eabi/lib/thumb/v6-m/nofp/libg.a(lib_a-impure.o)
 .ARM.attributes
                0x000000000000056a       0x2c /usr/local/Cellar/arm-none-eabi-gcc/10.3-2021.07/gcc/bin/../lib/gcc/arm-none-eabi/10.3.1/../../../../arm-none-eabi/lib/thumb/v6-m/nofp/libg.a(lib_a-init.o)
 .ARM.attributes
                0x0000000000000596       0x2c /usr/local/Cellar/arm-none-eabi-gcc/10.3-2021.07/gcc/bin/../lib/gcc/arm-none-eabi/10.3.1/../../../../arm-none-eabi/lib/thumb/v6-m/nofp/libg.a(lib_a-memset.o)
 .ARM.attributes
                0x00000000000005c2       0x2c /usr/local/Cellar/arm-none-eabi-gcc/10.3-2021.07/gcc/bin/../lib/gcc/arm-none-eabi/10.3.1/../../../../arm-none-eabi/lib/thumb/v6-m/nofp/libg.a(lib_a-__call_atexit.o)
 .ARM.attributes
                0x00000000000005ee       0x2c /usr/local/Cellar/arm-none-eabi-gcc/10.3-2021.07/gcc/bin/../lib/gcc/arm-none-eabi/10.3.1/../../../../arm-none-eabi/lib/thumb/v6-m/nofp/libg.a(lib_a-atexit.o)
 .ARM.attributes
                0x000000000000061a       0x2c /usr/local/Cellar/arm-none-eabi-gcc/10.3-2021.07/gcc/bin/../lib/gcc/arm-none-eabi/10.3.1/../../../../arm-none-eabi/lib/thumb/v6-m/nofp/libg.a(lib_a-fini.o)
 .ARM.attributes
                0x0000000000000646       0x2c /usr/local/Cellar/arm-none-eabi-gcc/10.3-2021.07/gcc/bin/../lib/gcc/arm-none-eabi/10.3.1/../../../../arm-none-eabi/lib/thumb/v6-m/nofp/libg.a(lib_a-lock.o)
 .ARM.attributes
                0x0000000000000672       0x2c /usr/local/Cellar/arm-none-eabi-gcc/10.3-2021.07/gcc/bin/../lib/gcc/arm-none-eabi/10.3.1/../../../../arm-none-eabi/lib/thumb/v6-m/nofp/libg.a(lib_a-__atexit.o)
 .ARM.attributes
                0x000000000000069e       0x1e /usr/local/Cellar/arm-none-eabi-gcc/10.3-2021.07/gcc/bin/../lib/gcc/arm-none-eabi/10.3.1/thumb/v6-m/nofp/crtn.o
OUTPUT(memstest.elf elf32-littlearm)
LOAD linker stubs
LOAD /usr/local/Cellar/arm-none-eabi-gcc/10.3-2021.07/gcc/bin/../lib/gcc/arm-none-eabi/10.3.1/../../../../arm-none-eabi/lib/thumb/v6-m/nofp/libc.a
LOAD /usr/local/Cellar/arm-none-eabi-gcc/10.3-2021.07/gcc/bin/../lib/gcc/arm-none-eabi/10.3.1/../../../../arm-none-eabi/lib/thumb/v6-m/nofp/libm.a
LOAD /usr/local/Cellar/arm-none-eabi-gcc/10.3-2021.07/gcc/bin/../lib/gcc/arm-none-eabi/10.3.1/thumb/v6-m/nofp/libgcc.a

.debug_info     0x0000000000000000     0xff8e
 .debug_info    0x0000000000000000      0x3a8 CMakeFiles/memstest.elf.dir/Core/Src/dma.c.obj
 .debug_info    0x00000000000003a8      0x500 CMakeFiles/memstest.elf.dir/Core/Src/gpio.c.obj
 .debug_info    0x00000000000008a8     0x19f4 CMakeFiles/memstest.elf.dir/Core/Src/main.c.obj
 .debug_info    0x000000000000229c      0xc45 CMakeFiles/memstest.elf.dir/Core/Src/spi.c.obj
 .debug_info    0x0000000000002ee1      0x292 CMakeFiles/memstest.elf.dir/Core/Src/stm32g0xx_hal_msp.c.obj
 .debug_info    0x0000000000003173      0x812 CMakeFiles/memstest.elf.dir/Core/Src/stm32g0xx_it.c.obj
 .debug_info    0x0000000000003985      0x38b CMakeFiles/memstest.elf.dir/Core/Src/system_stm32g0xx.c.obj
 .debug_info    0x0000000000003d10      0xfed CMakeFiles/memstest.elf.dir/Core/Src/tim.c.obj
 .debug_info    0x0000000000004cfd       0x22 CMakeFiles/memstest.elf.dir/Core/Startup/startup_stm32g030f6px.s.obj
 .debug_info    0x0000000000004d1f      0x9cf CMakeFiles/memstest.elf.dir/Drivers/STM32G0xx_HAL_Driver/Src/stm32g0xx_hal.c.obj
 .debug_info    0x00000000000056ee      0xa31 CMakeFiles/memstest.elf.dir/Drivers/STM32G0xx_HAL_Driver/Src/stm32g0xx_hal_cortex.c.obj
 .debug_info    0x000000000000611f      0xa52 CMakeFiles/memstest.elf.dir/Drivers/STM32G0xx_HAL_Driver/Src/stm32g0xx_hal_dma.c.obj
 .debug_info    0x0000000000006b71      0x62d CMakeFiles/memstest.elf.dir/Drivers/STM32G0xx_HAL_Driver/Src/stm32g0xx_hal_gpio.c.obj
 .debug_info    0x000000000000719e     0x22a4 CMakeFiles/memstest.elf.dir/Drivers/STM32G0xx_HAL_Driver/Src/stm32g0xx_hal_spi.c.obj
 .debug_info    0x0000000000009442     0x3fe2 CMakeFiles/memstest.elf.dir/Drivers/STM32G0xx_HAL_Driver/Src/stm32g0xx_hal_tim.c.obj
 .debug_info    0x000000000000d424     0x1f47 CMakeFiles/memstest.elf.dir/Drivers/STM32G0xx_HAL_Driver/Src/stm32g0xx_hal_tim_ex.c.obj
 .debug_info    0x000000000000f36b      0xc23 CMakeFiles/memstest.elf.dir/Drivers/STM32G0xx_HAL_Driver/Src/stm32g0xx_ll_utils.c.obj

.debug_abbrev   0x0000000000000000     0x21bf
 .debug_abbrev  0x0000000000000000      0x13e CMakeFiles/memstest.elf.dir/Core/Src/dma.c.obj
 .debug_abbrev  0x000000000000013e      0x193 CMakeFiles/memstest.elf.dir/Core/Src/gpio.c.obj
 .debug_abbrev  0x00000000000002d1      0x395 CMakeFiles/memstest.elf.dir/Core/Src/main.c.obj
 .debug_abbrev  0x0000000000000666      0x218 CMakeFiles/memstest.elf.dir/Core/Src/spi.c.obj
 .debug_abbrev  0x000000000000087e       0xe9 CMakeFiles/memstest.elf.dir/Core/Src/stm32g0xx_hal_msp.c.obj
 .debug_abbrev  0x0000000000000967      0x1b3 CMakeFiles/memstest.elf.dir/Core/Src/stm32g0xx_it.c.obj
 .debug_abbrev  0x0000000000000b1a      0x142 CMakeFiles/memstest.elf.dir/Core/Src/system_stm32g0xx.c.obj
 .debug_abbrev  0x0000000000000c5c      0x222 CMakeFiles/memstest.elf.dir/Core/Src/tim.c.obj
 .debug_abbrev  0x0000000000000e7e       0x12 CMakeFiles/memstest.elf.dir/Core/Startup/startup_stm32g030f6px.s.obj
 .debug_abbrev  0x0000000000000e90      0x29c CMakeFiles/memstest.elf.dir/Drivers/STM32G0xx_HAL_Driver/Src/stm32g0xx_hal.c.obj
 .debug_abbrev  0x000000000000112c      0x2af CMakeFiles/memstest.elf.dir/Drivers/STM32G0xx_HAL_Driver/Src/stm32g0xx_hal_cortex.c.obj
 .debug_abbrev  0x00000000000013db      0x20a CMakeFiles/memstest.elf.dir/Drivers/STM32G0xx_HAL_Driver/Src/stm32g0xx_hal_dma.c.obj
 .debug_abbrev  0x00000000000015e5      0x1fd CMakeFiles/memstest.elf.dir/Drivers/STM32G0xx_HAL_Driver/Src/stm32g0xx_hal_gpio.c.obj
 .debug_abbrev  0x00000000000017e2      0x272 CMakeFiles/memstest.elf.dir/Drivers/STM32G0xx_HAL_Driver/Src/stm32g0xx_hal_spi.c.obj
 .debug_abbrev  0x0000000000001a54      0x254 CMakeFiles/memstest.elf.dir/Drivers/STM32G0xx_HAL_Driver/Src/stm32g0xx_hal_tim.c.obj
 .debug_abbrev  0x0000000000001ca8      0x26a CMakeFiles/memstest.elf.dir/Drivers/STM32G0xx_HAL_Driver/Src/stm32g0xx_hal_tim_ex.c.obj
 .debug_abbrev  0x0000000000001f12      0x2ad CMakeFiles/memstest.elf.dir/Drivers/STM32G0xx_HAL_Driver/Src/stm32g0xx_ll_utils.c.obj

.debug_aranges  0x0000000000000000      0xc20
 .debug_aranges
                0x0000000000000000       0x20 CMakeFiles/memstest.elf.dir/Core/Src/dma.c.obj
 .debug_aranges
                0x0000000000000020       0x20 CMakeFiles/memstest.elf.dir/Core/Src/gpio.c.obj
 .debug_aranges
                0x0000000000000040       0x78 CMakeFiles/memstest.elf.dir/Core/Src/main.c.obj
 .debug_aranges
                0x00000000000000b8       0x30 CMakeFiles/memstest.elf.dir/Core/Src/spi.c.obj
 .debug_aranges
                0x00000000000000e8       0x20 CMakeFiles/memstest.elf.dir/Core/Src/stm32g0xx_hal_msp.c.obj
 .debug_aranges
                0x0000000000000108       0x60 CMakeFiles/memstest.elf.dir/Core/Src/stm32g0xx_it.c.obj
 .debug_aranges
                0x0000000000000168       0x28 CMakeFiles/memstest.elf.dir/Core/Src/system_stm32g0xx.c.obj
 .debug_aranges
                0x0000000000000190       0x38 CMakeFiles/memstest.elf.dir/Core/Src/tim.c.obj
 .debug_aranges
                0x00000000000001c8       0x28 CMakeFiles/memstest.elf.dir/Core/Startup/startup_stm32g030f6px.s.obj
 .debug_aranges
                0x00000000000001f0      0x100 CMakeFiles/memstest.elf.dir/Drivers/STM32G0xx_HAL_Driver/Src/stm32g0xx_hal.c.obj
 .debug_aranges
                0x00000000000002f0       0x90 CMakeFiles/memstest.elf.dir/Drivers/STM32G0xx_HAL_Driver/Src/stm32g0xx_hal_cortex.c.obj
 .debug_aranges
                0x0000000000000380       0x90 CMakeFiles/memstest.elf.dir/Drivers/STM32G0xx_HAL_Driver/Src/stm32g0xx_hal_dma.c.obj
 .debug_aranges
                0x0000000000000410       0x60 CMakeFiles/memstest.elf.dir/Drivers/STM32G0xx_HAL_Driver/Src/stm32g0xx_hal_gpio.c.obj
 .debug_aranges
                0x0000000000000470      0x1d8 CMakeFiles/memstest.elf.dir/Drivers/STM32G0xx_HAL_Driver/Src/stm32g0xx_hal_spi.c.obj
 .debug_aranges
                0x0000000000000648      0x3e0 CMakeFiles/memstest.elf.dir/Drivers/STM32G0xx_HAL_Driver/Src/stm32g0xx_hal_tim.c.obj
 .debug_aranges
                0x0000000000000a28      0x198 CMakeFiles/memstest.elf.dir/Drivers/STM32G0xx_HAL_Driver/Src/stm32g0xx_hal_tim_ex.c.obj
 .debug_aranges
                0x0000000000000bc0       0x60 CMakeFiles/memstest.elf.dir/Drivers/STM32G0xx_HAL_Driver/Src/stm32g0xx_ll_utils.c.obj

.debug_ranges   0x0000000000000000      0xc40
 .debug_ranges  0x0000000000000000       0x10 CMakeFiles/memstest.elf.dir/Core/Src/dma.c.obj
 .debug_ranges  0x0000000000000010       0x10 CMakeFiles/memstest.elf.dir/Core/Src/gpio.c.obj
 .debug_ranges  0x0000000000000020      0x130 CMakeFiles/memstest.elf.dir/Core/Src/main.c.obj
 .debug_ranges  0x0000000000000150       0x20 CMakeFiles/memstest.elf.dir/Core/Src/spi.c.obj
 .debug_ranges  0x0000000000000170       0x10 CMakeFiles/memstest.elf.dir/Core/Src/stm32g0xx_hal_msp.c.obj
 .debug_ranges  0x0000000000000180       0x50 CMakeFiles/memstest.elf.dir/Core/Src/stm32g0xx_it.c.obj
 .debug_ranges  0x00000000000001d0       0x18 CMakeFiles/memstest.elf.dir/Core/Src/system_stm32g0xx.c.obj
 .debug_ranges  0x00000000000001e8       0x28 CMakeFiles/memstest.elf.dir/Core/Src/tim.c.obj
 .debug_ranges  0x0000000000000210       0x20 CMakeFiles/memstest.elf.dir/Core/Startup/startup_stm32g030f6px.s.obj
 .debug_ranges  0x0000000000000230       0xf0 CMakeFiles/memstest.elf.dir/Drivers/STM32G0xx_HAL_Driver/Src/stm32g0xx_hal.c.obj
 .debug_ranges  0x0000000000000320       0xe0 CMakeFiles/memstest.elf.dir/Drivers/STM32G0xx_HAL_Driver/Src/stm32g0xx_hal_cortex.c.obj
 .debug_ranges  0x0000000000000400       0x80 CMakeFiles/memstest.elf.dir/Drivers/STM32G0xx_HAL_Driver/Src/stm32g0xx_hal_dma.c.obj
 .debug_ranges  0x0000000000000480       0x50 CMakeFiles/memstest.elf.dir/Drivers/STM32G0xx_HAL_Driver/Src/stm32g0xx_hal_gpio.c.obj
 .debug_ranges  0x00000000000004d0      0x1c8 CMakeFiles/memstest.elf.dir/Drivers/STM32G0xx_HAL_Driver/Src/stm32g0xx_hal_spi.c.obj
 .debug_ranges  0x0000000000000698      0x3d0 CMakeFiles/memstest.elf.dir/Drivers/STM32G0xx_HAL_Driver/Src/stm32g0xx_hal_tim.c.obj
 .debug_ranges  0x0000000000000a68      0x188 CMakeFiles/memstest.elf.dir/Drivers/STM32G0xx_HAL_Driver/Src/stm32g0xx_hal_tim_ex.c.obj
 .debug_ranges  0x0000000000000bf0       0x50 CMakeFiles/memstest.elf.dir/Drivers/STM32G0xx_HAL_Driver/Src/stm32g0xx_ll_utils.c.obj

.debug_line     0x0000000000000000     0xe952
 .debug_line    0x0000000000000000      0x274 CMakeFiles/memstest.elf.dir/Core/Src/dma.c.obj
 .debug_line    0x0000000000000274      0x2ba CMakeFiles/memstest.elf.dir/Core/Src/gpio.c.obj
 .debug_line    0x000000000000052e      0xbf9 CMakeFiles/memstest.elf.dir/Core/Src/main.c.obj
 .debug_line    0x0000000000001127      0x4a0 CMakeFiles/memstest.elf.dir/Core/Src/spi.c.obj
 .debug_line    0x00000000000015c7      0x26b CMakeFiles/memstest.elf.dir/Core/Src/stm32g0xx_hal_msp.c.obj
 .debug_line    0x0000000000001832      0x3a1 CMakeFiles/memstest.elf.dir/Core/Src/stm32g0xx_it.c.obj
 .debug_line    0x0000000000001bd3      0x358 CMakeFiles/memstest.elf.dir/Core/Src/system_stm32g0xx.c.obj
 .debug_line    0x0000000000001f2b      0x5c4 CMakeFiles/memstest.elf.dir/Core/Src/tim.c.obj
 .debug_line    0x00000000000024ef       0xcd CMakeFiles/memstest.elf.dir/Core/Startup/startup_stm32g030f6px.s.obj
 .debug_line    0x00000000000025bc      0x6f6 CMakeFiles/memstest.elf.dir/Drivers/STM32G0xx_HAL_Driver/Src/stm32g0xx_hal.c.obj
 .debug_line    0x0000000000002cb2      0x794 CMakeFiles/memstest.elf.dir/Drivers/STM32G0xx_HAL_Driver/Src/stm32g0xx_hal_cortex.c.obj
 .debug_line    0x0000000000003446      0xbe5 CMakeFiles/memstest.elf.dir/Drivers/STM32G0xx_HAL_Driver/Src/stm32g0xx_hal_dma.c.obj
 .debug_line    0x000000000000402b      0x779 CMakeFiles/memstest.elf.dir/Drivers/STM32G0xx_HAL_Driver/Src/stm32g0xx_hal_gpio.c.obj
 .debug_line    0x00000000000047a4     0x284e CMakeFiles/memstest.elf.dir/Drivers/STM32G0xx_HAL_Driver/Src/stm32g0xx_hal_spi.c.obj
 .debug_line    0x0000000000006ff2     0x50d7 CMakeFiles/memstest.elf.dir/Drivers/STM32G0xx_HAL_Driver/Src/stm32g0xx_hal_tim.c.obj
 .debug_line    0x000000000000c0c9     0x2031 CMakeFiles/memstest.elf.dir/Drivers/STM32G0xx_HAL_Driver/Src/stm32g0xx_hal_tim_ex.c.obj
 .debug_line    0x000000000000e0fa      0x858 CMakeFiles/memstest.elf.dir/Drivers/STM32G0xx_HAL_Driver/Src/stm32g0xx_ll_utils.c.obj

.debug_str      0x0000000000000000     0x3f57
 .debug_str     0x0000000000000000      0x466 CMakeFiles/memstest.elf.dir/Core/Src/dma.c.obj
                                        0x4b0 (size before relaxing)
 .debug_str     0x0000000000000466       0xf6 CMakeFiles/memstest.elf.dir/Core/Src/gpio.c.obj
                                        0x559 (size before relaxing)
 .debug_str     0x000000000000055c      0xbe2 CMakeFiles/memstest.elf.dir/Core/Src/main.c.obj
                                        0xf56 (size before relaxing)
 .debug_str     0x000000000000113e       0xcf CMakeFiles/memstest.elf.dir/Core/Src/spi.c.obj
                                        0xac4 (size before relaxing)
 .debug_str     0x000000000000120d       0x70 CMakeFiles/memstest.elf.dir/Core/Src/stm32g0xx_hal_msp.c.obj
                                        0x31b (size before relaxing)
 .debug_str     0x000000000000127d      0x159 CMakeFiles/memstest.elf.dir/Core/Src/stm32g0xx_it.c.obj
                                        0x818 (size before relaxing)
 .debug_str     0x00000000000013d6       0xc2 CMakeFiles/memstest.elf.dir/Core/Src/system_stm32g0xx.c.obj
                                        0x384 (size before relaxing)
 .debug_str     0x0000000000001498      0x336 CMakeFiles/memstest.elf.dir/Core/Src/tim.c.obj
                                        0xce8 (size before relaxing)
 .debug_str     0x00000000000017ce       0x7a CMakeFiles/memstest.elf.dir/Core/Startup/startup_stm32g030f6px.s.obj
                                         0xd3 (size before relaxing)
 .debug_str     0x0000000000001848      0x3be CMakeFiles/memstest.elf.dir/Drivers/STM32G0xx_HAL_Driver/Src/stm32g0xx_hal.c.obj
                                        0x8c7 (size before relaxing)
 .debug_str     0x0000000000001c06      0x36b CMakeFiles/memstest.elf.dir/Drivers/STM32G0xx_HAL_Driver/Src/stm32g0xx_hal_cortex.c.obj
                                        0x790 (size before relaxing)
 .debug_str     0x0000000000001f71      0x2de CMakeFiles/memstest.elf.dir/Drivers/STM32G0xx_HAL_Driver/Src/stm32g0xx_hal_dma.c.obj
                                        0x81e (size before relaxing)
 .debug_str     0x000000000000224f      0x14c CMakeFiles/memstest.elf.dir/Drivers/STM32G0xx_HAL_Driver/Src/stm32g0xx_hal_gpio.c.obj
                                        0x499 (size before relaxing)
 .debug_str     0x000000000000239b      0x562 CMakeFiles/memstest.elf.dir/Drivers/STM32G0xx_HAL_Driver/Src/stm32g0xx_hal_spi.c.obj
                                        0xd51 (size before relaxing)
 .debug_str     0x00000000000028fd      0xe0c CMakeFiles/memstest.elf.dir/Drivers/STM32G0xx_HAL_Driver/Src/stm32g0xx_hal_tim.c.obj
                                       0x1853 (size before relaxing)
 .debug_str     0x0000000000003709      0x5ba CMakeFiles/memstest.elf.dir/Drivers/STM32G0xx_HAL_Driver/Src/stm32g0xx_hal_tim_ex.c.obj
                                       0x11d4 (size before relaxing)
 .debug_str     0x0000000000003cc3      0x294 CMakeFiles/memstest.elf.dir/Drivers/STM32G0xx_HAL_Driver/Src/stm32g0xx_ll_utils.c.obj
                                        0x730 (size before relaxing)

.comment        0x0000000000000000       0x49
 .comment       0x0000000000000000       0x49 CMakeFiles/memstest.elf.dir/Core/Src/dma.c.obj
                                         0x4a (size before relaxing)
 .comment       0x0000000000000049       0x4a CMakeFiles/memstest.elf.dir/Core/Src/gpio.c.obj
 .comment       0x0000000000000049       0x4a CMakeFiles/memstest.elf.dir/Core/Src/main.c.obj
 .comment       0x0000000000000049       0x4a CMakeFiles/memstest.elf.dir/Core/Src/spi.c.obj
 .comment       0x0000000000000049       0x4a CMakeFiles/memstest.elf.dir/Core/Src/stm32g0xx_hal_msp.c.obj
 .comment       0x0000000000000049       0x4a CMakeFiles/memstest.elf.dir/Core/Src/stm32g0xx_it.c.obj
 .comment       0x0000000000000049       0x4a CMakeFiles/memstest.elf.dir/Core/Src/system_stm32g0xx.c.obj
 .comment       0x0000000000000049       0x4a CMakeFiles/memstest.elf.dir/Core/Src/tim.c.obj
 .comment       0x0000000000000049       0x4a CMakeFiles/memstest.elf.dir/Drivers/STM32G0xx_HAL_Driver/Src/stm32g0xx_hal.c.obj
 .comment       0x0000000000000049       0x4a CMakeFiles/memstest.elf.dir/Drivers/STM32G0xx_HAL_Driver/Src/stm32g0xx_hal_cortex.c.obj
 .comment       0x0000000000000049       0x4a CMakeFiles/memstest.elf.dir/Drivers/STM32G0xx_HAL_Driver/Src/stm32g0xx_hal_dma.c.obj
 .comment       0x0000000000000049       0x4a CMakeFiles/memstest.elf.dir/Drivers/STM32G0xx_HAL_Driver/Src/stm32g0xx_hal_gpio.c.obj
 .comment       0x0000000000000049       0x4a CMakeFiles/memstest.elf.dir/Drivers/STM32G0xx_HAL_Driver/Src/stm32g0xx_hal_spi.c.obj
 .comment       0x0000000000000049       0x4a CMakeFiles/memstest.elf.dir/Drivers/STM32G0xx_HAL_Driver/Src/stm32g0xx_hal_tim.c.obj
 .comment       0x0000000000000049       0x4a CMakeFiles/memstest.elf.dir/Drivers/STM32G0xx_HAL_Driver/Src/stm32g0xx_hal_tim_ex.c.obj
 .comment       0x0000000000000049       0x4a CMakeFiles/memstest.elf.dir/Drivers/STM32G0xx_HAL_Driver/Src/stm32g0xx_ll_utils.c.obj

.debug_frame    0x0000000000000000     0x2340
 .debug_frame   0x0000000000000000       0x28 CMakeFiles/memstest.elf.dir/Core/Src/dma.c.obj
 .debug_frame   0x0000000000000028       0x28 CMakeFiles/memstest.elf.dir/Core/Src/gpio.c.obj
 .debug_frame   0x0000000000000050      0x13c CMakeFiles/memstest.elf.dir/Core/Src/main.c.obj
 .debug_frame   0x000000000000018c       0x5c CMakeFiles/memstest.elf.dir/Core/Src/spi.c.obj
 .debug_frame   0x00000000000001e8       0x24 CMakeFiles/memstest.elf.dir/Core/Src/stm32g0xx_hal_msp.c.obj
 .debug_frame   0x000000000000020c       0xc8 CMakeFiles/memstest.elf.dir/Core/Src/stm32g0xx_it.c.obj
 .debug_frame   0x00000000000002d4       0x38 CMakeFiles/memstest.elf.dir/Core/Src/system_stm32g0xx.c.obj
 .debug_frame   0x000000000000030c       0x78 CMakeFiles/memstest.elf.dir/Core/Src/tim.c.obj
 .debug_frame   0x0000000000000384      0x20c CMakeFiles/memstest.elf.dir/Drivers/STM32G0xx_HAL_Driver/Src/stm32g0xx_hal.c.obj
 .debug_frame   0x0000000000000590      0x114 CMakeFiles/memstest.elf.dir/Drivers/STM32G0xx_HAL_Driver/Src/stm32g0xx_hal_cortex.c.obj
 .debug_frame   0x00000000000006a4      0x188 CMakeFiles/memstest.elf.dir/Drivers/STM32G0xx_HAL_Driver/Src/stm32g0xx_hal_dma.c.obj
 .debug_frame   0x000000000000082c       0xd0 CMakeFiles/memstest.elf.dir/Drivers/STM32G0xx_HAL_Driver/Src/stm32g0xx_hal_gpio.c.obj
 .debug_frame   0x00000000000008fc      0x5a4 CMakeFiles/memstest.elf.dir/Drivers/STM32G0xx_HAL_Driver/Src/stm32g0xx_hal_spi.c.obj
 .debug_frame   0x0000000000000ea0      0xb18 CMakeFiles/memstest.elf.dir/Drivers/STM32G0xx_HAL_Driver/Src/stm32g0xx_hal_tim.c.obj
 .debug_frame   0x00000000000019b8      0x4c0 CMakeFiles/memstest.elf.dir/Drivers/STM32G0xx_HAL_Driver/Src/stm32g0xx_hal_tim_ex.c.obj
 .debug_frame   0x0000000000001e78       0xe0 CMakeFiles/memstest.elf.dir/Drivers/STM32G0xx_HAL_Driver/Src/stm32g0xx_ll_utils.c.obj
 .debug_frame   0x0000000000001f58       0x20 /usr/local/Cellar/arm-none-eabi-gcc/10.3-2021.07/gcc/bin/../lib/gcc/arm-none-eabi/10.3.1/thumb/v6-m/nofp/libgcc.a(_udivsi3.o)
 .debug_frame   0x0000000000001f78       0x20 /usr/local/Cellar/arm-none-eabi-gcc/10.3-2021.07/gcc/bin/../lib/gcc/arm-none-eabi/10.3.1/thumb/v6-m/nofp/libgcc.a(fixsfsi.o)
 .debug_frame   0x0000000000001f98       0x2c /usr/local/Cellar/arm-none-eabi-gcc/10.3-2021.07/gcc/bin/../lib/gcc/arm-none-eabi/10.3.1/thumb/v6-m/nofp/libgcc.a(floatunsisf.o)
 .debug_frame   0x0000000000001fc4       0x38 /usr/local/Cellar/arm-none-eabi-gcc/10.3-2021.07/gcc/bin/../lib/gcc/arm-none-eabi/10.3.1/thumb/v6-m/nofp/libgcc.a(adddf3.o)
 .debug_frame   0x0000000000001ffc       0x3c /usr/local/Cellar/arm-none-eabi-gcc/10.3-2021.07/gcc/bin/../lib/gcc/arm-none-eabi/10.3.1/thumb/v6-m/nofp/libgcc.a(divdf3.o)
 .debug_frame   0x0000000000002038       0x3c /usr/local/Cellar/arm-none-eabi-gcc/10.3-2021.07/gcc/bin/../lib/gcc/arm-none-eabi/10.3.1/thumb/v6-m/nofp/libgcc.a(muldf3.o)
 .debug_frame   0x0000000000002074       0x2c /usr/local/Cellar/arm-none-eabi-gcc/10.3-2021.07/gcc/bin/../lib/gcc/arm-none-eabi/10.3.1/thumb/v6-m/nofp/libgcc.a(fixdfsi.o)
 .debug_frame   0x00000000000020a0       0x2c /usr/local/Cellar/arm-none-eabi-gcc/10.3-2021.07/gcc/bin/../lib/gcc/arm-none-eabi/10.3.1/thumb/v6-m/nofp/libgcc.a(floatsidf.o)
 .debug_frame   0x00000000000020cc       0x28 /usr/local/Cellar/arm-none-eabi-gcc/10.3-2021.07/gcc/bin/../lib/gcc/arm-none-eabi/10.3.1/thumb/v6-m/nofp/libgcc.a(floatunsidf.o)
 .debug_frame   0x00000000000020f4       0x2c /usr/local/Cellar/arm-none-eabi-gcc/10.3-2021.07/gcc/bin/../lib/gcc/arm-none-eabi/10.3.1/thumb/v6-m/nofp/libgcc.a(extendsfdf2.o)
 .debug_frame   0x0000000000002120       0x30 /usr/local/Cellar/arm-none-eabi-gcc/10.3-2021.07/gcc/bin/../lib/gcc/arm-none-eabi/10.3.1/thumb/v6-m/nofp/libgcc.a(truncdfsf2.o)
 .debug_frame   0x0000000000002150       0x2c /usr/local/Cellar/arm-none-eabi-gcc/10.3-2021.07/gcc/bin/../lib/gcc/arm-none-eabi/10.3.1/../../../../arm-none-eabi/lib/thumb/v6-m/nofp/libg.a(lib_a-init.o)
 .debug_frame   0x000000000000217c       0x30 /usr/local/Cellar/arm-none-eabi-gcc/10.3-2021.07/gcc/bin/../lib/gcc/arm-none-eabi/10.3.1/../../../../arm-none-eabi/lib/thumb/v6-m/nofp/libg.a(lib_a-memset.o)
 .debug_frame   0x00000000000021ac       0x54 /usr/local/Cellar/arm-none-eabi-gcc/10.3-2021.07/gcc/bin/../lib/gcc/arm-none-eabi/10.3.1/../../../../arm-none-eabi/lib/thumb/v6-m/nofp/libg.a(lib_a-__call_atexit.o)
 .debug_frame   0x0000000000002200       0x28 /usr/local/Cellar/arm-none-eabi-gcc/10.3-2021.07/gcc/bin/../lib/gcc/arm-none-eabi/10.3.1/../../../../arm-none-eabi/lib/thumb/v6-m/nofp/libg.a(lib_a-atexit.o)
 .debug_frame   0x0000000000002228       0x2c /usr/local/Cellar/arm-none-eabi-gcc/10.3-2021.07/gcc/bin/../lib/gcc/arm-none-eabi/10.3.1/../../../../arm-none-eabi/lib/thumb/v6-m/nofp/libg.a(lib_a-fini.o)
 .debug_frame   0x0000000000002254       0xb0 /usr/local/Cellar/arm-none-eabi-gcc/10.3-2021.07/gcc/bin/../lib/gcc/arm-none-eabi/10.3.1/../../../../arm-none-eabi/lib/thumb/v6-m/nofp/libg.a(lib_a-lock.o)
 .debug_frame   0x0000000000002304       0x3c /usr/local/Cellar/arm-none-eabi-gcc/10.3-2021.07/gcc/bin/../lib/gcc/arm-none-eabi/10.3.1/../../../../arm-none-eabi/lib/thumb/v6-m/nofp/libg.a(lib_a-__atexit.o)

.debug_loc      0x0000000000000000     0xc616
 .debug_loc     0x0000000000000000      0x94c CMakeFiles/memstest.elf.dir/Core/Src/main.c.obj
 .debug_loc     0x000000000000094c       0x8b CMakeFiles/memstest.elf.dir/Core/Src/spi.c.obj
 .debug_loc     0x00000000000009d7       0xa9 CMakeFiles/memstest.elf.dir/Core/Src/system_stm32g0xx.c.obj
 .debug_loc     0x0000000000000a80       0xcd CMakeFiles/memstest.elf.dir/Core/Src/tim.c.obj
 .debug_loc     0x0000000000000b4d      0x1bd CMakeFiles/memstest.elf.dir/Drivers/STM32G0xx_HAL_Driver/Src/stm32g0xx_hal.c.obj
 .debug_loc     0x0000000000000d0a      0x458 CMakeFiles/memstest.elf.dir/Drivers/STM32G0xx_HAL_Driver/Src/stm32g0xx_hal_cortex.c.obj
 .debug_loc     0x0000000000001162      0x93e CMakeFiles/memstest.elf.dir/Drivers/STM32G0xx_HAL_Driver/Src/stm32g0xx_hal_dma.c.obj
 .debug_loc     0x0000000000001aa0      0x3a7 CMakeFiles/memstest.elf.dir/Drivers/STM32G0xx_HAL_Driver/Src/stm32g0xx_hal_gpio.c.obj
 .debug_loc     0x0000000000001e47     0x1f94 CMakeFiles/memstest.elf.dir/Drivers/STM32G0xx_HAL_Driver/Src/stm32g0xx_hal_spi.c.obj
 .debug_loc     0x0000000000003ddb     0x5880 CMakeFiles/memstest.elf.dir/Drivers/STM32G0xx_HAL_Driver/Src/stm32g0xx_hal_tim.c.obj
 .debug_loc     0x000000000000965b     0x297c CMakeFiles/memstest.elf.dir/Drivers/STM32G0xx_HAL_Driver/Src/stm32g0xx_hal_tim_ex.c.obj
 .debug_loc     0x000000000000bfd7      0x63f CMakeFiles/memstest.elf.dir/Drivers/STM32G0xx_HAL_Driver/Src/stm32g0xx_ll_utils.c.obj
