Archive member included to satisfy reference by file (symbol)

/usr/local/Cellar/arm-none-eabi-gcc/10.3-2021.07/gcc/bin/../lib/gcc/arm-none-eabi/10.3.1/thumb/v6-m/nofp/libgcc.a(_udivsi3.o)
                              CMakeFiles/memstest.elf.dir/Core/Src/system_stm32g0xx.c.obj (__aeabi_uidiv)
/usr/local/Cellar/arm-none-eabi-gcc/10.3-2021.07/gcc/bin/../lib/gcc/arm-none-eabi/10.3.1/thumb/v6-m/nofp/libgcc.a(_dvmd_tls.o)
                              /usr/local/Cellar/arm-none-eabi-gcc/10.3-2021.07/gcc/bin/../lib/gcc/arm-none-eabi/10.3.1/thumb/v6-m/nofp/libgcc.a(_udivsi3.o) (__aeabi_idiv0)
/usr/local/Cellar/arm-none-eabi-gcc/10.3-2021.07/gcc/bin/../lib/gcc/arm-none-eabi/10.3.1/thumb/v6-m/nofp/libgcc.a(_arm_cmpdf2.o)
                              CMakeFiles/memstest.elf.dir/Core/Src/main.c.obj (__aeabi_dcmplt)
/usr/local/Cellar/arm-none-eabi-gcc/10.3-2021.07/gcc/bin/../lib/gcc/arm-none-eabi/10.3.1/thumb/v6-m/nofp/libgcc.a(_arm_cmpsf2.o)
                              CMakeFiles/memstest.elf.dir/Core/Src/main.c.obj (__aeabi_fcmplt)
/usr/local/Cellar/arm-none-eabi-gcc/10.3-2021.07/gcc/bin/../lib/gcc/arm-none-eabi/10.3.1/thumb/v6-m/nofp/libgcc.a(_floatundidf.o)
                              CMakeFiles/memstest.elf.dir/Core/Src/main.c.obj (__aeabi_ul2d)
/usr/local/Cellar/arm-none-eabi-gcc/10.3-2021.07/gcc/bin/../lib/gcc/arm-none-eabi/10.3.1/thumb/v6-m/nofp/libgcc.a(addsf3.o)
                              CMakeFiles/memstest.elf.dir/Core/Src/main.c.obj (__aeabi_fadd)
/usr/local/Cellar/arm-none-eabi-gcc/10.3-2021.07/gcc/bin/../lib/gcc/arm-none-eabi/10.3.1/thumb/v6-m/nofp/libgcc.a(eqsf2.o)
                              /usr/local/Cellar/arm-none-eabi-gcc/10.3-2021.07/gcc/bin/../lib/gcc/arm-none-eabi/10.3.1/thumb/v6-m/nofp/libgcc.a(_arm_cmpsf2.o) (__eqsf2)
/usr/local/Cellar/arm-none-eabi-gcc/10.3-2021.07/gcc/bin/../lib/gcc/arm-none-eabi/10.3.1/thumb/v6-m/nofp/libgcc.a(gesf2.o)
                              /usr/local/Cellar/arm-none-eabi-gcc/10.3-2021.07/gcc/bin/../lib/gcc/arm-none-eabi/10.3.1/thumb/v6-m/nofp/libgcc.a(_arm_cmpsf2.o) (__gesf2)
/usr/local/Cellar/arm-none-eabi-gcc/10.3-2021.07/gcc/bin/../lib/gcc/arm-none-eabi/10.3.1/thumb/v6-m/nofp/libgcc.a(lesf2.o)
                              /usr/local/Cellar/arm-none-eabi-gcc/10.3-2021.07/gcc/bin/../lib/gcc/arm-none-eabi/10.3.1/thumb/v6-m/nofp/libgcc.a(_arm_cmpsf2.o) (__lesf2)
/usr/local/Cellar/arm-none-eabi-gcc/10.3-2021.07/gcc/bin/../lib/gcc/arm-none-eabi/10.3.1/thumb/v6-m/nofp/libgcc.a(subsf3.o)
                              CMakeFiles/memstest.elf.dir/Core/Src/main.c.obj (__aeabi_fsub)
/usr/local/Cellar/arm-none-eabi-gcc/10.3-2021.07/gcc/bin/../lib/gcc/arm-none-eabi/10.3.1/thumb/v6-m/nofp/libgcc.a(fixsfsi.o)
                              CMakeFiles/memstest.elf.dir/Core/Src/main.c.obj (__aeabi_f2iz)
/usr/local/Cellar/arm-none-eabi-gcc/10.3-2021.07/gcc/bin/../lib/gcc/arm-none-eabi/10.3.1/thumb/v6-m/nofp/libgcc.a(floatsisf.o)
                              CMakeFiles/memstest.elf.dir/Core/Src/main.c.obj (__aeabi_i2f)
/usr/local/Cellar/arm-none-eabi-gcc/10.3-2021.07/gcc/bin/../lib/gcc/arm-none-eabi/10.3.1/thumb/v6-m/nofp/libgcc.a(adddf3.o)
                              CMakeFiles/memstest.elf.dir/Core/Src/main.c.obj (__aeabi_dadd)
/usr/local/Cellar/arm-none-eabi-gcc/10.3-2021.07/gcc/bin/../lib/gcc/arm-none-eabi/10.3.1/thumb/v6-m/nofp/libgcc.a(divdf3.o)
                              CMakeFiles/memstest.elf.dir/Core/Src/main.c.obj (__aeabi_ddiv)
/usr/local/Cellar/arm-none-eabi-gcc/10.3-2021.07/gcc/bin/../lib/gcc/arm-none-eabi/10.3.1/thumb/v6-m/nofp/libgcc.a(eqdf2.o)
                              /usr/local/Cellar/arm-none-eabi-gcc/10.3-2021.07/gcc/bin/../lib/gcc/arm-none-eabi/10.3.1/thumb/v6-m/nofp/libgcc.a(_arm_cmpdf2.o) (__eqdf2)
/usr/local/Cellar/arm-none-eabi-gcc/10.3-2021.07/gcc/bin/../lib/gcc/arm-none-eabi/10.3.1/thumb/v6-m/nofp/libgcc.a(gedf2.o)
                              /usr/local/Cellar/arm-none-eabi-gcc/10.3-2021.07/gcc/bin/../lib/gcc/arm-none-eabi/10.3.1/thumb/v6-m/nofp/libgcc.a(_arm_cmpdf2.o) (__gedf2)
/usr/local/Cellar/arm-none-eabi-gcc/10.3-2021.07/gcc/bin/../lib/gcc/arm-none-eabi/10.3.1/thumb/v6-m/nofp/libgcc.a(ledf2.o)
                              /usr/local/Cellar/arm-none-eabi-gcc/10.3-2021.07/gcc/bin/../lib/gcc/arm-none-eabi/10.3.1/thumb/v6-m/nofp/libgcc.a(_arm_cmpdf2.o) (__ledf2)
/usr/local/Cellar/arm-none-eabi-gcc/10.3-2021.07/gcc/bin/../lib/gcc/arm-none-eabi/10.3.1/thumb/v6-m/nofp/libgcc.a(muldf3.o)
                              CMakeFiles/memstest.elf.dir/Core/Src/main.c.obj (__aeabi_dmul)
/usr/local/Cellar/arm-none-eabi-gcc/10.3-2021.07/gcc/bin/../lib/gcc/arm-none-eabi/10.3.1/thumb/v6-m/nofp/libgcc.a(subdf3.o)
                              CMakeFiles/memstest.elf.dir/Core/Src/main.c.obj (__aeabi_dsub)
/usr/local/Cellar/arm-none-eabi-gcc/10.3-2021.07/gcc/bin/../lib/gcc/arm-none-eabi/10.3.1/thumb/v6-m/nofp/libgcc.a(fixdfsi.o)
                              CMakeFiles/memstest.elf.dir/Core/Src/main.c.obj (__aeabi_d2iz)
[...]
Memory Configuration

Name             Origin             Length             Attributes
RAM              0x0000000020000000 0x0000000000002000 xrw
FLASH            0x0000000008000000 0x0000000000008000 xr
*default*        0x0000000000000000 0xffffffffffffffff

Linker script and memory map

LOAD /usr/local/Cellar/arm-none-eabi-gcc/10.3-2021.07/gcc/bin/../lib/gcc/arm-none-eabi/10.3.1/thumb/v6-m/nofp/crti.o
LOAD /usr/local/Cellar/arm-none-eabi-gcc/10.3-2021.07/gcc/bin/../lib/gcc/arm-none-eabi/10.3.1/thumb/v6-m/nofp/crtbegin.o
LOAD /usr/local/Cellar/arm-none-eabi-gcc/10.3-2021.07/gcc/bin/../lib/gcc/arm-none-eabi/10.3.1/../../../../arm-none-eabi/lib/thumb/v6-m/nofp/crt0.o
LOAD CMakeFiles/memstest.elf.dir/Core/Src/dma.c.obj
LOAD CMakeFiles/memstest.elf.dir/Core/Src/gpio.c.obj
LOAD CMakeFiles/memstest.elf.dir/Core/Src/main.c.obj
LOAD CMakeFiles/memstest.elf.dir/Core/Src/spi.c.obj
LOAD CMakeFiles/memstest.elf.dir/Core/Src/stm32g0xx_hal_msp.c.obj
LOAD CMakeFiles/memstest.elf.dir/Core/Src/stm32g0xx_it.c.obj
LOAD CMakeFiles/memstest.elf.dir/Core/Src/syscalls.c.obj
LOAD CMakeFiles/memstest.elf.dir/Core/Src/sysmem.c.obj
LOAD CMakeFiles/memstest.elf.dir/Core/Src/system_stm32g0xx.c.obj
LOAD CMakeFiles/memstest.elf.dir/Core/Src/tim.c.obj
LOAD CMakeFiles/memstest.elf.dir/Core/Startup/startup_stm32g030f6px.s.obj
LOAD CMakeFiles/memstest.elf.dir/Drivers/STM32G0xx_HAL_Driver/Src/stm32g0xx_hal.c.obj
LOAD CMakeFiles/memstest.elf.dir/Drivers/STM32G0xx_HAL_Driver/Src/stm32g0xx_hal_cortex.c.obj
LOAD CMakeFiles/memstest.elf.dir/Drivers/STM32G0xx_HAL_Driver/Src/stm32g0xx_hal_dma.c.obj
LOAD CMakeFiles/memstest.elf.dir/Drivers/STM32G0xx_HAL_Driver/Src/stm32g0xx_hal_dma_ex.c.obj
LOAD CMakeFiles/memstest.elf.dir/Drivers/STM32G0xx_HAL_Driver/Src/stm32g0xx_hal_exti.c.obj
LOAD CMakeFiles/memstest.elf.dir/Drivers/STM32G0xx_HAL_Driver/Src/stm32g0xx_hal_flash.c.obj
LOAD CMakeFiles/memstest.elf.dir/Drivers/STM32G0xx_HAL_Driver/Src/stm32g0xx_hal_flash_ex.c.obj
LOAD CMakeFiles/memstest.elf.dir/Drivers/STM32G0xx_HAL_Driver/Src/stm32g0xx_hal_gpio.c.obj
LOAD CMakeFiles/memstest.elf.dir/Drivers/STM32G0xx_HAL_Driver/Src/stm32g0xx_hal_pwr.c.obj
LOAD CMakeFiles/memstest.elf.dir/Drivers/STM32G0xx_HAL_Driver/Src/stm32g0xx_hal_pwr_ex.c.obj
LOAD CMakeFiles/memstest.elf.dir/Drivers/STM32G0xx_HAL_Driver/Src/stm32g0xx_hal_rcc.c.obj
LOAD CMakeFiles/memstest.elf.dir/Drivers/STM32G0xx_HAL_Driver/Src/stm32g0xx_hal_rcc_ex.c.obj
LOAD CMakeFiles/memstest.elf.dir/Drivers/STM32G0xx_HAL_Driver/Src/stm32g0xx_hal_spi.c.obj
LOAD CMakeFiles/memstest.elf.dir/Drivers/STM32G0xx_HAL_Driver/Src/stm32g0xx_hal_spi_ex.c.obj
LOAD CMakeFiles/memstest.elf.dir/Drivers/STM32G0xx_HAL_Driver/Src/stm32g0xx_hal_tim.c.obj
LOAD CMakeFiles/memstest.elf.dir/Drivers/STM32G0xx_HAL_Driver/Src/stm32g0xx_hal_tim_ex.c.obj
LOAD CMakeFiles/memstest.elf.dir/Drivers/STM32G0xx_HAL_Driver/Src/stm32g0xx_ll_dma.c.obj
LOAD CMakeFiles/memstest.elf.dir/Drivers/STM32G0xx_HAL_Driver/Src/stm32g0xx_ll_exti.c.obj
LOAD CMakeFiles/memstest.elf.dir/Drivers/STM32G0xx_HAL_Driver/Src/stm32g0xx_ll_rcc.c.obj
LOAD CMakeFiles/memstest.elf.dir/Drivers/STM32G0xx_HAL_Driver/Src/stm32g0xx_ll_utils.c.obj
START GROUP
LOAD /usr/local/Cellar/arm-none-eabi-gcc/10.3-2021.07/gcc/bin/../lib/gcc/arm-none-eabi/10.3.1/thumb/v6-m/nofp/libgcc.a
LOAD /usr/local/Cellar/arm-none-eabi-gcc/10.3-2021.07/gcc/bin/../lib/gcc/arm-none-eabi/10.3.1/../../../../arm-none-eabi/lib/thumb/v6-m/nofp/libg.a
LOAD /usr/local/Cellar/arm-none-eabi-gcc/10.3-2021.07/gcc/bin/../lib/gcc/arm-none-eabi/10.3.1/../../../../arm-none-eabi/lib/thumb/v6-m/nofp/libc.a
END GROUP
LOAD /usr/local/Cellar/arm-none-eabi-gcc/10.3-2021.07/gcc/bin/../lib/gcc/arm-none-eabi/10.3.1/thumb/v6-m/nofp/crtend.o
LOAD /usr/local/Cellar/arm-none-eabi-gcc/10.3-2021.07/gcc/bin/../lib/gcc/arm-none-eabi/10.3.1/thumb/v6-m/nofp/crtn.o
                0x0000000020002000                _estack = (ORIGIN (RAM) + LENGTH (RAM))
                0x0000000000000200                _Min_Heap_Size = 0x200
                0x0000000000000400                _Min_Stack_Size = 0x400

.isr_vector     0x0000000008000000       0xb8
                0x0000000008000000                . = ALIGN (0x4)
 *(.isr_vector)
 .isr_vector    0x0000000008000000       0xb8 CMakeFiles/memstest.elf.dir/Core/Startup/startup_stm32g030f6px.s.obj
                0x0000000008000000                g_pfnVectors
                0x00000000080000b8                . = ALIGN (0x4)

.text           0x00000000080000b8     0x5d20
                0x00000000080000b8                . = ALIGN (0x4)
 *(.text)
 .text          0x00000000080000b8       0x48 /usr/local/Cellar/arm-none-eabi-gcc/10.3-2021.07/gcc/bin/../lib/gcc/arm-none-eabi/10.3.1/thumb/v6-m/nofp/crtbegin.o
 .text          0x0000000008000100      0x114 /usr/local/Cellar/arm-none-eabi-gcc/10.3-2021.07/gcc/bin/../lib/gcc/arm-none-eabi/10.3.1/thumb/v6-m/nofp/libgcc.a(_udivsi3.o)
                0x0000000008000100                __udivsi3
                0x0000000008000100                __aeabi_uidiv
                0x000000000800020c                __aeabi_uidivmod
 .text          0x0000000008000214        0x4 /usr/local/Cellar/arm-none-eabi-gcc/10.3-2021.07/gcc/bin/../lib/gcc/arm-none-eabi/10.3.1/thumb/v6-m/nofp/libgcc.a(_dvmd_tls.o)
                0x0000000008000214                __aeabi_ldiv0
                0x0000000008000214                __aeabi_idiv0
 .text          0x0000000008000218       0x7c /usr/local/Cellar/arm-none-eabi-gcc/10.3-2021.07/gcc/bin/../lib/gcc/arm-none-eabi/10.3.1/thumb/v6-m/nofp/libgcc.a(_arm_cmpdf2.o)
                0x0000000008000218                __aeabi_cdrcmple
                0x0000000008000228                __aeabi_cdcmple
                0x0000000008000228                __aeabi_cdcmpeq
                0x0000000008000238                __aeabi_dcmpeq
                0x0000000008000244                __aeabi_dcmplt
                0x0000000008000258                __aeabi_dcmple
                0x000000000800026c                __aeabi_dcmpgt
                0x0000000008000280                __aeabi_dcmpge
 .text          0x0000000008000294       0x74 /usr/local/Cellar/arm-none-eabi-gcc/10.3-2021.07/gcc/bin/../lib/gcc/arm-none-eabi/10.3.1/thumb/v6-m/nofp/libgcc.a(_arm_cmpsf2.o)
                0x0000000008000294                __aeabi_cfrcmple
                0x000000000800029c                __aeabi_cfcmple
                0x000000000800029c                __aeabi_cfcmpeq
                0x00000000080002ac                __aeabi_fcmpeq
                0x00000000080002b8                __aeabi_fcmplt
                0x00000000080002cc                __aeabi_fcmple
                0x00000000080002e0                __aeabi_fcmpgt
                0x00000000080002f4                __aeabi_fcmpge
 .text          0x0000000008000308       0x2c /usr/local/Cellar/arm-none-eabi-gcc/10.3-2021.07/gcc/bin/../lib/gcc/arm-none-eabi/10.3.1/thumb/v6-m/nofp/libgcc.a(_floatundidf.o)
                0x0000000008000308                __aeabi_ul2d
                0x0000000008000308                __floatundidf
 .text          0x0000000008000334      0x33c /usr/local/Cellar/arm-none-eabi-gcc/10.3-2021.07/gcc/bin/../lib/gcc/arm-none-eabi/10.3.1/thumb/v6-m/nofp/libgcc.a(addsf3.o)
                0x0000000008000334                __aeabi_fadd
 .text          0x0000000008000670       0x4c /usr/local/Cellar/arm-none-eabi-gcc/10.3-2021.07/gcc/bin/../lib/gcc/arm-none-eabi/10.3.1/thumb/v6-m/nofp/libgcc.a(eqsf2.o)
                0x0000000008000670                __nesf2
                0x0000000008000670                __eqsf2
 .text          0x00000000080006bc       0x8c /usr/local/Cellar/arm-none-eabi-gcc/10.3-2021.07/gcc/bin/../lib/gcc/arm-none-eabi/10.3.1/thumb/v6-m/nofp/libgcc.a(gesf2.o)
                0x00000000080006bc                __gtsf2
                0x00000000080006bc                __gesf2
 .text          0x0000000008000748       0x88 /usr/local/Cellar/arm-none-eabi-gcc/10.3-2021.07/gcc/bin/../lib/gcc/arm-none-eabi/10.3.1/thumb/v6-m/nofp/libgcc.a(lesf2.o)
                0x0000000008000748                __lesf2
                0x0000000008000748                __ltsf2
 .text          0x00000000080007d0      0x35c /usr/local/Cellar/arm-none-eabi-gcc/10.3-2021.07/gcc/bin/../lib/gcc/arm-none-eabi/10.3.1/thumb/v6-m/nofp/libgcc.a(subsf3.o)
                0x00000000080007d0                __aeabi_fsub
 .text          0x0000000008000b2c       0x40 /usr/local/Cellar/arm-none-eabi-gcc/10.3-2021.07/gcc/bin/../lib/gcc/arm-none-eabi/10.3.1/thumb/v6-m/nofp/libgcc.a(fixsfsi.o)
                0x0000000008000b2c                __aeabi_f2iz
 .text          0x0000000008000b6c       0x9c /usr/local/Cellar/arm-none-eabi-gcc/10.3-2021.07/gcc/bin/../lib/gcc/arm-none-eabi/10.3.1/thumb/v6-m/nofp/libgcc.a(floatsisf.o)
                0x0000000008000b6c                __aeabi_i2f
 .text          0x0000000008000c08      0x678 /usr/local/Cellar/arm-none-eabi-gcc/10.3-2021.07/gcc/bin/../lib/gcc/arm-none-eabi/10.3.1/thumb/v6-m/nofp/libgcc.a(adddf3.o)
                0x0000000008000c08                __aeabi_dadd
 .text          0x0000000008001280      0x5ec /usr/local/Cellar/arm-none-eabi-gcc/10.3-2021.07/gcc/bin/../lib/gcc/arm-none-eabi/10.3.1/thumb/v6-m/nofp/libgcc.a(divdf3.o)
                0x0000000008001280                __aeabi_ddiv
 .text          0x000000000800186c       0x84 /usr/local/Cellar/arm-none-eabi-gcc/10.3-2021.07/gcc/bin/../lib/gcc/arm-none-eabi/10.3.1/thumb/v6-m/nofp/libgcc.a(eqdf2.o)
                0x000000000800186c                __eqdf2
                0x000000000800186c                __nedf2
 .text          0x00000000080018f0       0xcc /usr/local/Cellar/arm-none-eabi-gcc/10.3-2021.07/gcc/bin/../lib/gcc/arm-none-eabi/10.3.1/thumb/v6-m/nofp/libgcc.a(gedf2.o)
                0x00000000080018f0                __gtdf2
                0x00000000080018f0                __gedf2
 .text          0x00000000080019bc       0xc8 /usr/local/Cellar/arm-none-eabi-gcc/10.3-2021.07/gcc/bin/../lib/gcc/arm-none-eabi/10.3.1/thumb/v6-m/nofp/libgcc.a(ledf2.o)
                0x00000000080019bc                __ltdf2
                0x00000000080019bc                __ledf2
 .text          0x0000000008001a84      0x4d8 /usr/local/Cellar/arm-none-eabi-gcc/10.3-2021.07/gcc/bin/../lib/gcc/arm-none-eabi/10.3.1/thumb/v6-m/nofp/libgcc.a(muldf3.o)
                0x0000000008001a84                __aeabi_dmul
 .text          0x0000000008001f5c      0x724 /usr/local/Cellar/arm-none-eabi-gcc/10.3-2021.07/gcc/bin/../lib/gcc/arm-none-eabi/10.3.1/thumb/v6-m/nofp/libgcc.a(subdf3.o)
                0x0000000008001f5c                __aeabi_dsub
 .text          0x0000000008002680       0x6c /usr/local/Cellar/arm-none-eabi-gcc/10.3-2021.07/gcc/bin/../lib/gcc/arm-none-eabi/10.3.1/thumb/v6-m/nofp/libgcc.a(fixdfsi.o)
                0x0000000008002680                __aeabi_d2iz
 .text          0x00000000080026ec       0x60 /usr/local/Cellar/arm-none-eabi-gcc/10.3-2021.07/gcc/bin/../lib/gcc/arm-none-eabi/10.3.1/thumb/v6-m/nofp/libgcc.a(floatsidf.o)
                0x00000000080026ec                __aeabi_i2d
 .text          0x000000000800274c       0x4c /usr/local/Cellar/arm-none-eabi-gcc/10.3-2021.07/gcc/bin/../lib/gcc/arm-none-eabi/10.3.1/thumb/v6-m/nofp/libgcc.a(floatunsidf.o)
                0x000000000800274c                __aeabi_ui2d
 .text          0x0000000008002798       0x90 /usr/local/Cellar/arm-none-eabi-gcc/10.3-2021.07/gcc/bin/../lib/gcc/arm-none-eabi/10.3.1/thumb/v6-m/nofp/libgcc.a(extendsfdf2.o)
                0x0000000008002798                __aeabi_f2d
 .text          0x0000000008002828      0x110 /usr/local/Cellar/arm-none-eabi-gcc/10.3-2021.07/gcc/bin/../lib/gcc/arm-none-eabi/10.3.1/thumb/v6-m/nofp/libgcc.a(truncdfsf2.o)
                0x0000000008002828                __aeabi_d2f
 .text          0x0000000008002938       0x3c /usr/local/Cellar/arm-none-eabi-gcc/10.3-2021.07/gcc/bin/../lib/gcc/arm-none-eabi/10.3.1/thumb/v6-m/nofp/libgcc.a(_clzsi2.o)
                0x0000000008002938                __clzsi2
 *(.text*)
 .text.MX_DMA_Init
                0x0000000008002974       0x40 CMakeFiles/memstest.elf.dir/Core/Src/dma.c.obj
                0x0000000008002974                MX_DMA_Init
 .text.MX_GPIO_Init
                0x00000000080029b4       0x50 CMakeFiles/memstest.elf.dir/Core/Src/gpio.c.obj
                0x00000000080029b4                MX_GPIO_Init
 .text.HAL_GPIO_EXTI_Falling_Callback
                0x0000000008002a04       0x4c CMakeFiles/memstest.elf.dir/Core/Src/main.c.obj
                0x0000000008002a04                HAL_GPIO_EXTI_Falling_Callback
 .text.HAL_GPIO_EXTI_Rising_Callback
                0x0000000008002a50      0x138 CMakeFiles/memstest.elf.dir/Core/Src/main.c.obj
                0x0000000008002a50                HAL_GPIO_EXTI_Rising_Callback
 .text.huecolor
                0x0000000008002b88       0xac CMakeFiles/memstest.elf.dir/Core/Src/main.c.obj
                0x0000000008002b88                huecolor
 .text.Set_LED  0x0000000008002c34       0x18 CMakeFiles/memstest.elf.dir/Core/Src/main.c.obj
                0x0000000008002c34                Set_LED
 .text.WS2812_Send
                0x0000000008002c4c       0x88 CMakeFiles/memstest.elf.dir/Core/Src/main.c.obj
                0x0000000008002c4c                WS2812_Send
 .text.pdm2amp  0x0000000008002cd4       0x52 CMakeFiles/memstest.elf.dir/Core/Src/main.c.obj
                0x0000000008002cd4                pdm2amp
 .text.pdm2amp_rec
                0x0000000008002d26       0x58 CMakeFiles/memstest.elf.dir/Core/Src/main.c.obj
                0x0000000008002d26                pdm2amp_rec
 *fill*         0x0000000008002d7e        0x2 
 .text.HAL_TIM_PWM_PulseFinishedCallback
                0x0000000008002d80       0x1c CMakeFiles/memstest.elf.dir/Core/Src/main.c.obj
                0x0000000008002d80                HAL_TIM_PWM_PulseFinishedCallback
 .text.calculateAmp
                0x0000000008002d9c       0xb4 CMakeFiles/memstest.elf.dir/Core/Src/main.c.obj
                0x0000000008002d9c                calculateAmp
 .text.sysSleep
                0x0000000008002e50       0x2a CMakeFiles/memstest.elf.dir/Core/Src/main.c.obj
                0x0000000008002e50                sysSleep
 .text.sysDeepSleep
                0x0000000008002e7a       0x2a CMakeFiles/memstest.elf.dir/Core/Src/main.c.obj
                0x0000000008002e7a                sysDeepSleep
 .text.Error_Handler
                0x0000000008002ea4        0x4 CMakeFiles/memstest.elf.dir/Core/Src/main.c.obj
                0x0000000008002ea4                Error_Handler
 .text.SystemClock_Config
                0x0000000008002ea8       0xb8 CMakeFiles/memstest.elf.dir/Core/Src/main.c.obj
                0x0000000008002ea8                SystemClock_Config
 .text.main     0x0000000008002f60      0x958 CMakeFiles/memstest.elf.dir/Core/Src/main.c.obj
                0x0000000008002f60                main
 .text.MX_SPI1_Init
                0x00000000080038b8       0x54 CMakeFiles/memstest.elf.dir/Core/Src/spi.c.obj
                0x00000000080038b8                MX_SPI1_Init
 .text.HAL_SPI_MspInit
                0x000000000800390c       0xa8 CMakeFiles/memstest.elf.dir/Core/Src/spi.c.obj
                0x000000000800390c                HAL_SPI_MspInit
 .text.HAL_SPI_MspDeInit
                0x00000000080039b4       0x3c CMakeFiles/memstest.elf.dir/Core/Src/spi.c.obj
                0x00000000080039b4                HAL_SPI_MspDeInit
 .text.HAL_MspInit
                0x00000000080039f0       0x30 CMakeFiles/memstest.elf.dir/Core/Src/stm32g0xx_hal_msp.c.obj
                0x00000000080039f0                HAL_MspInit
 .text.NMI_Handler
                0x0000000008003a20        0x2 CMakeFiles/memstest.elf.dir/Core/Src/stm32g0xx_it.c.obj
                0x0000000008003a20                NMI_Handler
 .text.HardFault_Handler
                0x0000000008003a22        0x2 CMakeFiles/memstest.elf.dir/Core/Src/stm32g0xx_it.c.obj
                0x0000000008003a22                HardFault_Handler
 .text.SVC_Handler
                0x0000000008003a24        0x2 CMakeFiles/memstest.elf.dir/Core/Src/stm32g0xx_it.c.obj
                0x0000000008003a24                SVC_Handler
 .text.PendSV_Handler
                0x0000000008003a26        0x2 CMakeFiles/memstest.elf.dir/Core/Src/stm32g0xx_it.c.obj
                0x0000000008003a26                PendSV_Handler
 .text.SysTick_Handler
                0x0000000008003a28        0x8 CMakeFiles/memstest.elf.dir/Core/Src/stm32g0xx_it.c.obj
                0x0000000008003a28                SysTick_Handler
 .text.EXTI4_15_IRQHandler
                0x0000000008003a30       0x18 CMakeFiles/memstest.elf.dir/Core/Src/stm32g0xx_it.c.obj
                0x0000000008003a30                EXTI4_15_IRQHandler
 .text.DMA1_Channel1_IRQHandler
                0x0000000008003a48       0x10 CMakeFiles/memstest.elf.dir/Core/Src/stm32g0xx_it.c.obj
                0x0000000008003a48                DMA1_Channel1_IRQHandler
 .text.DMA1_Channel2_3_IRQHandler
                0x0000000008003a58       0x10 CMakeFiles/memstest.elf.dir/Core/Src/stm32g0xx_it.c.obj
                0x0000000008003a58                DMA1_Channel2_3_IRQHandler
 .text.SPI1_IRQHandler
                0x0000000008003a68       0x10 CMakeFiles/memstest.elf.dir/Core/Src/stm32g0xx_it.c.obj
                0x0000000008003a68                SPI1_IRQHandler
 .text.SystemInit
                0x0000000008003a78        0x2 CMakeFiles/memstest.elf.dir/Core/Src/system_stm32g0xx.c.obj
                0x0000000008003a78                SystemInit
 *fill*         0x0000000008003a7a        0x2 
 .text.HAL_TIM_Base_MspInit
                0x0000000008003a7c       0x74 CMakeFiles/memstest.elf.dir/Core/Src/tim.c.obj
                0x0000000008003a7c                HAL_TIM_Base_MspInit
 .text.HAL_TIM_MspPostInit
                0x0000000008003af0       0x50 CMakeFiles/memstest.elf.dir/Core/Src/tim.c.obj
                0x0000000008003af0                HAL_TIM_MspPostInit
 .text.MX_TIM1_Init
                0x0000000008003b40      0x114 CMakeFiles/memstest.elf.dir/Core/Src/tim.c.obj
                0x0000000008003b40                MX_TIM1_Init
 .text.Reset_Handler
                0x0000000008003c54       0x50 CMakeFiles/memstest.elf.dir/Core/Startup/startup_stm32g030f6px.s.obj
                0x0000000008003c54                Reset_Handler
 .text.Default_Handler
                0x0000000008003ca4        0x2 CMakeFiles/memstest.elf.dir/Core/Startup/startup_stm32g030f6px.s.obj
                0x0000000008003ca4                TIM1_BRK_UP_TRG_COM_IRQHandler
                0x0000000008003ca4                I2C1_IRQHandler
                0x0000000008003ca4                RTC_TAMP_IRQHandler
                0x0000000008003ca4                DMA1_Ch4_5_DMAMUX1_OVR_IRQHandler
                0x0000000008003ca4                EXTI2_3_IRQHandler
                0x0000000008003ca4                ADC1_IRQHandler
                0x0000000008003ca4                I2C2_IRQHandler
                0x0000000008003ca4                TIM17_IRQHandler
                0x0000000008003ca4                TIM16_IRQHandler
                0x0000000008003ca4                TIM3_IRQHandler
                0x0000000008003ca4                RCC_IRQHandler
                0x0000000008003ca4                Default_Handler
                0x0000000008003ca4                TIM14_IRQHandler
                0x0000000008003ca4                EXTI0_1_IRQHandler
                0x0000000008003ca4                SPI2_IRQHandler
                0x0000000008003ca4                WWDG_IRQHandler
                0x0000000008003ca4                USART2_IRQHandler
                0x0000000008003ca4                FLASH_IRQHandler
                0x0000000008003ca4                USART1_IRQHandler
                0x0000000008003ca4                TIM1_CC_IRQHandler
 *fill*         0x0000000008003ca6        0x2 
 .text.HAL_InitTick
                0x0000000008003ca8       0x58 CMakeFiles/memstest.elf.dir/Drivers/STM32G0xx_HAL_Driver/Src/stm32g0xx_hal.c.obj
                0x0000000008003ca8                HAL_InitTick
 .text.HAL_Init
                0x0000000008003d00       0x28 CMakeFiles/memstest.elf.dir/Drivers/STM32G0xx_HAL_Driver/Src/stm32g0xx_hal.c.obj
                0x0000000008003d00                HAL_Init
 .text.HAL_IncTick
                0x0000000008003d28       0x18 CMakeFiles/memstest.elf.dir/Drivers/STM32G0xx_HAL_Driver/Src/stm32g0xx_hal.c.obj
                0x0000000008003d28                HAL_IncTick
 .text.HAL_GetTick
                0x0000000008003d40        0xc CMakeFiles/memstest.elf.dir/Drivers/STM32G0xx_HAL_Driver/Src/stm32g0xx_hal.c.obj
                0x0000000008003d40                HAL_GetTick
 .text.HAL_NVIC_SetPriority
                0x0000000008003d4c       0x60 CMakeFiles/memstest.elf.dir/Drivers/STM32G0xx_HAL_Driver/Src/stm32g0xx_hal_cortex.c.obj
                0x0000000008003d4c                HAL_NVIC_SetPriority
 .text.HAL_NVIC_EnableIRQ
                0x0000000008003dac       0x18 CMakeFiles/memstest.elf.dir/Drivers/STM32G0xx_HAL_Driver/Src/stm32g0xx_hal_cortex.c.obj
                0x0000000008003dac                HAL_NVIC_EnableIRQ
 .text.HAL_NVIC_DisableIRQ
                0x0000000008003dc4       0x20 CMakeFiles/memstest.elf.dir/Drivers/STM32G0xx_HAL_Driver/Src/stm32g0xx_hal_cortex.c.obj
                0x0000000008003dc4                HAL_NVIC_DisableIRQ
 .text.HAL_SYSTICK_Config
                0x0000000008003de4       0x38 CMakeFiles/memstest.elf.dir/Drivers/STM32G0xx_HAL_Driver/Src/stm32g0xx_hal_cortex.c.obj
                0x0000000008003de4                HAL_SYSTICK_Config
 .text.DMA_SetConfig
                0x0000000008003e1c       0x48 CMakeFiles/memstest.elf.dir/Drivers/STM32G0xx_HAL_Driver/Src/stm32g0xx_hal_dma.c.obj
 .text.DMA_CalcDMAMUXChannelBaseAndMask
                0x0000000008003e64       0x38 CMakeFiles/memstest.elf.dir/Drivers/STM32G0xx_HAL_Driver/Src/stm32g0xx_hal_dma.c.obj
 .text.DMA_CalcDMAMUXRequestGenBaseAndMask
                0x0000000008003e9c       0x28 CMakeFiles/memstest.elf.dir/Drivers/STM32G0xx_HAL_Driver/Src/stm32g0xx_hal_dma.c.obj
 .text.HAL_DMA_Init
                0x0000000008003ec4       0xb0 CMakeFiles/memstest.elf.dir/Drivers/STM32G0xx_HAL_Driver/Src/stm32g0xx_hal_dma.c.obj
                0x0000000008003ec4                HAL_DMA_Init
 .text.HAL_DMA_DeInit
                0x0000000008003f74       0x8c CMakeFiles/memstest.elf.dir/Drivers/STM32G0xx_HAL_Driver/Src/stm32g0xx_hal_dma.c.obj
                0x0000000008003f74                HAL_DMA_DeInit
 .text.HAL_DMA_Start_IT
                0x0000000008004000       0x9c CMakeFiles/memstest.elf.dir/Drivers/STM32G0xx_HAL_Driver/Src/stm32g0xx_hal_dma.c.obj
                0x0000000008004000                HAL_DMA_Start_IT
 .text.HAL_DMA_Abort_IT
                0x000000000800409c       0x80 CMakeFiles/memstest.elf.dir/Drivers/STM32G0xx_HAL_Driver/Src/stm32g0xx_hal_dma.c.obj
                0x000000000800409c                HAL_DMA_Abort_IT
 .text.HAL_DMA_IRQHandler
                0x000000000800411c       0xcc CMakeFiles/memstest.elf.dir/Drivers/STM32G0xx_HAL_Driver/Src/stm32g0xx_hal_dma.c.obj
                0x000000000800411c                HAL_DMA_IRQHandler
 .text.HAL_GPIO_Init
                0x00000000080041e8      0x178 CMakeFiles/memstest.elf.dir/Drivers/STM32G0xx_HAL_Driver/Src/stm32g0xx_hal_gpio.c.obj
                0x00000000080041e8                HAL_GPIO_Init
 .text.HAL_GPIO_DeInit
                0x0000000008004360      0x104 CMakeFiles/memstest.elf.dir/Drivers/STM32G0xx_HAL_Driver/Src/stm32g0xx_hal_gpio.c.obj
                0x0000000008004360                HAL_GPIO_DeInit
 .text.HAL_GPIO_EXTI_IRQHandler
                0x0000000008004464       0x30 CMakeFiles/memstest.elf.dir/Drivers/STM32G0xx_HAL_Driver/Src/stm32g0xx_hal_gpio.c.obj
                0x0000000008004464                HAL_GPIO_EXTI_IRQHandler
 .text.SPI_WaitFlagStateUntilTimeout
                0x0000000008004494       0xe8 CMakeFiles/memstest.elf.dir/Drivers/STM32G0xx_HAL_Driver/Src/stm32g0xx_hal_spi.c.obj
 .text.SPI_WaitFifoStateUntilTimeout
                0x000000000800457c      0x114 CMakeFiles/memstest.elf.dir/Drivers/STM32G0xx_HAL_Driver/Src/stm32g0xx_hal_spi.c.obj
 .text.SPI_EndRxTxTransaction
                0x0000000008004690       0x68 CMakeFiles/memstest.elf.dir/Drivers/STM32G0xx_HAL_Driver/Src/stm32g0xx_hal_spi.c.obj
 .text.SPI_EndRxTransaction
                0x00000000080046f8       0x90 CMakeFiles/memstest.elf.dir/Drivers/STM32G0xx_HAL_Driver/Src/stm32g0xx_hal_spi.c.obj
 .text.HAL_SPI_Init
                0x0000000008004788      0x104 CMakeFiles/memstest.elf.dir/Drivers/STM32G0xx_HAL_Driver/Src/stm32g0xx_hal_spi.c.obj
                0x0000000008004788                HAL_SPI_Init
 .text.HAL_SPI_DeInit
                0x000000000800488c       0x2c CMakeFiles/memstest.elf.dir/Drivers/STM32G0xx_HAL_Driver/Src/stm32g0xx_hal_spi.c.obj
                0x000000000800488c                HAL_SPI_DeInit
 .text.HAL_SPI_TransmitReceive_DMA
                0x00000000080048b8      0x224 CMakeFiles/memstest.elf.dir/Drivers/STM32G0xx_HAL_Driver/Src/stm32g0xx_hal_spi.c.obj
                0x00000000080048b8                HAL_SPI_TransmitReceive_DMA
 .text.HAL_SPI_Receive_DMA
                0x0000000008004adc      0x18c CMakeFiles/memstest.elf.dir/Drivers/STM32G0xx_HAL_Driver/Src/stm32g0xx_hal_spi.c.obj
                0x0000000008004adc                HAL_SPI_Receive_DMA
 .text.HAL_SPI_RxCpltCallback
                0x0000000008004c68        0x2 CMakeFiles/memstest.elf.dir/Drivers/STM32G0xx_HAL_Driver/Src/stm32g0xx_hal_spi.c.obj
                0x0000000008004c68                HAL_SPI_RxCpltCallback
 .text.HAL_SPI_TxRxCpltCallback
                0x0000000008004c6a        0x2 CMakeFiles/memstest.elf.dir/Drivers/STM32G0xx_HAL_Driver/Src/stm32g0xx_hal_spi.c.obj
                0x0000000008004c6a                HAL_SPI_TxRxCpltCallback
 .text.HAL_SPI_RxHalfCpltCallback
                0x0000000008004c6c        0x2 CMakeFiles/memstest.elf.dir/Drivers/STM32G0xx_HAL_Driver/Src/stm32g0xx_hal_spi.c.obj
                0x0000000008004c6c                HAL_SPI_RxHalfCpltCallback
 .text.SPI_DMAHalfReceiveCplt
                0x0000000008004c6e        0xa CMakeFiles/memstest.elf.dir/Drivers/STM32G0xx_HAL_Driver/Src/stm32g0xx_hal_spi.c.obj
 .text.HAL_SPI_TxRxHalfCpltCallback
                0x0000000008004c78        0x2 CMakeFiles/memstest.elf.dir/Drivers/STM32G0xx_HAL_Driver/Src/stm32g0xx_hal_spi.c.obj
                0x0000000008004c78                HAL_SPI_TxRxHalfCpltCallback
 .text.SPI_DMAHalfTransmitReceiveCplt
                0x0000000008004c7a        0xa CMakeFiles/memstest.elf.dir/Drivers/STM32G0xx_HAL_Driver/Src/stm32g0xx_hal_spi.c.obj
 .text.HAL_SPI_ErrorCallback
                0x0000000008004c84        0x2 CMakeFiles/memstest.elf.dir/Drivers/STM32G0xx_HAL_Driver/Src/stm32g0xx_hal_spi.c.obj
                0x0000000008004c84                HAL_SPI_ErrorCallback
 .text.SPI_DMAError
                0x0000000008004c86       0x22 CMakeFiles/memstest.elf.dir/Drivers/STM32G0xx_HAL_Driver/Src/stm32g0xx_hal_spi.c.obj
 .text.SPI_DMAReceiveCplt
                0x0000000008004ca8       0x76 CMakeFiles/memstest.elf.dir/Drivers/STM32G0xx_HAL_Driver/Src/stm32g0xx_hal_spi.c.obj
 .text.SPI_DMATransmitReceiveCplt
                0x0000000008004d1e       0x60 CMakeFiles/memstest.elf.dir/Drivers/STM32G0xx_HAL_Driver/Src/stm32g0xx_hal_spi.c.obj
 *fill*         0x0000000008004d7e        0x2 
 .text.HAL_SPI_IRQHandler
                0x0000000008004d80      0x124 CMakeFiles/memstest.elf.dir/Drivers/STM32G0xx_HAL_Driver/Src/stm32g0xx_hal_spi.c.obj
                0x0000000008004d80                HAL_SPI_IRQHandler
 .text.SPI_DMAAbortOnError
                0x0000000008004ea4       0x12 CMakeFiles/memstest.elf.dir/Drivers/STM32G0xx_HAL_Driver/Src/stm32g0xx_hal_spi.c.obj
 *fill*         0x0000000008004eb6        0x2 
 .text.TIM_OC1_SetConfig
                0x0000000008004eb8       0x7c CMakeFiles/memstest.elf.dir/Drivers/STM32G0xx_HAL_Driver/Src/stm32g0xx_hal_tim.c.obj
 .text.TIM_OC3_SetConfig
                0x0000000008004f34       0x8c CMakeFiles/memstest.elf.dir/Drivers/STM32G0xx_HAL_Driver/Src/stm32g0xx_hal_tim.c.obj
 .text.TIM_OC4_SetConfig
                0x0000000008004fc0       0x68 CMakeFiles/memstest.elf.dir/Drivers/STM32G0xx_HAL_Driver/Src/stm32g0xx_hal_tim.c.obj
 .text.TIM_OC5_SetConfig
                0x0000000008005028       0x64 CMakeFiles/memstest.elf.dir/Drivers/STM32G0xx_HAL_Driver/Src/stm32g0xx_hal_tim.c.obj
 .text.TIM_OC6_SetConfig
                0x000000000800508c       0x68 CMakeFiles/memstest.elf.dir/Drivers/STM32G0xx_HAL_Driver/Src/stm32g0xx_hal_tim.c.obj
 .text.TIM_TI1_ConfigInputStage
                0x00000000080050f4       0x22 CMakeFiles/memstest.elf.dir/Drivers/STM32G0xx_HAL_Driver/Src/stm32g0xx_hal_tim.c.obj
 *fill*         0x0000000008005116        0x2 
 .text.TIM_TI2_ConfigInputStage
                0x0000000008005118       0x28 CMakeFiles/memstest.elf.dir/Drivers/STM32G0xx_HAL_Driver/Src/stm32g0xx_hal_tim.c.obj
 .text.TIM_ITRx_SetConfig
                0x0000000008005140       0x14 CMakeFiles/memstest.elf.dir/Drivers/STM32G0xx_HAL_Driver/Src/stm32g0xx_hal_tim.c.obj
 .text.HAL_TIM_PWM_MspInit
                0x0000000008005154        0x2 CMakeFiles/memstest.elf.dir/Drivers/STM32G0xx_HAL_Driver/Src/stm32g0xx_hal_tim.c.obj
                0x0000000008005154                HAL_TIM_PWM_MspInit
 .text.TIM_DMADelayPulseCplt
                0x0000000008005156       0x70 CMakeFiles/memstest.elf.dir/Drivers/STM32G0xx_HAL_Driver/Src/stm32g0xx_hal_tim.c.obj
 .text.HAL_TIM_PWM_PulseFinishedHalfCpltCallback
                0x00000000080051c6        0x2 CMakeFiles/memstest.elf.dir/Drivers/STM32G0xx_HAL_Driver/Src/stm32g0xx_hal_tim.c.obj
                0x00000000080051c6                HAL_TIM_PWM_PulseFinishedHalfCpltCallback
 .text.TIM_DMADelayPulseHalfCplt
                0x00000000080051c8       0x3e CMakeFiles/memstest.elf.dir/Drivers/STM32G0xx_HAL_Driver/Src/stm32g0xx_hal_tim.c.obj
                0x00000000080051c8                TIM_DMADelayPulseHalfCplt
 .text.HAL_TIM_ErrorCallback
                0x0000000008005206        0x2 CMakeFiles/memstest.elf.dir/Drivers/STM32G0xx_HAL_Driver/Src/stm32g0xx_hal_tim.c.obj
                0x0000000008005206                HAL_TIM_ErrorCallback
 .text.TIM_DMAError
                0x0000000008005208       0x5c CMakeFiles/memstest.elf.dir/Drivers/STM32G0xx_HAL_Driver/Src/stm32g0xx_hal_tim.c.obj
                0x0000000008005208                TIM_DMAError
 .text.TIM_Base_SetConfig
                0x0000000008005264       0x84 CMakeFiles/memstest.elf.dir/Drivers/STM32G0xx_HAL_Driver/Src/stm32g0xx_hal_tim.c.obj
                0x0000000008005264                TIM_Base_SetConfig
 .text.HAL_TIM_Base_Init
                0x00000000080052e8       0x60 CMakeFiles/memstest.elf.dir/Drivers/STM32G0xx_HAL_Driver/Src/stm32g0xx_hal_tim.c.obj
                0x00000000080052e8                HAL_TIM_Base_Init
 .text.HAL_TIM_PWM_Init
                0x0000000008005348       0x60 CMakeFiles/memstest.elf.dir/Drivers/STM32G0xx_HAL_Driver/Src/stm32g0xx_hal_tim.c.obj
                0x0000000008005348                HAL_TIM_PWM_Init
 .text.TIM_OC2_SetConfig
                0x00000000080053a8       0x80 CMakeFiles/memstest.elf.dir/Drivers/STM32G0xx_HAL_Driver/Src/stm32g0xx_hal_tim.c.obj
                0x00000000080053a8                TIM_OC2_SetConfig
 .text.HAL_TIM_PWM_ConfigChannel
                0x0000000008005428      0x144 CMakeFiles/memstest.elf.dir/Drivers/STM32G0xx_HAL_Driver/Src/stm32g0xx_hal_tim.c.obj
                0x0000000008005428                HAL_TIM_PWM_ConfigChannel
 .text.TIM_ETR_SetConfig
                0x000000000800556c       0x18 CMakeFiles/memstest.elf.dir/Drivers/STM32G0xx_HAL_Driver/Src/stm32g0xx_hal_tim.c.obj
                0x000000000800556c                TIM_ETR_SetConfig
 .text.HAL_TIM_ConfigClockSource
                0x0000000008005584      0x108 CMakeFiles/memstest.elf.dir/Drivers/STM32G0xx_HAL_Driver/Src/stm32g0xx_hal_tim.c.obj
                0x0000000008005584                HAL_TIM_ConfigClockSource
 .text.TIM_CCxChannelCmd
                0x000000000800568c       0x1a CMakeFiles/memstest.elf.dir/Drivers/STM32G0xx_HAL_Driver/Src/stm32g0xx_hal_tim.c.obj
                0x000000000800568c                TIM_CCxChannelCmd
 *fill*         0x00000000080056a6        0x2 
 .text.HAL_TIM_PWM_Start_DMA
                0x00000000080056a8      0x2b0 CMakeFiles/memstest.elf.dir/Drivers/STM32G0xx_HAL_Driver/Src/stm32g0xx_hal_tim.c.obj
                0x00000000080056a8                HAL_TIM_PWM_Start_DMA
 .text.HAL_TIM_PWM_Stop_DMA
                0x0000000008005958      0x130 CMakeFiles/memstest.elf.dir/Drivers/STM32G0xx_HAL_Driver/Src/stm32g0xx_hal_tim.c.obj
                0x0000000008005958                HAL_TIM_PWM_Stop_DMA
 .text.HAL_TIMEx_MasterConfigSynchronization
                0x0000000008005a88       0x70 CMakeFiles/memstest.elf.dir/Drivers/STM32G0xx_HAL_Driver/Src/stm32g0xx_hal_tim_ex.c.obj
                0x0000000008005a88                HAL_TIMEx_MasterConfigSynchronization
 .text.HAL_TIMEx_ConfigBreakDeadTime
                0x0000000008005af8       0xcc CMakeFiles/memstest.elf.dir/Drivers/STM32G0xx_HAL_Driver/Src/stm32g0xx_hal_tim_ex.c.obj
                0x0000000008005af8                HAL_TIMEx_ConfigBreakDeadTime
 .text.LL_SetSystemCoreClock
                0x0000000008005bc4        0xc CMakeFiles/memstest.elf.dir/Drivers/STM32G0xx_HAL_Driver/Src/stm32g0xx_ll_utils.c.obj
                0x0000000008005bc4                LL_SetSystemCoreClock
 .text.__libc_init_array
                0x0000000008005bd0       0x44 /usr/local/Cellar/arm-none-eabi-gcc/10.3-2021.07/gcc/bin/../lib/gcc/arm-none-eabi/10.3.1/../../../../arm-none-eabi/lib/thumb/v6-m/nofp/libg.a(lib_a-init.o)
                0x0000000008005bd0                __libc_init_array
 .text.memset   0x0000000008005c14       0xa8 /usr/local/Cellar/arm-none-eabi-gcc/10.3-2021.07/gcc/bin/../lib/gcc/arm-none-eabi/10.3.1/../../../../arm-none-eabi/lib/thumb/v6-m/nofp/libg.a(lib_a-memset.o)
                0x0000000008005c14                memset
 .text.startup.register_fini
                0x0000000008005cbc       0x18 /usr/local/Cellar/arm-none-eabi-gcc/10.3-2021.07/gcc/bin/../lib/gcc/arm-none-eabi/10.3.1/../../../../arm-none-eabi/lib/thumb/v6-m/nofp/libg.a(lib_a-__call_atexit.o)
 .text.atexit   0x0000000008005cd4       0x10 /usr/local/Cellar/arm-none-eabi-gcc/10.3-2021.07/gcc/bin/../lib/gcc/arm-none-eabi/10.3.1/../../../../arm-none-eabi/lib/thumb/v6-m/nofp/libg.a(lib_a-atexit.o)
                0x0000000008005cd4                atexit
 .text.__libc_fini_array
                0x0000000008005ce4       0x28 /usr/local/Cellar/arm-none-eabi-gcc/10.3-2021.07/gcc/bin/../lib/gcc/arm-none-eabi/10.3.1/../../../../arm-none-eabi/lib/thumb/v6-m/nofp/libg.a(lib_a-fini.o)
                0x0000000008005ce4                __libc_fini_array
 .text.__retarget_lock_acquire_recursive
                0x0000000008005d0c        0x4 /usr/local/Cellar/arm-none-eabi-gcc/10.3-2021.07/gcc/bin/../lib/gcc/arm-none-eabi/10.3.1/../../../../arm-none-eabi/lib/thumb/v6-m/nofp/libg.a(lib_a-lock.o)
                0x0000000008005d0c                __retarget_lock_acquire_recursive
 .text.__retarget_lock_release_recursive
                0x0000000008005d10        0x4 /usr/local/Cellar/arm-none-eabi-gcc/10.3-2021.07/gcc/bin/../lib/gcc/arm-none-eabi/10.3.1/../../../../arm-none-eabi/lib/thumb/v6-m/nofp/libg.a(lib_a-lock.o)
                0x0000000008005d10                __retarget_lock_release_recursive
 .text.__register_exitproc
                0x0000000008005d14       0xac /usr/local/Cellar/arm-none-eabi-gcc/10.3-2021.07/gcc/bin/../lib/gcc/arm-none-eabi/10.3.1/../../../../arm-none-eabi/lib/thumb/v6-m/nofp/libg.a(lib_a-__atexit.o)
                0x0000000008005d14                __register_exitproc
 *(.glue_7)
 .glue_7        0x0000000008005dc0        0x0 linker stubs
 *(.glue_7t)
 .glue_7t       0x0000000008005dc0        0x0 linker stubs
 *(.eh_frame)
 .eh_frame      0x0000000008005dc0        0x0 /usr/local/Cellar/arm-none-eabi-gcc/10.3-2021.07/gcc/bin/../lib/gcc/arm-none-eabi/10.3.1/thumb/v6-m/nofp/crtbegin.o
 *(.init)
 .init          0x0000000008005dc0        0x4 /usr/local/Cellar/arm-none-eabi-gcc/10.3-2021.07/gcc/bin/../lib/gcc/arm-none-eabi/10.3.1/thumb/v6-m/nofp/crti.o
                0x0000000008005dc0                _init
 .init          0x0000000008005dc4        0x8 /usr/local/Cellar/arm-none-eabi-gcc/10.3-2021.07/gcc/bin/../lib/gcc/arm-none-eabi/10.3.1/thumb/v6-m/nofp/crtn.o
 *(.fini)
 .fini          0x0000000008005dcc        0x4 /usr/local/Cellar/arm-none-eabi-gcc/10.3-2021.07/gcc/bin/../lib/gcc/arm-none-eabi/10.3.1/thumb/v6-m/nofp/crti.o
                0x0000000008005dcc                _fini
 .fini          0x0000000008005dd0        0x8 /usr/local/Cellar/arm-none-eabi-gcc/10.3-2021.07/gcc/bin/../lib/gcc/arm-none-eabi/10.3.1/thumb/v6-m/nofp/crtn.o
                0x0000000008005dd8                . = ALIGN (0x4)
                0x0000000008005dd8                _etext = .

.vfp11_veneer   0x0000000008005dd8        0x0
 .vfp11_veneer  0x0000000008005dd8        0x0 linker stubs

.v4_bx          0x0000000008005dd8        0x0
 .v4_bx         0x0000000008005dd8        0x0 linker stubs

.iplt           0x0000000008005dd8        0x0
 .iplt          0x0000000008005dd8        0x0 /usr/local/Cellar/arm-none-eabi-gcc/10.3-2021.07/gcc/bin/../lib/gcc/arm-none-eabi/10.3.1/thumb/v6-m/nofp/crtbegin.o

.rodata         0x0000000008005dd8       0xf0
                0x0000000008005dd8                . = ALIGN (0x4)
 *(.rodata)
 .rodata        0x0000000008005dd8       0x40 /usr/local/Cellar/arm-none-eabi-gcc/10.3-2021.07/gcc/bin/../lib/gcc/arm-none-eabi/10.3.1/thumb/v6-m/nofp/libgcc.a(divdf3.o)
 .rodata        0x0000000008005e18       0x40 /usr/local/Cellar/arm-none-eabi-gcc/10.3-2021.07/gcc/bin/../lib/gcc/arm-none-eabi/10.3.1/thumb/v6-m/nofp/libgcc.a(muldf3.o)
 *(.rodata*)
 .rodata.huecolor
                0x0000000008005e58       0x18 CMakeFiles/memstest.elf.dir/Core/Src/main.c.obj
 .rodata.HAL_TIM_PWM_ConfigChannel
                0x0000000008005e70       0x54 CMakeFiles/memstest.elf.dir/Drivers/STM32G0xx_HAL_Driver/Src/stm32g0xx_hal_tim.c.obj
 .rodata._global_impure_ptr
                0x0000000008005ec4        0x4 /usr/local/Cellar/arm-none-eabi-gcc/10.3-2021.07/gcc/bin/../lib/gcc/arm-none-eabi/10.3.1/../../../../arm-none-eabi/lib/thumb/v6-m/nofp/libg.a(lib_a-impure.o)
                0x0000000008005ec4                _global_impure_ptr
                0x0000000008005ec8                . = ALIGN (0x4)

.rel.dyn        0x0000000008005ec8        0x0
 .rel.iplt      0x0000000008005ec8        0x0 /usr/local/Cellar/arm-none-eabi-gcc/10.3-2021.07/gcc/bin/../lib/gcc/arm-none-eabi/10.3.1/thumb/v6-m/nofp/crtbegin.o

.ARM.extab      0x0000000008005ec8        0x0
                0x0000000008005ec8                . = ALIGN (0x4)
 *(.ARM.extab* .gnu.linkonce.armextab.*)
                0x0000000008005ec8                . = ALIGN (0x4)

.ARM            0x0000000008005ec8        0x0
                0x0000000008005ec8                . = ALIGN (0x4)
                0x0000000008005ec8                __exidx_start = .
 *(.ARM.exidx*)
                0x0000000008005ec8                __exidx_end = .
                0x0000000008005ec8                . = ALIGN (0x4)

.preinit_array  0x0000000008005ec8        0x0
                0x0000000008005ec8                . = ALIGN (0x4)
                0x0000000008005ec8                PROVIDE (__preinit_array_start = .)
 *(.preinit_array*)
                0x0000000008005ec8                PROVIDE (__preinit_array_end = .)
                0x0000000008005ec8                . = ALIGN (0x4)

.init_array     0x0000000008005ec8        0x8
                0x0000000008005ec8                . = ALIGN (0x4)
                0x0000000008005ec8                PROVIDE (__init_array_start = .)
 *(SORT_BY_NAME(.init_array.*))
 .init_array.00000
                0x0000000008005ec8        0x4 /usr/local/Cellar/arm-none-eabi-gcc/10.3-2021.07/gcc/bin/../lib/gcc/arm-none-eabi/10.3.1/../../../../arm-none-eabi/lib/thumb/v6-m/nofp/libg.a(lib_a-__call_atexit.o)
 *(.init_array*)
 .init_array    0x0000000008005ecc        0x4 /usr/local/Cellar/arm-none-eabi-gcc/10.3-2021.07/gcc/bin/../lib/gcc/arm-none-eabi/10.3.1/thumb/v6-m/nofp/crtbegin.o
                0x0000000008005ed0                PROVIDE (__init_array_end = .)
                0x0000000008005ed0                . = ALIGN (0x4)

.fini_array     0x0000000008005ed0        0x4
                0x0000000008005ed0                . = ALIGN (0x4)
                0x0000000008005ed0                PROVIDE (__fini_array_start = .)
 *(SORT_BY_NAME(.fini_array.*))
 *(.fini_array*)
 .fini_array    0x0000000008005ed0        0x4 /usr/local/Cellar/arm-none-eabi-gcc/10.3-2021.07/gcc/bin/../lib/gcc/arm-none-eabi/10.3.1/thumb/v6-m/nofp/crtbegin.o
                0x0000000008005ed4                PROVIDE (__fini_array_end = .)
                0x0000000008005ed4                . = ALIGN (0x4)
                0x0000000008005ed4                _sidata = LOADADDR (.data)

.data           0x0000000020000000      0x454 load address 0x0000000008005ed4
                0x0000000020000000                . = ALIGN (0x4)
                0x0000000020000000                _sdata = .
 *(.data)
 *(.data*)
 .data.brightness
                0x0000000020000000        0x8 CMakeFiles/memstest.elf.dir/Core/Src/main.c.obj
                0x0000000020000000                brightness
 .data.brightness_dest
                0x0000000020000008        0x8 CMakeFiles/memstest.elf.dir/Core/Src/main.c.obj
                0x0000000020000008                brightness_dest
 .data.color_speed
                0x0000000020000010        0x8 CMakeFiles/memstest.elf.dir/Core/Src/main.c.obj
                0x0000000020000010                color_speed
 .data.key_pair
                0x0000000020000018        0x4 CMakeFiles/memstest.elf.dir/Core/Src/main.c.obj
                0x0000000020000018                key_pair
 .data.SystemCoreClock
                0x000000002000001c        0x4 CMakeFiles/memstest.elf.dir/Core/Src/system_stm32g0xx.c.obj
                0x000000002000001c                SystemCoreClock
 .data.uwTickFreq
                0x0000000020000020        0x1 CMakeFiles/memstest.elf.dir/Drivers/STM32G0xx_HAL_Driver/Src/stm32g0xx_hal.c.obj
                0x0000000020000020                uwTickFreq
 *fill*         0x0000000020000021        0x3 
 .data.uwTickPrio
                0x0000000020000024        0x4 CMakeFiles/memstest.elf.dir/Drivers/STM32G0xx_HAL_Driver/Src/stm32g0xx_hal.c.obj
                0x0000000020000024                uwTickPrio
 .data.impure_data
                0x0000000020000028      0x428 /usr/local/Cellar/arm-none-eabi-gcc/10.3-2021.07/gcc/bin/../lib/gcc/arm-none-eabi/10.3.1/../../../../arm-none-eabi/lib/thumb/v6-m/nofp/libg.a(lib_a-impure.o)
 .data.__atexit_recursive_mutex
                0x0000000020000450        0x4 /usr/local/Cellar/arm-none-eabi-gcc/10.3-2021.07/gcc/bin/../lib/gcc/arm-none-eabi/10.3.1/../../../../arm-none-eabi/lib/thumb/v6-m/nofp/libg.a(lib_a-__call_atexit.o)
                0x0000000020000450                __atexit_recursive_mutex
 *(.RamFunc)
 *(.RamFunc*)
                0x0000000020000454                . = ALIGN (0x4)
                0x0000000020000454                _edata = .

.igot.plt       0x0000000020000454        0x0 load address 0x0000000008006328
 .igot.plt      0x0000000020000454        0x0 /usr/local/Cellar/arm-none-eabi-gcc/10.3-2021.07/gcc/bin/../lib/gcc/arm-none-eabi/10.3.1/thumb/v6-m/nofp/crtbegin.o
                0x0000000020000454                . = ALIGN (0x4)

.bss            0x0000000020000458      0x78c load address 0x0000000008006328
                0x0000000020000458                _sbss = .
                0x0000000020000458                __bss_start__ = _sbss
 *(.bss)
 .bss           0x0000000020000458       0x1c /usr/local/Cellar/arm-none-eabi-gcc/10.3-2021.07/gcc/bin/../lib/gcc/arm-none-eabi/10.3.1/thumb/v6-m/nofp/crtbegin.o
 *(.bss*)
 .bss.LED_Data  0x0000000020000474       0x44 CMakeFiles/memstest.elf.dir/Core/Src/main.c.obj
                0x0000000020000474                LED_Data
 .bss.datasentflag
                0x00000000200004b8        0x1 CMakeFiles/memstest.elf.dir/Core/Src/main.c.obj
                0x00000000200004b8                datasentflag
 *fill*         0x00000000200004b9        0x7 
 .bss.key_counter
                0x00000000200004c0        0x8 CMakeFiles/memstest.elf.dir/Core/Src/main.c.obj
                0x00000000200004c0                key_counter
 .bss.key_pending
                0x00000000200004c8        0x4 CMakeFiles/memstest.elf.dir/Core/Src/main.c.obj
                0x00000000200004c8                key_pending
 .bss.last_sys_state
                0x00000000200004cc        0x4 CMakeFiles/memstest.elf.dir/Core/Src/main.c.obj
                0x00000000200004cc                last_sys_state
 .bss.pwmData   0x00000000200004d0      0x394 CMakeFiles/memstest.elf.dir/Core/Src/main.c.obj
                0x00000000200004d0                pwmData
 .bss.r         0x0000000020000864      0x200 CMakeFiles/memstest.elf.dir/Core/Src/main.c.obj
                0x0000000020000864                r
 *fill*         0x0000000020000a64        0x4 
 .bss.sleep_counter
                0x0000000020000a68        0x8 CMakeFiles/memstest.elf.dir/Core/Src/main.c.obj
                0x0000000020000a68                sleep_counter
 .bss.sys_state
                0x0000000020000a70        0x4 CMakeFiles/memstest.elf.dir/Core/Src/main.c.obj
                0x0000000020000a70                sys_state
 .bss.hdma_spi1_rx
                0x0000000020000a74       0x5c CMakeFiles/memstest.elf.dir/Core/Src/spi.c.obj
                0x0000000020000a74                hdma_spi1_rx
 .bss.hspi1     0x0000000020000ad0       0x64 CMakeFiles/memstest.elf.dir/Core/Src/spi.c.obj
                0x0000000020000ad0                hspi1
 .bss.hdma_tim1_ch1
                0x0000000020000b34       0x5c CMakeFiles/memstest.elf.dir/Core/Src/tim.c.obj
                0x0000000020000b34                hdma_tim1_ch1
 .bss.htim1     0x0000000020000b90       0x4c CMakeFiles/memstest.elf.dir/Core/Src/tim.c.obj
                0x0000000020000b90                htim1
 .bss.uwTick    0x0000000020000bdc        0x4 CMakeFiles/memstest.elf.dir/Drivers/STM32G0xx_HAL_Driver/Src/stm32g0xx_hal.c.obj
                0x0000000020000bdc                uwTick
 .bss.__lock___atexit_recursive_mutex
                0x0000000020000be0        0x1 /usr/local/Cellar/arm-none-eabi-gcc/10.3-2021.07/gcc/bin/../lib/gcc/arm-none-eabi/10.3.1/../../../../arm-none-eabi/lib/thumb/v6-m/nofp/libg.a(lib_a-lock.o)
                0x0000000020000be0                __lock___atexit_recursive_mutex
 *(COMMON)
                0x0000000020000be4                . = ALIGN (0x4)
 *fill*         0x0000000020000be1        0x3 
                0x0000000020000be4                _ebss = .
                0x0000000020000be4                __bss_end__ = _ebss

._user_heap_stack
                0x0000000020000be4      0x604 load address 0x0000000008006328
                0x0000000020000be8                . = ALIGN (0x8)
 *fill*         0x0000000020000be4        0x4 
                [!provide]                        PROVIDE (end = .)
                0x0000000020000be8                PROVIDE (_end = .)
                0x0000000020000de8                . = (. + _Min_Heap_Size)
 *fill*         0x0000000020000be8      0x200 
                0x00000000200011e8                . = (. + _Min_Stack_Size)
 *fill*         0x0000000020000de8      0x400 
                0x00000000200011e8                . = ALIGN (0x8)

/DISCARD/
 libc.a(*)
 libm.a(*)
 libgcc.a(*)

.ARM.attributes
                0x0000000000000000       0x28
 *(.ARM.attributes)
 .ARM.attributes
                0x0000000000000000       0x1e /usr/local/Cellar/arm-none-eabi-gcc/10.3-2021.07/gcc/bin/../lib/gcc/arm-none-eabi/10.3.1/thumb/v6-m/nofp/crti.o
 .ARM.attributes
                0x000000000000001e       0x2c /usr/local/Cellar/arm-none-eabi-gcc/10.3-2021.07/gcc/bin/../lib/gcc/arm-none-eabi/10.3.1/thumb/v6-m/nofp/crtbegin.o
 .ARM.attributes
                0x000000000000004a       0x2c CMakeFiles/memstest.elf.dir/Core/Src/dma.c.obj
 .ARM.attributes
                0x0000000000000076       0x2c CMakeFiles/memstest.elf.dir/Core/Src/gpio.c.obj
 .ARM.attributes
                0x00000000000000a2       0x2c CMakeFiles/memstest.elf.dir/Core/Src/main.c.obj
 .ARM.attributes
                0x00000000000000ce       0x2c CMakeFiles/memstest.elf.dir/Core/Src/spi.c.obj
 .ARM.attributes
                0x00000000000000fa       0x2c CMakeFiles/memstest.elf.dir/Core/Src/stm32g0xx_hal_msp.c.obj
 .ARM.attributes
                0x0000000000000126       0x2c CMakeFiles/memstest.elf.dir/Core/Src/stm32g0xx_it.c.obj
 .ARM.attributes
                0x0000000000000152       0x2c CMakeFiles/memstest.elf.dir/Core/Src/system_stm32g0xx.c.obj
 .ARM.attributes
                0x000000000000017e       0x2c CMakeFiles/memstest.elf.dir/Core/Src/tim.c.obj
 .ARM.attributes
                0x00000000000001aa       0x22 CMakeFiles/memstest.elf.dir/Core/Startup/startup_stm32g030f6px.s.obj
 .ARM.attributes
                0x00000000000001cc       0x2c CMakeFiles/memstest.elf.dir/Drivers/STM32G0xx_HAL_Driver/Src/stm32g0xx_hal.c.obj
 .ARM.attributes
                0x00000000000001f8       0x2c CMakeFiles/memstest.elf.dir/Drivers/STM32G0xx_HAL_Driver/Src/stm32g0xx_hal_cortex.c.obj
 .ARM.attributes
                0x0000000000000224       0x2c CMakeFiles/memstest.elf.dir/Drivers/STM32G0xx_HAL_Driver/Src/stm32g0xx_hal_dma.c.obj
 .ARM.attributes
                0x0000000000000250       0x2c CMakeFiles/memstest.elf.dir/Drivers/STM32G0xx_HAL_Driver/Src/stm32g0xx_hal_gpio.c.obj
 .ARM.attributes
                0x000000000000027c       0x2c CMakeFiles/memstest.elf.dir/Drivers/STM32G0xx_HAL_Driver/Src/stm32g0xx_hal_spi.c.obj
 .ARM.attributes
                0x00000000000002a8       0x2c CMakeFiles/memstest.elf.dir/Drivers/STM32G0xx_HAL_Driver/Src/stm32g0xx_hal_tim.c.obj
 .ARM.attributes
                0x00000000000002d4       0x2c CMakeFiles/memstest.elf.dir/Drivers/STM32G0xx_HAL_Driver/Src/stm32g0xx_hal_tim_ex.c.obj
 .ARM.attributes
                0x0000000000000300       0x2c CMakeFiles/memstest.elf.dir/Drivers/STM32G0xx_HAL_Driver/Src/stm32g0xx_ll_utils.c.obj
 .ARM.attributes
                0x000000000000032c       0x1e /usr/local/Cellar/arm-none-eabi-gcc/10.3-2021.07/gcc/bin/../lib/gcc/arm-none-eabi/10.3.1/thumb/v6-m/nofp/libgcc.a(_udivsi3.o)
 .ARM.attributes
                0x000000000000034a       0x1e /usr/local/Cellar/arm-none-eabi-gcc/10.3-2021.07/gcc/bin/../lib/gcc/arm-none-eabi/10.3.1/thumb/v6-m/nofp/libgcc.a(_dvmd_tls.o)
 .ARM.attributes
                0x0000000000000368       0x1e /usr/local/Cellar/arm-none-eabi-gcc/10.3-2021.07/gcc/bin/../lib/gcc/arm-none-eabi/10.3.1/thumb/v6-m/nofp/libgcc.a(_arm_cmpdf2.o)
 .ARM.attributes
                0x0000000000000386       0x1e /usr/local/Cellar/arm-none-eabi-gcc/10.3-2021.07/gcc/bin/../lib/gcc/arm-none-eabi/10.3.1/thumb/v6-m/nofp/libgcc.a(_arm_cmpsf2.o)
 .ARM.attributes
                0x00000000000003a4       0x2c /usr/local/Cellar/arm-none-eabi-gcc/10.3-2021.07/gcc/bin/../lib/gcc/arm-none-eabi/10.3.1/thumb/v6-m/nofp/libgcc.a(_floatundidf.o)
 .ARM.attributes
                0x00000000000003d0       0x2c /usr/local/Cellar/arm-none-eabi-gcc/10.3-2021.07/gcc/bin/../lib/gcc/arm-none-eabi/10.3.1/thumb/v6-m/nofp/libgcc.a(addsf3.o)
 .ARM.attributes
                0x00000000000003fc       0x2c /usr/local/Cellar/arm-none-eabi-gcc/10.3-2021.07/gcc/bin/../lib/gcc/arm-none-eabi/10.3.1/thumb/v6-m/nofp/libgcc.a(eqsf2.o)
 .ARM.attributes
                0x0000000000000428       0x2c /usr/local/Cellar/arm-none-eabi-gcc/10.3-2021.07/gcc/bin/../lib/gcc/arm-none-eabi/10.3.1/thumb/v6-m/nofp/libgcc.a(gesf2.o)
 .ARM.attributes
                0x0000000000000454       0x2c /usr/local/Cellar/arm-none-eabi-gcc/10.3-2021.07/gcc/bin/../lib/gcc/arm-none-eabi/10.3.1/thumb/v6-m/nofp/libgcc.a(lesf2.o)
 .ARM.attributes
                0x0000000000000480       0x2c /usr/local/Cellar/arm-none-eabi-gcc/10.3-2021.07/gcc/bin/../lib/gcc/arm-none-eabi/10.3.1/thumb/v6-m/nofp/libgcc.a(subsf3.o)
 .ARM.attributes
                0x00000000000004ac       0x2c /usr/local/Cellar/arm-none-eabi-gcc/10.3-2021.07/gcc/bin/../lib/gcc/arm-none-eabi/10.3.1/thumb/v6-m/nofp/libgcc.a(fixsfsi.o)
 .ARM.attributes
                0x00000000000004d8       0x2c /usr/local/Cellar/arm-none-eabi-gcc/10.3-2021.07/gcc/bin/../lib/gcc/arm-none-eabi/10.3.1/thumb/v6-m/nofp/libgcc.a(floatsisf.o)
 .ARM.attributes
                0x0000000000000504       0x2c /usr/local/Cellar/arm-none-eabi-gcc/10.3-2021.07/gcc/bin/../lib/gcc/arm-none-eabi/10.3.1/thumb/v6-m/nofp/libgcc.a(adddf3.o)
 .ARM.attributes
                0x0000000000000530       0x2c /usr/local/Cellar/arm-none-eabi-gcc/10.3-2021.07/gcc/bin/../lib/gcc/arm-none-eabi/10.3.1/thumb/v6-m/nofp/libgcc.a(divdf3.o)
 .ARM.attributes
                0x000000000000055c       0x2c /usr/local/Cellar/arm-none-eabi-gcc/10.3-2021.07/gcc/bin/../lib/gcc/arm-none-eabi/10.3.1/thumb/v6-m/nofp/libgcc.a(eqdf2.o)
 .ARM.attributes
                0x0000000000000588       0x2c /usr/local/Cellar/arm-none-eabi-gcc/10.3-2021.07/gcc/bin/../lib/gcc/arm-none-eabi/10.3.1/thumb/v6-m/nofp/libgcc.a(gedf2.o)
 .ARM.attributes
                0x00000000000005b4       0x2c /usr/local/Cellar/arm-none-eabi-gcc/10.3-2021.07/gcc/bin/../lib/gcc/arm-none-eabi/10.3.1/thumb/v6-m/nofp/libgcc.a(ledf2.o)
 .ARM.attributes
                0x00000000000005e0       0x2c /usr/local/Cellar/arm-none-eabi-gcc/10.3-2021.07/gcc/bin/../lib/gcc/arm-none-eabi/10.3.1/thumb/v6-m/nofp/libgcc.a(muldf3.o)
 .ARM.attributes
                0x000000000000060c       0x2c /usr/local/Cellar/arm-none-eabi-gcc/10.3-2021.07/gcc/bin/../lib/gcc/arm-none-eabi/10.3.1/thumb/v6-m/nofp/libgcc.a(subdf3.o)
 .ARM.attributes
                0x0000000000000638       0x2c /usr/local/Cellar/arm-none-eabi-gcc/10.3-2021.07/gcc/bin/../lib/gcc/arm-none-eabi/10.3.1/thumb/v6-m/nofp/libgcc.a(fixdfsi.o)
 .ARM.attributes
                0x0000000000000664       0x2c /usr/local/Cellar/arm-none-eabi-gcc/10.3-2021.07/gcc/bin/../lib/gcc/arm-none-eabi/10.3.1/thumb/v6-m/nofp/libgcc.a(floatsidf.o)
 .ARM.attributes
                0x0000000000000690       0x2c /usr/local/Cellar/arm-none-eabi-gcc/10.3-2021.07/gcc/bin/../lib/gcc/arm-none-eabi/10.3.1/thumb/v6-m/nofp/libgcc.a(floatunsidf.o)
 .ARM.attributes
                0x00000000000006bc       0x2c /usr/local/Cellar/arm-none-eabi-gcc/10.3-2021.07/gcc/bin/../lib/gcc/arm-none-eabi/10.3.1/thumb/v6-m/nofp/libgcc.a(extendsfdf2.o)
 .ARM.attributes
                0x00000000000006e8       0x2c /usr/local/Cellar/arm-none-eabi-gcc/10.3-2021.07/gcc/bin/../lib/gcc/arm-none-eabi/10.3.1/thumb/v6-m/nofp/libgcc.a(truncdfsf2.o)
 .ARM.attributes
                0x0000000000000714       0x1e /usr/local/Cellar/arm-none-eabi-gcc/10.3-2021.07/gcc/bin/../lib/gcc/arm-none-eabi/10.3.1/thumb/v6-m/nofp/libgcc.a(_clzsi2.o)
 .ARM.attributes
                0x0000000000000732       0x2c /usr/local/Cellar/arm-none-eabi-gcc/10.3-2021.07/gcc/bin/../lib/gcc/arm-none-eabi/10.3.1/../../../../arm-none-eabi/lib/thumb/v6-m/nofp/libg.a(lib_a-impure.o)
 .ARM.attributes
                0x000000000000075e       0x2c /usr/local/Cellar/arm-none-eabi-gcc/10.3-2021.07/gcc/bin/../lib/gcc/arm-none-eabi/10.3.1/../../../../arm-none-eabi/lib/thumb/v6-m/nofp/libg.a(lib_a-init.o)
 .ARM.attributes
                0x000000000000078a       0x2c /usr/local/Cellar/arm-none-eabi-gcc/10.3-2021.07/gcc/bin/../lib/gcc/arm-none-eabi/10.3.1/../../../../arm-none-eabi/lib/thumb/v6-m/nofp/libg.a(lib_a-memset.o)
 .ARM.attributes
                0x00000000000007b6       0x2c /usr/local/Cellar/arm-none-eabi-gcc/10.3-2021.07/gcc/bin/../lib/gcc/arm-none-eabi/10.3.1/../../../../arm-none-eabi/lib/thumb/v6-m/nofp/libg.a(lib_a-__call_atexit.o)
 .ARM.attributes
                0x00000000000007e2       0x2c /usr/local/Cellar/arm-none-eabi-gcc/10.3-2021.07/gcc/bin/../lib/gcc/arm-none-eabi/10.3.1/../../../../arm-none-eabi/lib/thumb/v6-m/nofp/libg.a(lib_a-atexit.o)
 .ARM.attributes
                0x000000000000080e       0x2c /usr/local/Cellar/arm-none-eabi-gcc/10.3-2021.07/gcc/bin/../lib/gcc/arm-none-eabi/10.3.1/../../../../arm-none-eabi/lib/thumb/v6-m/nofp/libg.a(lib_a-fini.o)
 .ARM.attributes
                0x000000000000083a       0x2c /usr/local/Cellar/arm-none-eabi-gcc/10.3-2021.07/gcc/bin/../lib/gcc/arm-none-eabi/10.3.1/../../../../arm-none-eabi/lib/thumb/v6-m/nofp/libg.a(lib_a-lock.o)
 .ARM.attributes
                0x0000000000000866       0x2c /usr/local/Cellar/arm-none-eabi-gcc/10.3-2021.07/gcc/bin/../lib/gcc/arm-none-eabi/10.3.1/../../../../arm-none-eabi/lib/thumb/v6-m/nofp/libg.a(lib_a-__atexit.o)
 .ARM.attributes
                0x0000000000000892       0x1e /usr/local/Cellar/arm-none-eabi-gcc/10.3-2021.07/gcc/bin/../lib/gcc/arm-none-eabi/10.3.1/thumb/v6-m/nofp/crtn.o
OUTPUT(memstest.elf elf32-littlearm)
LOAD linker stubs
LOAD /usr/local/Cellar/arm-none-eabi-gcc/10.3-2021.07/gcc/bin/../lib/gcc/arm-none-eabi/10.3.1/../../../../arm-none-eabi/lib/thumb/v6-m/nofp/libc.a
LOAD /usr/local/Cellar/arm-none-eabi-gcc/10.3-2021.07/gcc/bin/../lib/gcc/arm-none-eabi/10.3.1/../../../../arm-none-eabi/lib/thumb/v6-m/nofp/libm.a
LOAD /usr/local/Cellar/arm-none-eabi-gcc/10.3-2021.07/gcc/bin/../lib/gcc/arm-none-eabi/10.3.1/thumb/v6-m/nofp/libgcc.a

.debug_info     0x0000000000000000    0x10a2b
 .debug_info    0x0000000000000000      0x3a8 CMakeFiles/memstest.elf.dir/Core/Src/dma.c.obj
 .debug_info    0x00000000000003a8      0x500 CMakeFiles/memstest.elf.dir/Core/Src/gpio.c.obj
 .debug_info    0x00000000000008a8     0x2491 CMakeFiles/memstest.elf.dir/Core/Src/main.c.obj
 .debug_info    0x0000000000002d39      0xc45 CMakeFiles/memstest.elf.dir/Core/Src/spi.c.obj
 .debug_info    0x000000000000397e      0x292 CMakeFiles/memstest.elf.dir/Core/Src/stm32g0xx_hal_msp.c.obj
 .debug_info    0x0000000000003c10      0x812 CMakeFiles/memstest.elf.dir/Core/Src/stm32g0xx_it.c.obj
 .debug_info    0x0000000000004422      0x38b CMakeFiles/memstest.elf.dir/Core/Src/system_stm32g0xx.c.obj
 .debug_info    0x00000000000047ad      0xfed CMakeFiles/memstest.elf.dir/Core/Src/tim.c.obj
 .debug_info    0x000000000000579a       0x22 CMakeFiles/memstest.elf.dir/Core/Startup/startup_stm32g030f6px.s.obj
 .debug_info    0x00000000000057bc      0x9cf CMakeFiles/memstest.elf.dir/Drivers/STM32G0xx_HAL_Driver/Src/stm32g0xx_hal.c.obj
 .debug_info    0x000000000000618b      0xa31 CMakeFiles/memstest.elf.dir/Drivers/STM32G0xx_HAL_Driver/Src/stm32g0xx_hal_cortex.c.obj
 .debug_info    0x0000000000006bbc      0xa52 CMakeFiles/memstest.elf.dir/Drivers/STM32G0xx_HAL_Driver/Src/stm32g0xx_hal_dma.c.obj
 .debug_info    0x000000000000760e      0x62d CMakeFiles/memstest.elf.dir/Drivers/STM32G0xx_HAL_Driver/Src/stm32g0xx_hal_gpio.c.obj
 .debug_info    0x0000000000007c3b     0x22a4 CMakeFiles/memstest.elf.dir/Drivers/STM32G0xx_HAL_Driver/Src/stm32g0xx_hal_spi.c.obj
 .debug_info    0x0000000000009edf     0x3fe2 CMakeFiles/memstest.elf.dir/Drivers/STM32G0xx_HAL_Driver/Src/stm32g0xx_hal_tim.c.obj
 .debug_info    0x000000000000dec1     0x1f47 CMakeFiles/memstest.elf.dir/Drivers/STM32G0xx_HAL_Driver/Src/stm32g0xx_hal_tim_ex.c.obj
 .debug_info    0x000000000000fe08      0xc23 CMakeFiles/memstest.elf.dir/Drivers/STM32G0xx_HAL_Driver/Src/stm32g0xx_ll_utils.c.obj

.debug_abbrev   0x0000000000000000     0x2270
 .debug_abbrev  0x0000000000000000      0x13e CMakeFiles/memstest.elf.dir/Core/Src/dma.c.obj
 .debug_abbrev  0x000000000000013e      0x193 CMakeFiles/memstest.elf.dir/Core/Src/gpio.c.obj
 .debug_abbrev  0x00000000000002d1      0x446 CMakeFiles/memstest.elf.dir/Core/Src/main.c.obj
 .debug_abbrev  0x0000000000000717      0x218 CMakeFiles/memstest.elf.dir/Core/Src/spi.c.obj
 .debug_abbrev  0x000000000000092f       0xe9 CMakeFiles/memstest.elf.dir/Core/Src/stm32g0xx_hal_msp.c.obj
 .debug_abbrev  0x0000000000000a18      0x1b3 CMakeFiles/memstest.elf.dir/Core/Src/stm32g0xx_it.c.obj
 .debug_abbrev  0x0000000000000bcb      0x142 CMakeFiles/memstest.elf.dir/Core/Src/system_stm32g0xx.c.obj
 .debug_abbrev  0x0000000000000d0d      0x222 CMakeFiles/memstest.elf.dir/Core/Src/tim.c.obj
 .debug_abbrev  0x0000000000000f2f       0x12 CMakeFiles/memstest.elf.dir/Core/Startup/startup_stm32g030f6px.s.obj
 .debug_abbrev  0x0000000000000f41      0x29c CMakeFiles/memstest.elf.dir/Drivers/STM32G0xx_HAL_Driver/Src/stm32g0xx_hal.c.obj
 .debug_abbrev  0x00000000000011dd      0x2af CMakeFiles/memstest.elf.dir/Drivers/STM32G0xx_HAL_Driver/Src/stm32g0xx_hal_cortex.c.obj
 .debug_abbrev  0x000000000000148c      0x20a CMakeFiles/memstest.elf.dir/Drivers/STM32G0xx_HAL_Driver/Src/stm32g0xx_hal_dma.c.obj
 .debug_abbrev  0x0000000000001696      0x1fd CMakeFiles/memstest.elf.dir/Drivers/STM32G0xx_HAL_Driver/Src/stm32g0xx_hal_gpio.c.obj
 .debug_abbrev  0x0000000000001893      0x272 CMakeFiles/memstest.elf.dir/Drivers/STM32G0xx_HAL_Driver/Src/stm32g0xx_hal_spi.c.obj
 .debug_abbrev  0x0000000000001b05      0x254 CMakeFiles/memstest.elf.dir/Drivers/STM32G0xx_HAL_Driver/Src/stm32g0xx_hal_tim.c.obj
 .debug_abbrev  0x0000000000001d59      0x26a CMakeFiles/memstest.elf.dir/Drivers/STM32G0xx_HAL_Driver/Src/stm32g0xx_hal_tim_ex.c.obj
 .debug_abbrev  0x0000000000001fc3      0x2ad CMakeFiles/memstest.elf.dir/Drivers/STM32G0xx_HAL_Driver/Src/stm32g0xx_ll_utils.c.obj

.debug_aranges  0x0000000000000000      0xc38
 .debug_aranges
                0x0000000000000000       0x20 CMakeFiles/memstest.elf.dir/Core/Src/dma.c.obj
 .debug_aranges
                0x0000000000000020       0x20 CMakeFiles/memstest.elf.dir/Core/Src/gpio.c.obj
 .debug_aranges
                0x0000000000000040       0x90 CMakeFiles/memstest.elf.dir/Core/Src/main.c.obj
 .debug_aranges
                0x00000000000000d0       0x30 CMakeFiles/memstest.elf.dir/Core/Src/spi.c.obj
 .debug_aranges
                0x0000000000000100       0x20 CMakeFiles/memstest.elf.dir/Core/Src/stm32g0xx_hal_msp.c.obj
 .debug_aranges
                0x0000000000000120       0x60 CMakeFiles/memstest.elf.dir/Core/Src/stm32g0xx_it.c.obj
 .debug_aranges
                0x0000000000000180       0x28 CMakeFiles/memstest.elf.dir/Core/Src/system_stm32g0xx.c.obj
 .debug_aranges
                0x00000000000001a8       0x38 CMakeFiles/memstest.elf.dir/Core/Src/tim.c.obj
 .debug_aranges
                0x00000000000001e0       0x28 CMakeFiles/memstest.elf.dir/Core/Startup/startup_stm32g030f6px.s.obj
 .debug_aranges
                0x0000000000000208      0x100 CMakeFiles/memstest.elf.dir/Drivers/STM32G0xx_HAL_Driver/Src/stm32g0xx_hal.c.obj
 .debug_aranges
                0x0000000000000308       0x90 CMakeFiles/memstest.elf.dir/Drivers/STM32G0xx_HAL_Driver/Src/stm32g0xx_hal_cortex.c.obj
 .debug_aranges
                0x0000000000000398       0x90 CMakeFiles/memstest.elf.dir/Drivers/STM32G0xx_HAL_Driver/Src/stm32g0xx_hal_dma.c.obj
 .debug_aranges
                0x0000000000000428       0x60 CMakeFiles/memstest.elf.dir/Drivers/STM32G0xx_HAL_Driver/Src/stm32g0xx_hal_gpio.c.obj
 .debug_aranges
                0x0000000000000488      0x1d8 CMakeFiles/memstest.elf.dir/Drivers/STM32G0xx_HAL_Driver/Src/stm32g0xx_hal_spi.c.obj
 .debug_aranges
                0x0000000000000660      0x3e0 CMakeFiles/memstest.elf.dir/Drivers/STM32G0xx_HAL_Driver/Src/stm32g0xx_hal_tim.c.obj
 .debug_aranges
                0x0000000000000a40      0x198 CMakeFiles/memstest.elf.dir/Drivers/STM32G0xx_HAL_Driver/Src/stm32g0xx_hal_tim_ex.c.obj
 .debug_aranges
                0x0000000000000bd8       0x60 CMakeFiles/memstest.elf.dir/Drivers/STM32G0xx_HAL_Driver/Src/stm32g0xx_ll_utils.c.obj

.debug_ranges   0x0000000000000000      0xc98
 .debug_ranges  0x0000000000000000       0x10 CMakeFiles/memstest.elf.dir/Core/Src/dma.c.obj
 .debug_ranges  0x0000000000000010       0x10 CMakeFiles/memstest.elf.dir/Core/Src/gpio.c.obj
 .debug_ranges  0x0000000000000020      0x188 CMakeFiles/memstest.elf.dir/Core/Src/main.c.obj
 .debug_ranges  0x00000000000001a8       0x20 CMakeFiles/memstest.elf.dir/Core/Src/spi.c.obj
 .debug_ranges  0x00000000000001c8       0x10 CMakeFiles/memstest.elf.dir/Core/Src/stm32g0xx_hal_msp.c.obj
 .debug_ranges  0x00000000000001d8       0x50 CMakeFiles/memstest.elf.dir/Core/Src/stm32g0xx_it.c.obj
 .debug_ranges  0x0000000000000228       0x18 CMakeFiles/memstest.elf.dir/Core/Src/system_stm32g0xx.c.obj
 .debug_ranges  0x0000000000000240       0x28 CMakeFiles/memstest.elf.dir/Core/Src/tim.c.obj
 .debug_ranges  0x0000000000000268       0x20 CMakeFiles/memstest.elf.dir/Core/Startup/startup_stm32g030f6px.s.obj
 .debug_ranges  0x0000000000000288       0xf0 CMakeFiles/memstest.elf.dir/Drivers/STM32G0xx_HAL_Driver/Src/stm32g0xx_hal.c.obj
 .debug_ranges  0x0000000000000378       0xe0 CMakeFiles/memstest.elf.dir/Drivers/STM32G0xx_HAL_Driver/Src/stm32g0xx_hal_cortex.c.obj
 .debug_ranges  0x0000000000000458       0x80 CMakeFiles/memstest.elf.dir/Drivers/STM32G0xx_HAL_Driver/Src/stm32g0xx_hal_dma.c.obj
 .debug_ranges  0x00000000000004d8       0x50 CMakeFiles/memstest.elf.dir/Drivers/STM32G0xx_HAL_Driver/Src/stm32g0xx_hal_gpio.c.obj
 .debug_ranges  0x0000000000000528      0x1c8 CMakeFiles/memstest.elf.dir/Drivers/STM32G0xx_HAL_Driver/Src/stm32g0xx_hal_spi.c.obj
 .debug_ranges  0x00000000000006f0      0x3d0 CMakeFiles/memstest.elf.dir/Drivers/STM32G0xx_HAL_Driver/Src/stm32g0xx_hal_tim.c.obj
 .debug_ranges  0x0000000000000ac0      0x188 CMakeFiles/memstest.elf.dir/Drivers/STM32G0xx_HAL_Driver/Src/stm32g0xx_hal_tim_ex.c.obj
 .debug_ranges  0x0000000000000c48       0x50 CMakeFiles/memstest.elf.dir/Drivers/STM32G0xx_HAL_Driver/Src/stm32g0xx_ll_utils.c.obj

.debug_line     0x0000000000000000     0xf2b1
 .debug_line    0x0000000000000000      0x271 CMakeFiles/memstest.elf.dir/Core/Src/dma.c.obj
 .debug_line    0x0000000000000271      0x2b7 CMakeFiles/memstest.elf.dir/Core/Src/gpio.c.obj
 .debug_line    0x0000000000000528     0x158b CMakeFiles/memstest.elf.dir/Core/Src/main.c.obj
 .debug_line    0x0000000000001ab3      0x49c CMakeFiles/memstest.elf.dir/Core/Src/spi.c.obj
 .debug_line    0x0000000000001f4f      0x268 CMakeFiles/memstest.elf.dir/Core/Src/stm32g0xx_hal_msp.c.obj
 .debug_line    0x00000000000021b7      0x39e CMakeFiles/memstest.elf.dir/Core/Src/stm32g0xx_it.c.obj
 .debug_line    0x0000000000002555      0x355 CMakeFiles/memstest.elf.dir/Core/Src/system_stm32g0xx.c.obj
 .debug_line    0x00000000000028aa      0x5c0 CMakeFiles/memstest.elf.dir/Core/Src/tim.c.obj
 .debug_line    0x0000000000002e6a       0xcc CMakeFiles/memstest.elf.dir/Core/Startup/startup_stm32g030f6px.s.obj
 .debug_line    0x0000000000002f36      0x6f2 CMakeFiles/memstest.elf.dir/Drivers/STM32G0xx_HAL_Driver/Src/stm32g0xx_hal.c.obj
 .debug_line    0x0000000000003628      0x790 CMakeFiles/memstest.elf.dir/Drivers/STM32G0xx_HAL_Driver/Src/stm32g0xx_hal_cortex.c.obj
 .debug_line    0x0000000000003db8      0xbe2 CMakeFiles/memstest.elf.dir/Drivers/STM32G0xx_HAL_Driver/Src/stm32g0xx_hal_dma.c.obj
 .debug_line    0x000000000000499a      0x776 CMakeFiles/memstest.elf.dir/Drivers/STM32G0xx_HAL_Driver/Src/stm32g0xx_hal_gpio.c.obj
 .debug_line    0x0000000000005110     0x284b CMakeFiles/memstest.elf.dir/Drivers/STM32G0xx_HAL_Driver/Src/stm32g0xx_hal_spi.c.obj
 .debug_line    0x000000000000795b     0x50d4 CMakeFiles/memstest.elf.dir/Drivers/STM32G0xx_HAL_Driver/Src/stm32g0xx_hal_tim.c.obj
 .debug_line    0x000000000000ca2f     0x202e CMakeFiles/memstest.elf.dir/Drivers/STM32G0xx_HAL_Driver/Src/stm32g0xx_hal_tim_ex.c.obj
 .debug_line    0x000000000000ea5d      0x854 CMakeFiles/memstest.elf.dir/Drivers/STM32G0xx_HAL_Driver/Src/stm32g0xx_ll_utils.c.obj

.debug_str      0x0000000000000000     0x4071
 .debug_str     0x0000000000000000      0x46a CMakeFiles/memstest.elf.dir/Core/Src/dma.c.obj
                                        0x4b4 (size before relaxing)
 .debug_str     0x000000000000046a       0xf5 CMakeFiles/memstest.elf.dir/Core/Src/gpio.c.obj
                                        0x55d (size before relaxing)
 .debug_str     0x000000000000055f      0xce9 CMakeFiles/memstest.elf.dir/Core/Src/main.c.obj
                                       0x1081 (size before relaxing)
 .debug_str     0x0000000000001248       0xce CMakeFiles/memstest.elf.dir/Core/Src/spi.c.obj
                                        0xac8 (size before relaxing)
 .debug_str     0x0000000000001316       0x6f CMakeFiles/memstest.elf.dir/Core/Src/stm32g0xx_hal_msp.c.obj
                                        0x31f (size before relaxing)
 .debug_str     0x0000000000001385      0x158 CMakeFiles/memstest.elf.dir/Core/Src/stm32g0xx_it.c.obj
                                        0x81c (size before relaxing)
 .debug_str     0x00000000000014dd       0xcf CMakeFiles/memstest.elf.dir/Core/Src/system_stm32g0xx.c.obj
                                        0x388 (size before relaxing)
 .debug_str     0x00000000000015ac      0x335 CMakeFiles/memstest.elf.dir/Core/Src/tim.c.obj
                                        0xcec (size before relaxing)
 .debug_str     0x00000000000018e1       0x79 CMakeFiles/memstest.elf.dir/Core/Startup/startup_stm32g030f6px.s.obj
                                         0xd7 (size before relaxing)
 .debug_str     0x000000000000195a      0x3b1 CMakeFiles/memstest.elf.dir/Drivers/STM32G0xx_HAL_Driver/Src/stm32g0xx_hal.c.obj
                                        0x8cb (size before relaxing)
 .debug_str     0x0000000000001d0b      0x36a CMakeFiles/memstest.elf.dir/Drivers/STM32G0xx_HAL_Driver/Src/stm32g0xx_hal_cortex.c.obj
                                        0x794 (size before relaxing)
 .debug_str     0x0000000000002075      0x2dd CMakeFiles/memstest.elf.dir/Drivers/STM32G0xx_HAL_Driver/Src/stm32g0xx_hal_dma.c.obj
                                        0x822 (size before relaxing)
 .debug_str     0x0000000000002352      0x14b CMakeFiles/memstest.elf.dir/Drivers/STM32G0xx_HAL_Driver/Src/stm32g0xx_hal_gpio.c.obj
                                        0x49d (size before relaxing)
 .debug_str     0x000000000000249d      0x57d CMakeFiles/memstest.elf.dir/Drivers/STM32G0xx_HAL_Driver/Src/stm32g0xx_hal_spi.c.obj
                                        0xd55 (size before relaxing)
 .debug_str     0x0000000000002a1a      0xe0b CMakeFiles/memstest.elf.dir/Drivers/STM32G0xx_HAL_Driver/Src/stm32g0xx_hal_tim.c.obj
                                       0x1857 (size before relaxing)
 .debug_str     0x0000000000003825      0x5b9 CMakeFiles/memstest.elf.dir/Drivers/STM32G0xx_HAL_Driver/Src/stm32g0xx_hal_tim_ex.c.obj
                                       0x11d8 (size before relaxing)
 .debug_str     0x0000000000003dde      0x293 CMakeFiles/memstest.elf.dir/Drivers/STM32G0xx_HAL_Driver/Src/stm32g0xx_ll_utils.c.obj
                                        0x734 (size before relaxing)

.comment        0x0000000000000000       0x49
 .comment       0x0000000000000000       0x49 CMakeFiles/memstest.elf.dir/Core/Src/dma.c.obj
                                         0x4a (size before relaxing)
 .comment       0x0000000000000049       0x4a CMakeFiles/memstest.elf.dir/Core/Src/gpio.c.obj
 .comment       0x0000000000000049       0x4a CMakeFiles/memstest.elf.dir/Core/Src/main.c.obj
 .comment       0x0000000000000049       0x4a CMakeFiles/memstest.elf.dir/Core/Src/spi.c.obj
 .comment       0x0000000000000049       0x4a CMakeFiles/memstest.elf.dir/Core/Src/stm32g0xx_hal_msp.c.obj
 .comment       0x0000000000000049       0x4a CMakeFiles/memstest.elf.dir/Core/Src/stm32g0xx_it.c.obj
 .comment       0x0000000000000049       0x4a CMakeFiles/memstest.elf.dir/Core/Src/system_stm32g0xx.c.obj
 .comment       0x0000000000000049       0x4a CMakeFiles/memstest.elf.dir/Core/Src/tim.c.obj
 .comment       0x0000000000000049       0x4a CMakeFiles/memstest.elf.dir/Drivers/STM32G0xx_HAL_Driver/Src/stm32g0xx_hal.c.obj
 .comment       0x0000000000000049       0x4a CMakeFiles/memstest.elf.dir/Drivers/STM32G0xx_HAL_Driver/Src/stm32g0xx_hal_cortex.c.obj
 .comment       0x0000000000000049       0x4a CMakeFiles/memstest.elf.dir/Drivers/STM32G0xx_HAL_Driver/Src/stm32g0xx_hal_dma.c.obj
 .comment       0x0000000000000049       0x4a CMakeFiles/memstest.elf.dir/Drivers/STM32G0xx_HAL_Driver/Src/stm32g0xx_hal_gpio.c.obj
 .comment       0x0000000000000049       0x4a CMakeFiles/memstest.elf.dir/Drivers/STM32G0xx_HAL_Driver/Src/stm32g0xx_hal_spi.c.obj
 .comment       0x0000000000000049       0x4a CMakeFiles/memstest.elf.dir/Drivers/STM32G0xx_HAL_Driver/Src/stm32g0xx_hal_tim.c.obj
 .comment       0x0000000000000049       0x4a CMakeFiles/memstest.elf.dir/Drivers/STM32G0xx_HAL_Driver/Src/stm32g0xx_hal_tim_ex.c.obj
 .comment       0x0000000000000049       0x4a CMakeFiles/memstest.elf.dir/Drivers/STM32G0xx_HAL_Driver/Src/stm32g0xx_ll_utils.c.obj

.debug_frame    0x0000000000000000     0x25a8
 .debug_frame   0x0000000000000000       0x28 CMakeFiles/memstest.elf.dir/Core/Src/dma.c.obj
 .debug_frame   0x0000000000000028       0x28 CMakeFiles/memstest.elf.dir/Core/Src/gpio.c.obj
 .debug_frame   0x0000000000000050      0x1a8 CMakeFiles/memstest.elf.dir/Core/Src/main.c.obj
 .debug_frame   0x00000000000001f8       0x5c CMakeFiles/memstest.elf.dir/Core/Src/spi.c.obj
 .debug_frame   0x0000000000000254       0x24 CMakeFiles/memstest.elf.dir/Core/Src/stm32g0xx_hal_msp.c.obj
 .debug_frame   0x0000000000000278       0xc8 CMakeFiles/memstest.elf.dir/Core/Src/stm32g0xx_it.c.obj
 .debug_frame   0x0000000000000340       0x38 CMakeFiles/memstest.elf.dir/Core/Src/system_stm32g0xx.c.obj
 .debug_frame   0x0000000000000378       0x78 CMakeFiles/memstest.elf.dir/Core/Src/tim.c.obj
 .debug_frame   0x00000000000003f0      0x20c CMakeFiles/memstest.elf.dir/Drivers/STM32G0xx_HAL_Driver/Src/stm32g0xx_hal.c.obj
 .debug_frame   0x00000000000005fc      0x114 CMakeFiles/memstest.elf.dir/Drivers/STM32G0xx_HAL_Driver/Src/stm32g0xx_hal_cortex.c.obj
 .debug_frame   0x0000000000000710      0x188 CMakeFiles/memstest.elf.dir/Drivers/STM32G0xx_HAL_Driver/Src/stm32g0xx_hal_dma.c.obj
 .debug_frame   0x0000000000000898       0xd0 CMakeFiles/memstest.elf.dir/Drivers/STM32G0xx_HAL_Driver/Src/stm32g0xx_hal_gpio.c.obj
 .debug_frame   0x0000000000000968      0x5a4 CMakeFiles/memstest.elf.dir/Drivers/STM32G0xx_HAL_Driver/Src/stm32g0xx_hal_spi.c.obj
 .debug_frame   0x0000000000000f0c      0xb18 CMakeFiles/memstest.elf.dir/Drivers/STM32G0xx_HAL_Driver/Src/stm32g0xx_hal_tim.c.obj
 .debug_frame   0x0000000000001a24      0x4c0 CMakeFiles/memstest.elf.dir/Drivers/STM32G0xx_HAL_Driver/Src/stm32g0xx_hal_tim_ex.c.obj
 .debug_frame   0x0000000000001ee4       0xe0 CMakeFiles/memstest.elf.dir/Drivers/STM32G0xx_HAL_Driver/Src/stm32g0xx_ll_utils.c.obj
 .debug_frame   0x0000000000001fc4       0x20 /usr/local/Cellar/arm-none-eabi-gcc/10.3-2021.07/gcc/bin/../lib/gcc/arm-none-eabi/10.3.1/thumb/v6-m/nofp/libgcc.a(_udivsi3.o)
 .debug_frame   0x0000000000001fe4       0x2c /usr/local/Cellar/arm-none-eabi-gcc/10.3-2021.07/gcc/bin/../lib/gcc/arm-none-eabi/10.3.1/thumb/v6-m/nofp/libgcc.a(_floatundidf.o)
 .debug_frame   0x0000000000002010       0x34 /usr/local/Cellar/arm-none-eabi-gcc/10.3-2021.07/gcc/bin/../lib/gcc/arm-none-eabi/10.3.1/thumb/v6-m/nofp/libgcc.a(addsf3.o)
 .debug_frame   0x0000000000002044       0x2c /usr/local/Cellar/arm-none-eabi-gcc/10.3-2021.07/gcc/bin/../lib/gcc/arm-none-eabi/10.3.1/thumb/v6-m/nofp/libgcc.a(eqsf2.o)
 .debug_frame   0x0000000000002070       0x2c /usr/local/Cellar/arm-none-eabi-gcc/10.3-2021.07/gcc/bin/../lib/gcc/arm-none-eabi/10.3.1/thumb/v6-m/nofp/libgcc.a(gesf2.o)
 .debug_frame   0x000000000000209c       0x2c /usr/local/Cellar/arm-none-eabi-gcc/10.3-2021.07/gcc/bin/../lib/gcc/arm-none-eabi/10.3.1/thumb/v6-m/nofp/libgcc.a(lesf2.o)
 .debug_frame   0x00000000000020c8       0x38 /usr/local/Cellar/arm-none-eabi-gcc/10.3-2021.07/gcc/bin/../lib/gcc/arm-none-eabi/10.3.1/thumb/v6-m/nofp/libgcc.a(subsf3.o)
 .debug_frame   0x0000000000002100       0x20 /usr/local/Cellar/arm-none-eabi-gcc/10.3-2021.07/gcc/bin/../lib/gcc/arm-none-eabi/10.3.1/thumb/v6-m/nofp/libgcc.a(fixsfsi.o)
 .debug_frame   0x0000000000002120       0x30 /usr/local/Cellar/arm-none-eabi-gcc/10.3-2021.07/gcc/bin/../lib/gcc/arm-none-eabi/10.3.1/thumb/v6-m/nofp/libgcc.a(floatsisf.o)
 .debug_frame   0x0000000000002150       0x38 /usr/local/Cellar/arm-none-eabi-gcc/10.3-2021.07/gcc/bin/../lib/gcc/arm-none-eabi/10.3.1/thumb/v6-m/nofp/libgcc.a(adddf3.o)
 .debug_frame   0x0000000000002188       0x3c /usr/local/Cellar/arm-none-eabi-gcc/10.3-2021.07/gcc/bin/../lib/gcc/arm-none-eabi/10.3.1/thumb/v6-m/nofp/libgcc.a(divdf3.o)
 .debug_frame   0x00000000000021c4       0x38 /usr/local/Cellar/arm-none-eabi-gcc/10.3-2021.07/gcc/bin/../lib/gcc/arm-none-eabi/10.3.1/thumb/v6-m/nofp/libgcc.a(eqdf2.o)
 .debug_frame   0x00000000000021fc       0x34 /usr/local/Cellar/arm-none-eabi-gcc/10.3-2021.07/gcc/bin/../lib/gcc/arm-none-eabi/10.3.1/thumb/v6-m/nofp/libgcc.a(gedf2.o)
 .debug_frame   0x0000000000002230       0x34 /usr/local/Cellar/arm-none-eabi-gcc/10.3-2021.07/gcc/bin/../lib/gcc/arm-none-eabi/10.3.1/thumb/v6-m/nofp/libgcc.a(ledf2.o)
 .debug_frame   0x0000000000002264       0x3c /usr/local/Cellar/arm-none-eabi-gcc/10.3-2021.07/gcc/bin/../lib/gcc/arm-none-eabi/10.3.1/thumb/v6-m/nofp/libgcc.a(muldf3.o)
 .debug_frame   0x00000000000022a0       0x3c /usr/local/Cellar/arm-none-eabi-gcc/10.3-2021.07/gcc/bin/../lib/gcc/arm-none-eabi/10.3.1/thumb/v6-m/nofp/libgcc.a(subdf3.o)
 .debug_frame   0x00000000000022dc       0x2c /usr/local/Cellar/arm-none-eabi-gcc/10.3-2021.07/gcc/bin/../lib/gcc/arm-none-eabi/10.3.1/thumb/v6-m/nofp/libgcc.a(fixdfsi.o)
 .debug_frame   0x0000000000002308       0x2c /usr/local/Cellar/arm-none-eabi-gcc/10.3-2021.07/gcc/bin/../lib/gcc/arm-none-eabi/10.3.1/thumb/v6-m/nofp/libgcc.a(floatsidf.o)
 .debug_frame   0x0000000000002334       0x28 /usr/local/Cellar/arm-none-eabi-gcc/10.3-2021.07/gcc/bin/../lib/gcc/arm-none-eabi/10.3.1/thumb/v6-m/nofp/libgcc.a(floatunsidf.o)
 .debug_frame   0x000000000000235c       0x2c /usr/local/Cellar/arm-none-eabi-gcc/10.3-2021.07/gcc/bin/../lib/gcc/arm-none-eabi/10.3.1/thumb/v6-m/nofp/libgcc.a(extendsfdf2.o)
 .debug_frame   0x0000000000002388       0x30 /usr/local/Cellar/arm-none-eabi-gcc/10.3-2021.07/gcc/bin/../lib/gcc/arm-none-eabi/10.3.1/thumb/v6-m/nofp/libgcc.a(truncdfsf2.o)
 .debug_frame   0x00000000000023b8       0x2c /usr/local/Cellar/arm-none-eabi-gcc/10.3-2021.07/gcc/bin/../lib/gcc/arm-none-eabi/10.3.1/../../../../arm-none-eabi/lib/thumb/v6-m/nofp/libg.a(lib_a-init.o)
 .debug_frame   0x00000000000023e4       0x30 /usr/local/Cellar/arm-none-eabi-gcc/10.3-2021.07/gcc/bin/../lib/gcc/arm-none-eabi/10.3.1/../../../../arm-none-eabi/lib/thumb/v6-m/nofp/libg.a(lib_a-memset.o)
 .debug_frame   0x0000000000002414       0x54 /usr/local/Cellar/arm-none-eabi-gcc/10.3-2021.07/gcc/bin/../lib/gcc/arm-none-eabi/10.3.1/../../../../arm-none-eabi/lib/thumb/v6-m/nofp/libg.a(lib_a-__call_atexit.o)
 .debug_frame   0x0000000000002468       0x28 /usr/local/Cellar/arm-none-eabi-gcc/10.3-2021.07/gcc/bin/../lib/gcc/arm-none-eabi/10.3.1/../../../../arm-none-eabi/lib/thumb/v6-m/nofp/libg.a(lib_a-atexit.o)
 .debug_frame   0x0000000000002490       0x2c /usr/local/Cellar/arm-none-eabi-gcc/10.3-2021.07/gcc/bin/../lib/gcc/arm-none-eabi/10.3.1/../../../../arm-none-eabi/lib/thumb/v6-m/nofp/libg.a(lib_a-fini.o)
 .debug_frame   0x00000000000024bc       0xb0 /usr/local/Cellar/arm-none-eabi-gcc/10.3-2021.07/gcc/bin/../lib/gcc/arm-none-eabi/10.3.1/../../../../arm-none-eabi/lib/thumb/v6-m/nofp/libg.a(lib_a-lock.o)
 .debug_frame   0x000000000000256c       0x3c /usr/local/Cellar/arm-none-eabi-gcc/10.3-2021.07/gcc/bin/../lib/gcc/arm-none-eabi/10.3.1/../../../../arm-none-eabi/lib/thumb/v6-m/nofp/libg.a(lib_a-__atexit.o)

.debug_loc      0x0000000000000000     0xccaf
 .debug_loc     0x0000000000000000      0xfe5 CMakeFiles/memstest.elf.dir/Core/Src/main.c.obj
 .debug_loc     0x0000000000000fe5       0x8b CMakeFiles/memstest.elf.dir/Core/Src/spi.c.obj
 .debug_loc     0x0000000000001070       0xa9 CMakeFiles/memstest.elf.dir/Core/Src/system_stm32g0xx.c.obj
 .debug_loc     0x0000000000001119       0xcd CMakeFiles/memstest.elf.dir/Core/Src/tim.c.obj
 .debug_loc     0x00000000000011e6      0x1bd CMakeFiles/memstest.elf.dir/Drivers/STM32G0xx_HAL_Driver/Src/stm32g0xx_hal.c.obj
 .debug_loc     0x00000000000013a3      0x458 CMakeFiles/memstest.elf.dir/Drivers/STM32G0xx_HAL_Driver/Src/stm32g0xx_hal_cortex.c.obj
 .debug_loc     0x00000000000017fb      0x93e CMakeFiles/memstest.elf.dir/Drivers/STM32G0xx_HAL_Driver/Src/stm32g0xx_hal_dma.c.obj
 .debug_loc     0x0000000000002139      0x3a7 CMakeFiles/memstest.elf.dir/Drivers/STM32G0xx_HAL_Driver/Src/stm32g0xx_hal_gpio.c.obj
 .debug_loc     0x00000000000024e0     0x1f94 CMakeFiles/memstest.elf.dir/Drivers/STM32G0xx_HAL_Driver/Src/stm32g0xx_hal_spi.c.obj
 .debug_loc     0x0000000000004474     0x5880 CMakeFiles/memstest.elf.dir/Drivers/STM32G0xx_HAL_Driver/Src/stm32g0xx_hal_tim.c.obj
 .debug_loc     0x0000000000009cf4     0x297c CMakeFiles/memstest.elf.dir/Drivers/STM32G0xx_HAL_Driver/Src/stm32g0xx_hal_tim_ex.c.obj
 .debug_loc     0x000000000000c670      0x63f CMakeFiles/memstest.elf.dir/Drivers/STM32G0xx_HAL_Driver/Src/stm32g0xx_ll_utils.c.obj
