Archive member included to satisfy reference by file (symbol)

/usr/local/Cellar/arm-none-eabi-gcc/10.3-2021.07/gcc/bin/../lib/gcc/arm-none-eabi/10.3.1/thumb/v6-m/nofp/libgcc.a(_udivsi3.o)
                              CMakeFiles/memstest.elf.dir/Core/Src/main.c.obj (__aeabi_uidiv)
/usr/local/Cellar/arm-none-eabi-gcc/10.3-2021.07/gcc/bin/../lib/gcc/arm-none-eabi/10.3.1/thumb/v6-m/nofp/libgcc.a(_dvmd_tls.o)
                              /usr/local/Cellar/arm-none-eabi-gcc/10.3-2021.07/gcc/bin/../lib/gcc/arm-none-eabi/10.3.1/thumb/v6-m/nofp/libgcc.a(_udivsi3.o) (__aeabi_idiv0)
/usr/local/Cellar/arm-none-eabi-gcc/10.3-2021.07/gcc/bin/../lib/gcc/arm-none-eabi/10.3.1/thumb/v6-m/nofp/libgcc.a(_arm_cmpdf2.o)
                              CMakeFiles/memstest.elf.dir/Core/Src/main.c.obj (__aeabi_dcmpge)
/usr/local/Cellar/arm-none-eabi-gcc/10.3-2021.07/gcc/bin/../lib/gcc/arm-none-eabi/10.3.1/thumb/v6-m/nofp/libgcc.a(_arm_cmpsf2.o)
                              CMakeFiles/memstest.elf.dir/Core/Src/main.c.obj (__aeabi_fcmplt)
/usr/local/Cellar/arm-none-eabi-gcc/10.3-2021.07/gcc/bin/../lib/gcc/arm-none-eabi/10.3.1/thumb/v6-m/nofp/libgcc.a(_aeabi_uldivmod.o)
                              CMakeFiles/memstest.elf.dir/Core/Src/main.c.obj (__aeabi_uldivmod)
/usr/local/Cellar/arm-none-eabi-gcc/10.3-2021.07/gcc/bin/../lib/gcc/arm-none-eabi/10.3.1/thumb/v6-m/nofp/libgcc.a(_udivmoddi4.o)
                              /usr/local/Cellar/arm-none-eabi-gcc/10.3-2021.07/gcc/bin/../lib/gcc/arm-none-eabi/10.3.1/thumb/v6-m/nofp/libgcc.a(_aeabi_uldivmod.o) (__udivmoddi4)
/usr/local/Cellar/arm-none-eabi-gcc/10.3-2021.07/gcc/bin/../lib/gcc/arm-none-eabi/10.3.1/thumb/v6-m/nofp/libgcc.a(addsf3.o)
                              CMakeFiles/memstest.elf.dir/Core/Src/main.c.obj (__aeabi_fadd)
/usr/local/Cellar/arm-none-eabi-gcc/10.3-2021.07/gcc/bin/../lib/gcc/arm-none-eabi/10.3.1/thumb/v6-m/nofp/libgcc.a(eqsf2.o)
                              /usr/local/Cellar/arm-none-eabi-gcc/10.3-2021.07/gcc/bin/../lib/gcc/arm-none-eabi/10.3.1/thumb/v6-m/nofp/libgcc.a(_arm_cmpsf2.o) (__eqsf2)
/usr/local/Cellar/arm-none-eabi-gcc/10.3-2021.07/gcc/bin/../lib/gcc/arm-none-eabi/10.3.1/thumb/v6-m/nofp/libgcc.a(gesf2.o)
                              /usr/local/Cellar/arm-none-eabi-gcc/10.3-2021.07/gcc/bin/../lib/gcc/arm-none-eabi/10.3.1/thumb/v6-m/nofp/libgcc.a(_arm_cmpsf2.o) (__gesf2)
/usr/local/Cellar/arm-none-eabi-gcc/10.3-2021.07/gcc/bin/../lib/gcc/arm-none-eabi/10.3.1/thumb/v6-m/nofp/libgcc.a(lesf2.o)
                              /usr/local/Cellar/arm-none-eabi-gcc/10.3-2021.07/gcc/bin/../lib/gcc/arm-none-eabi/10.3.1/thumb/v6-m/nofp/libgcc.a(_arm_cmpsf2.o) (__lesf2)
/usr/local/Cellar/arm-none-eabi-gcc/10.3-2021.07/gcc/bin/../lib/gcc/arm-none-eabi/10.3.1/thumb/v6-m/nofp/libgcc.a(subsf3.o)
                              CMakeFiles/memstest.elf.dir/Core/Src/main.c.obj (__aeabi_fsub)
/usr/local/Cellar/arm-none-eabi-gcc/10.3-2021.07/gcc/bin/../lib/gcc/arm-none-eabi/10.3.1/thumb/v6-m/nofp/libgcc.a(fixsfsi.o)
                              CMakeFiles/memstest.elf.dir/Core/Src/main.c.obj (__aeabi_f2iz)
/usr/local/Cellar/arm-none-eabi-gcc/10.3-2021.07/gcc/bin/../lib/gcc/arm-none-eabi/10.3.1/thumb/v6-m/nofp/libgcc.a(floatsisf.o)
                              CMakeFiles/memstest.elf.dir/Core/Src/main.c.obj (__aeabi_i2f)
/usr/local/Cellar/arm-none-eabi-gcc/10.3-2021.07/gcc/bin/../lib/gcc/arm-none-eabi/10.3.1/thumb/v6-m/nofp/libgcc.a(floatunsisf.o)
                              CMakeFiles/memstest.elf.dir/Core/Src/main.c.obj (__aeabi_ui2f)
/usr/local/Cellar/arm-none-eabi-gcc/10.3-2021.07/gcc/bin/../lib/gcc/arm-none-eabi/10.3.1/thumb/v6-m/nofp/libgcc.a(adddf3.o)
                              CMakeFiles/memstest.elf.dir/Core/Src/main.c.obj (__aeabi_dadd)
/usr/local/Cellar/arm-none-eabi-gcc/10.3-2021.07/gcc/bin/../lib/gcc/arm-none-eabi/10.3.1/thumb/v6-m/nofp/libgcc.a(divdf3.o)
                              CMakeFiles/memstest.elf.dir/Core/Src/main.c.obj (__aeabi_ddiv)
/usr/local/Cellar/arm-none-eabi-gcc/10.3-2021.07/gcc/bin/../lib/gcc/arm-none-eabi/10.3.1/thumb/v6-m/nofp/libgcc.a(eqdf2.o)
                              /usr/local/Cellar/arm-none-eabi-gcc/10.3-2021.07/gcc/bin/../lib/gcc/arm-none-eabi/10.3.1/thumb/v6-m/nofp/libgcc.a(_arm_cmpdf2.o) (__eqdf2)
/usr/local/Cellar/arm-none-eabi-gcc/10.3-2021.07/gcc/bin/../lib/gcc/arm-none-eabi/10.3.1/thumb/v6-m/nofp/libgcc.a(gedf2.o)
                              /usr/local/Cellar/arm-none-eabi-gcc/10.3-2021.07/gcc/bin/../lib/gcc/arm-none-eabi/10.3.1/thumb/v6-m/nofp/libgcc.a(_arm_cmpdf2.o) (__gedf2)
/usr/local/Cellar/arm-none-eabi-gcc/10.3-2021.07/gcc/bin/../lib/gcc/arm-none-eabi/10.3.1/thumb/v6-m/nofp/libgcc.a(ledf2.o)
                              /usr/local/Cellar/arm-none-eabi-gcc/10.3-2021.07/gcc/bin/../lib/gcc/arm-none-eabi/10.3.1/thumb/v6-m/nofp/libgcc.a(_arm_cmpdf2.o) (__ledf2)
/usr/local/Cellar/arm-none-eabi-gcc/10.3-2021.07/gcc/bin/../lib/gcc/arm-none-eabi/10.3.1/thumb/v6-m/nofp/libgcc.a(muldf3.o)
[...]
Memory Configuration

Name             Origin             Length             Attributes
RAM              0x0000000020000000 0x0000000000002000 xrw
FLASH            0x0000000008000000 0x0000000000008000 xr
*default*        0x0000000000000000 0xffffffffffffffff

Linker script and memory map

LOAD /usr/local/Cellar/arm-none-eabi-gcc/10.3-2021.07/gcc/bin/../lib/gcc/arm-none-eabi/10.3.1/thumb/v6-m/nofp/crti.o
LOAD /usr/local/Cellar/arm-none-eabi-gcc/10.3-2021.07/gcc/bin/../lib/gcc/arm-none-eabi/10.3.1/thumb/v6-m/nofp/crtbegin.o
LOAD /usr/local/Cellar/arm-none-eabi-gcc/10.3-2021.07/gcc/bin/../lib/gcc/arm-none-eabi/10.3.1/../../../../arm-none-eabi/lib/thumb/v6-m/nofp/crt0.o
LOAD CMakeFiles/memstest.elf.dir/Core/Src/dma.c.obj
LOAD CMakeFiles/memstest.elf.dir/Core/Src/gpio.c.obj
LOAD CMakeFiles/memstest.elf.dir/Core/Src/main.c.obj
LOAD CMakeFiles/memstest.elf.dir/Core/Src/spi.c.obj
LOAD CMakeFiles/memstest.elf.dir/Core/Src/stm32g0xx_hal_msp.c.obj
LOAD CMakeFiles/memstest.elf.dir/Core/Src/stm32g0xx_it.c.obj
LOAD CMakeFiles/memstest.elf.dir/Core/Src/syscalls.c.obj
LOAD CMakeFiles/memstest.elf.dir/Core/Src/sysmem.c.obj
LOAD CMakeFiles/memstest.elf.dir/Core/Src/system_stm32g0xx.c.obj
LOAD CMakeFiles/memstest.elf.dir/Core/Src/tim.c.obj
LOAD CMakeFiles/memstest.elf.dir/Core/Startup/startup_stm32g030f6px.s.obj
LOAD CMakeFiles/memstest.elf.dir/Drivers/STM32G0xx_HAL_Driver/Src/stm32g0xx_hal.c.obj
LOAD CMakeFiles/memstest.elf.dir/Drivers/STM32G0xx_HAL_Driver/Src/stm32g0xx_hal_cortex.c.obj
LOAD CMakeFiles/memstest.elf.dir/Drivers/STM32G0xx_HAL_Driver/Src/stm32g0xx_hal_dma.c.obj
LOAD CMakeFiles/memstest.elf.dir/Drivers/STM32G0xx_HAL_Driver/Src/stm32g0xx_hal_dma_ex.c.obj
LOAD CMakeFiles/memstest.elf.dir/Drivers/STM32G0xx_HAL_Driver/Src/stm32g0xx_hal_exti.c.obj
LOAD CMakeFiles/memstest.elf.dir/Drivers/STM32G0xx_HAL_Driver/Src/stm32g0xx_hal_flash.c.obj
LOAD CMakeFiles/memstest.elf.dir/Drivers/STM32G0xx_HAL_Driver/Src/stm32g0xx_hal_flash_ex.c.obj
LOAD CMakeFiles/memstest.elf.dir/Drivers/STM32G0xx_HAL_Driver/Src/stm32g0xx_hal_gpio.c.obj
LOAD CMakeFiles/memstest.elf.dir/Drivers/STM32G0xx_HAL_Driver/Src/stm32g0xx_hal_pwr.c.obj
LOAD CMakeFiles/memstest.elf.dir/Drivers/STM32G0xx_HAL_Driver/Src/stm32g0xx_hal_pwr_ex.c.obj
LOAD CMakeFiles/memstest.elf.dir/Drivers/STM32G0xx_HAL_Driver/Src/stm32g0xx_hal_rcc.c.obj
LOAD CMakeFiles/memstest.elf.dir/Drivers/STM32G0xx_HAL_Driver/Src/stm32g0xx_hal_rcc_ex.c.obj
LOAD CMakeFiles/memstest.elf.dir/Drivers/STM32G0xx_HAL_Driver/Src/stm32g0xx_hal_spi.c.obj
LOAD CMakeFiles/memstest.elf.dir/Drivers/STM32G0xx_HAL_Driver/Src/stm32g0xx_hal_spi_ex.c.obj
LOAD CMakeFiles/memstest.elf.dir/Drivers/STM32G0xx_HAL_Driver/Src/stm32g0xx_hal_tim.c.obj
LOAD CMakeFiles/memstest.elf.dir/Drivers/STM32G0xx_HAL_Driver/Src/stm32g0xx_hal_tim_ex.c.obj
LOAD CMakeFiles/memstest.elf.dir/Drivers/STM32G0xx_HAL_Driver/Src/stm32g0xx_ll_dma.c.obj
LOAD CMakeFiles/memstest.elf.dir/Drivers/STM32G0xx_HAL_Driver/Src/stm32g0xx_ll_exti.c.obj
LOAD CMakeFiles/memstest.elf.dir/Drivers/STM32G0xx_HAL_Driver/Src/stm32g0xx_ll_rcc.c.obj
LOAD CMakeFiles/memstest.elf.dir/Drivers/STM32G0xx_HAL_Driver/Src/stm32g0xx_ll_utils.c.obj
START GROUP
LOAD /usr/local/Cellar/arm-none-eabi-gcc/10.3-2021.07/gcc/bin/../lib/gcc/arm-none-eabi/10.3.1/thumb/v6-m/nofp/libgcc.a
LOAD /usr/local/Cellar/arm-none-eabi-gcc/10.3-2021.07/gcc/bin/../lib/gcc/arm-none-eabi/10.3.1/../../../../arm-none-eabi/lib/thumb/v6-m/nofp/libg.a
LOAD /usr/local/Cellar/arm-none-eabi-gcc/10.3-2021.07/gcc/bin/../lib/gcc/arm-none-eabi/10.3.1/../../../../arm-none-eabi/lib/thumb/v6-m/nofp/libc.a
END GROUP
LOAD /usr/local/Cellar/arm-none-eabi-gcc/10.3-2021.07/gcc/bin/../lib/gcc/arm-none-eabi/10.3.1/thumb/v6-m/nofp/crtend.o
LOAD /usr/local/Cellar/arm-none-eabi-gcc/10.3-2021.07/gcc/bin/../lib/gcc/arm-none-eabi/10.3.1/thumb/v6-m/nofp/crtn.o
                0x0000000020002000                _estack = (ORIGIN (RAM) + LENGTH (RAM))
                0x0000000000000200                _Min_Heap_Size = 0x200
                0x0000000000000400                _Min_Stack_Size = 0x400

.isr_vector     0x0000000008000000       0xb8
                0x0000000008000000                . = ALIGN (0x4)
 *(.isr_vector)
 .isr_vector    0x0000000008000000       0xb8 CMakeFiles/memstest.elf.dir/Core/Startup/startup_stm32g030f6px.s.obj
                0x0000000008000000                g_pfnVectors
                0x00000000080000b8                . = ALIGN (0x4)

.text           0x00000000080000b8     0x5c28
                0x00000000080000b8                . = ALIGN (0x4)
 *(.text)
 .text          0x00000000080000b8       0x48 /usr/local/Cellar/arm-none-eabi-gcc/10.3-2021.07/gcc/bin/../lib/gcc/arm-none-eabi/10.3.1/thumb/v6-m/nofp/crtbegin.o
 .text          0x0000000008000100      0x114 /usr/local/Cellar/arm-none-eabi-gcc/10.3-2021.07/gcc/bin/../lib/gcc/arm-none-eabi/10.3.1/thumb/v6-m/nofp/libgcc.a(_udivsi3.o)
                0x0000000008000100                __udivsi3
                0x0000000008000100                __aeabi_uidiv
                0x000000000800020c                __aeabi_uidivmod
 .text          0x0000000008000214        0x4 /usr/local/Cellar/arm-none-eabi-gcc/10.3-2021.07/gcc/bin/../lib/gcc/arm-none-eabi/10.3.1/thumb/v6-m/nofp/libgcc.a(_dvmd_tls.o)
                0x0000000008000214                __aeabi_ldiv0
                0x0000000008000214                __aeabi_idiv0
 .text          0x0000000008000218       0x7c /usr/local/Cellar/arm-none-eabi-gcc/10.3-2021.07/gcc/bin/../lib/gcc/arm-none-eabi/10.3.1/thumb/v6-m/nofp/libgcc.a(_arm_cmpdf2.o)
                0x0000000008000218                __aeabi_cdrcmple
                0x0000000008000228                __aeabi_cdcmple
                0x0000000008000228                __aeabi_cdcmpeq
                0x0000000008000238                __aeabi_dcmpeq
                0x0000000008000244                __aeabi_dcmplt
                0x0000000008000258                __aeabi_dcmple
                0x000000000800026c                __aeabi_dcmpgt
                0x0000000008000280                __aeabi_dcmpge
 .text          0x0000000008000294       0x74 /usr/local/Cellar/arm-none-eabi-gcc/10.3-2021.07/gcc/bin/../lib/gcc/arm-none-eabi/10.3.1/thumb/v6-m/nofp/libgcc.a(_arm_cmpsf2.o)
                0x0000000008000294                __aeabi_cfrcmple
                0x000000000800029c                __aeabi_cfcmple
                0x000000000800029c                __aeabi_cfcmpeq
                0x00000000080002ac                __aeabi_fcmpeq
                0x00000000080002b8                __aeabi_fcmplt
                0x00000000080002cc                __aeabi_fcmple
                0x00000000080002e0                __aeabi_fcmpgt
                0x00000000080002f4                __aeabi_fcmpge
 .text          0x0000000008000308       0x40 /usr/local/Cellar/arm-none-eabi-gcc/10.3-2021.07/gcc/bin/../lib/gcc/arm-none-eabi/10.3.1/thumb/v6-m/nofp/libgcc.a(_aeabi_uldivmod.o)
                0x0000000008000308                __aeabi_uldivmod
 .text          0x0000000008000348      0x198 /usr/local/Cellar/arm-none-eabi-gcc/10.3-2021.07/gcc/bin/../lib/gcc/arm-none-eabi/10.3.1/thumb/v6-m/nofp/libgcc.a(_udivmoddi4.o)
                0x0000000008000348                __udivmoddi4
 .text          0x00000000080004e0      0x33c /usr/local/Cellar/arm-none-eabi-gcc/10.3-2021.07/gcc/bin/../lib/gcc/arm-none-eabi/10.3.1/thumb/v6-m/nofp/libgcc.a(addsf3.o)
                0x00000000080004e0                __aeabi_fadd
 .text          0x000000000800081c       0x4c /usr/local/Cellar/arm-none-eabi-gcc/10.3-2021.07/gcc/bin/../lib/gcc/arm-none-eabi/10.3.1/thumb/v6-m/nofp/libgcc.a(eqsf2.o)
                0x000000000800081c                __nesf2
                0x000000000800081c                __eqsf2
 .text          0x0000000008000868       0x8c /usr/local/Cellar/arm-none-eabi-gcc/10.3-2021.07/gcc/bin/../lib/gcc/arm-none-eabi/10.3.1/thumb/v6-m/nofp/libgcc.a(gesf2.o)
                0x0000000008000868                __gtsf2
                0x0000000008000868                __gesf2
 .text          0x00000000080008f4       0x88 /usr/local/Cellar/arm-none-eabi-gcc/10.3-2021.07/gcc/bin/../lib/gcc/arm-none-eabi/10.3.1/thumb/v6-m/nofp/libgcc.a(lesf2.o)
                0x00000000080008f4                __lesf2
                0x00000000080008f4                __ltsf2
 .text          0x000000000800097c      0x35c /usr/local/Cellar/arm-none-eabi-gcc/10.3-2021.07/gcc/bin/../lib/gcc/arm-none-eabi/10.3.1/thumb/v6-m/nofp/libgcc.a(subsf3.o)
                0x000000000800097c                __aeabi_fsub
 .text          0x0000000008000cd8       0x40 /usr/local/Cellar/arm-none-eabi-gcc/10.3-2021.07/gcc/bin/../lib/gcc/arm-none-eabi/10.3.1/thumb/v6-m/nofp/libgcc.a(fixsfsi.o)
                0x0000000008000cd8                __aeabi_f2iz
 .text          0x0000000008000d18       0x9c /usr/local/Cellar/arm-none-eabi-gcc/10.3-2021.07/gcc/bin/../lib/gcc/arm-none-eabi/10.3.1/thumb/v6-m/nofp/libgcc.a(floatsisf.o)
                0x0000000008000d18                __aeabi_i2f
 .text          0x0000000008000db4       0x84 /usr/local/Cellar/arm-none-eabi-gcc/10.3-2021.07/gcc/bin/../lib/gcc/arm-none-eabi/10.3.1/thumb/v6-m/nofp/libgcc.a(floatunsisf.o)
                0x0000000008000db4                __aeabi_ui2f
 .text          0x0000000008000e38      0x678 /usr/local/Cellar/arm-none-eabi-gcc/10.3-2021.07/gcc/bin/../lib/gcc/arm-none-eabi/10.3.1/thumb/v6-m/nofp/libgcc.a(adddf3.o)
                0x0000000008000e38                __aeabi_dadd
 .text          0x00000000080014b0      0x5ec /usr/local/Cellar/arm-none-eabi-gcc/10.3-2021.07/gcc/bin/../lib/gcc/arm-none-eabi/10.3.1/thumb/v6-m/nofp/libgcc.a(divdf3.o)
                0x00000000080014b0                __aeabi_ddiv
 .text          0x0000000008001a9c       0x84 /usr/local/Cellar/arm-none-eabi-gcc/10.3-2021.07/gcc/bin/../lib/gcc/arm-none-eabi/10.3.1/thumb/v6-m/nofp/libgcc.a(eqdf2.o)
                0x0000000008001a9c                __eqdf2
                0x0000000008001a9c                __nedf2
 .text          0x0000000008001b20       0xcc /usr/local/Cellar/arm-none-eabi-gcc/10.3-2021.07/gcc/bin/../lib/gcc/arm-none-eabi/10.3.1/thumb/v6-m/nofp/libgcc.a(gedf2.o)
                0x0000000008001b20                __gtdf2
                0x0000000008001b20                __gedf2
 .text          0x0000000008001bec       0xc8 /usr/local/Cellar/arm-none-eabi-gcc/10.3-2021.07/gcc/bin/../lib/gcc/arm-none-eabi/10.3.1/thumb/v6-m/nofp/libgcc.a(ledf2.o)
                0x0000000008001bec                __ltdf2
                0x0000000008001bec                __ledf2
 .text          0x0000000008001cb4      0x4d8 /usr/local/Cellar/arm-none-eabi-gcc/10.3-2021.07/gcc/bin/../lib/gcc/arm-none-eabi/10.3.1/thumb/v6-m/nofp/libgcc.a(muldf3.o)
                0x0000000008001cb4                __aeabi_dmul
 .text          0x000000000800218c      0x724 /usr/local/Cellar/arm-none-eabi-gcc/10.3-2021.07/gcc/bin/../lib/gcc/arm-none-eabi/10.3.1/thumb/v6-m/nofp/libgcc.a(subdf3.o)
                0x000000000800218c                __aeabi_dsub
 .text          0x00000000080028b0       0x6c /usr/local/Cellar/arm-none-eabi-gcc/10.3-2021.07/gcc/bin/../lib/gcc/arm-none-eabi/10.3.1/thumb/v6-m/nofp/libgcc.a(fixdfsi.o)
                0x00000000080028b0                __aeabi_d2iz
 .text          0x000000000800291c       0x60 /usr/local/Cellar/arm-none-eabi-gcc/10.3-2021.07/gcc/bin/../lib/gcc/arm-none-eabi/10.3.1/thumb/v6-m/nofp/libgcc.a(floatsidf.o)
                0x000000000800291c                __aeabi_i2d
 .text          0x000000000800297c       0x90 /usr/local/Cellar/arm-none-eabi-gcc/10.3-2021.07/gcc/bin/../lib/gcc/arm-none-eabi/10.3.1/thumb/v6-m/nofp/libgcc.a(extendsfdf2.o)
                0x000000000800297c                __aeabi_f2d
 .text          0x0000000008002a0c      0x110 /usr/local/Cellar/arm-none-eabi-gcc/10.3-2021.07/gcc/bin/../lib/gcc/arm-none-eabi/10.3.1/thumb/v6-m/nofp/libgcc.a(truncdfsf2.o)
                0x0000000008002a0c                __aeabi_d2f
 .text          0x0000000008002b1c       0x3c /usr/local/Cellar/arm-none-eabi-gcc/10.3-2021.07/gcc/bin/../lib/gcc/arm-none-eabi/10.3.1/thumb/v6-m/nofp/libgcc.a(_clzsi2.o)
                0x0000000008002b1c                __clzsi2
 .text          0x0000000008002b58       0x18 /usr/local/Cellar/arm-none-eabi-gcc/10.3-2021.07/gcc/bin/../lib/gcc/arm-none-eabi/10.3.1/thumb/v6-m/nofp/libgcc.a(_clzdi2.o)
                0x0000000008002b58                __clzdi2
 *(.text*)
 .text.MX_DMA_Init
                0x0000000008002b70       0x40 CMakeFiles/memstest.elf.dir/Core/Src/dma.c.obj
                0x0000000008002b70                MX_DMA_Init
 .text.MX_GPIO_Init
                0x0000000008002bb0       0x50 CMakeFiles/memstest.elf.dir/Core/Src/gpio.c.obj
                0x0000000008002bb0                MX_GPIO_Init
 .text.HAL_GPIO_EXTI_Falling_Callback
                0x0000000008002c00       0x44 CMakeFiles/memstest.elf.dir/Core/Src/main.c.obj
                0x0000000008002c00                HAL_GPIO_EXTI_Falling_Callback
 .text.HAL_GPIO_EXTI_Rising_Callback
                0x0000000008002c44       0xc0 CMakeFiles/memstest.elf.dir/Core/Src/main.c.obj
                0x0000000008002c44                HAL_GPIO_EXTI_Rising_Callback
 .text.huecolor
                0x0000000008002d04       0xac CMakeFiles/memstest.elf.dir/Core/Src/main.c.obj
                0x0000000008002d04                huecolor
 .text.Set_LED  0x0000000008002db0       0x18 CMakeFiles/memstest.elf.dir/Core/Src/main.c.obj
                0x0000000008002db0                Set_LED
 .text.WS2812_Send
                0x0000000008002dc8       0x88 CMakeFiles/memstest.elf.dir/Core/Src/main.c.obj
                0x0000000008002dc8                WS2812_Send
 .text.pdm2amp  0x0000000008002e50       0x52 CMakeFiles/memstest.elf.dir/Core/Src/main.c.obj
                0x0000000008002e50                pdm2amp
 .text.pdm2amp_rec
                0x0000000008002ea2       0x58 CMakeFiles/memstest.elf.dir/Core/Src/main.c.obj
                0x0000000008002ea2                pdm2amp_rec
 *fill*         0x0000000008002efa        0x2 
 .text.HAL_TIM_PWM_PulseFinishedCallback
                0x0000000008002efc       0x1c CMakeFiles/memstest.elf.dir/Core/Src/main.c.obj
                0x0000000008002efc                HAL_TIM_PWM_PulseFinishedCallback
 .text.calculateAmp
                0x0000000008002f18       0xb4 CMakeFiles/memstest.elf.dir/Core/Src/main.c.obj
                0x0000000008002f18                calculateAmp
 .text.sysSleep
                0x0000000008002fcc       0x2a CMakeFiles/memstest.elf.dir/Core/Src/main.c.obj
                0x0000000008002fcc                sysSleep
 .text.sysDeepSleep
                0x0000000008002ff6       0x2a CMakeFiles/memstest.elf.dir/Core/Src/main.c.obj
                0x0000000008002ff6                sysDeepSleep
 .text.Error_Handler
                0x0000000008003020        0x4 CMakeFiles/memstest.elf.dir/Core/Src/main.c.obj
                0x0000000008003020                Error_Handler
 .text.SystemClock_Config
                0x0000000008003024       0xb8 CMakeFiles/memstest.elf.dir/Core/Src/main.c.obj
                0x0000000008003024                SystemClock_Config
 .text.main     0x00000000080030dc      0x6e4 CMakeFiles/memstest.elf.dir/Core/Src/main.c.obj
                0x00000000080030dc                main
 .text.MX_SPI1_Init
                0x00000000080037c0       0x54 CMakeFiles/memstest.elf.dir/Core/Src/spi.c.obj
                0x00000000080037c0                MX_SPI1_Init
 .text.HAL_SPI_MspInit
                0x0000000008003814       0xa8 CMakeFiles/memstest.elf.dir/Core/Src/spi.c.obj
                0x0000000008003814                HAL_SPI_MspInit
 .text.HAL_SPI_MspDeInit
                0x00000000080038bc       0x3c CMakeFiles/memstest.elf.dir/Core/Src/spi.c.obj
                0x00000000080038bc                HAL_SPI_MspDeInit
 .text.HAL_MspInit
                0x00000000080038f8       0x30 CMakeFiles/memstest.elf.dir/Core/Src/stm32g0xx_hal_msp.c.obj
                0x00000000080038f8                HAL_MspInit
 .text.NMI_Handler
                0x0000000008003928        0x2 CMakeFiles/memstest.elf.dir/Core/Src/stm32g0xx_it.c.obj
                0x0000000008003928                NMI_Handler
 .text.HardFault_Handler
                0x000000000800392a        0x2 CMakeFiles/memstest.elf.dir/Core/Src/stm32g0xx_it.c.obj
                0x000000000800392a                HardFault_Handler
 .text.SVC_Handler
                0x000000000800392c        0x2 CMakeFiles/memstest.elf.dir/Core/Src/stm32g0xx_it.c.obj
                0x000000000800392c                SVC_Handler
 .text.PendSV_Handler
                0x000000000800392e        0x2 CMakeFiles/memstest.elf.dir/Core/Src/stm32g0xx_it.c.obj
                0x000000000800392e                PendSV_Handler
 .text.SysTick_Handler
                0x0000000008003930        0x8 CMakeFiles/memstest.elf.dir/Core/Src/stm32g0xx_it.c.obj
                0x0000000008003930                SysTick_Handler
 .text.EXTI4_15_IRQHandler
                0x0000000008003938       0x18 CMakeFiles/memstest.elf.dir/Core/Src/stm32g0xx_it.c.obj
                0x0000000008003938                EXTI4_15_IRQHandler
 .text.DMA1_Channel1_IRQHandler
                0x0000000008003950       0x10 CMakeFiles/memstest.elf.dir/Core/Src/stm32g0xx_it.c.obj
                0x0000000008003950                DMA1_Channel1_IRQHandler
 .text.DMA1_Channel2_3_IRQHandler
                0x0000000008003960       0x10 CMakeFiles/memstest.elf.dir/Core/Src/stm32g0xx_it.c.obj
                0x0000000008003960                DMA1_Channel2_3_IRQHandler
 .text.SPI1_IRQHandler
                0x0000000008003970       0x10 CMakeFiles/memstest.elf.dir/Core/Src/stm32g0xx_it.c.obj
                0x0000000008003970                SPI1_IRQHandler
 .text.SystemInit
                0x0000000008003980        0x2 CMakeFiles/memstest.elf.dir/Core/Src/system_stm32g0xx.c.obj
                0x0000000008003980                SystemInit
 *fill*         0x0000000008003982        0x2 
 .text.HAL_TIM_Base_MspInit
                0x0000000008003984       0x74 CMakeFiles/memstest.elf.dir/Core/Src/tim.c.obj
                0x0000000008003984                HAL_TIM_Base_MspInit
 .text.HAL_TIM_MspPostInit
                0x00000000080039f8       0x50 CMakeFiles/memstest.elf.dir/Core/Src/tim.c.obj
                0x00000000080039f8                HAL_TIM_MspPostInit
 .text.MX_TIM1_Init
                0x0000000008003a48      0x114 CMakeFiles/memstest.elf.dir/Core/Src/tim.c.obj
                0x0000000008003a48                MX_TIM1_Init
 .text.Reset_Handler
                0x0000000008003b5c       0x50 CMakeFiles/memstest.elf.dir/Core/Startup/startup_stm32g030f6px.s.obj
                0x0000000008003b5c                Reset_Handler
 .text.Default_Handler
                0x0000000008003bac        0x2 CMakeFiles/memstest.elf.dir/Core/Startup/startup_stm32g030f6px.s.obj
                0x0000000008003bac                TIM1_BRK_UP_TRG_COM_IRQHandler
                0x0000000008003bac                I2C1_IRQHandler
                0x0000000008003bac                RTC_TAMP_IRQHandler
                0x0000000008003bac                DMA1_Ch4_5_DMAMUX1_OVR_IRQHandler
                0x0000000008003bac                EXTI2_3_IRQHandler
                0x0000000008003bac                ADC1_IRQHandler
                0x0000000008003bac                I2C2_IRQHandler
                0x0000000008003bac                TIM17_IRQHandler
                0x0000000008003bac                TIM16_IRQHandler
                0x0000000008003bac                TIM3_IRQHandler
                0x0000000008003bac                RCC_IRQHandler
                0x0000000008003bac                Default_Handler
                0x0000000008003bac                TIM14_IRQHandler
                0x0000000008003bac                EXTI0_1_IRQHandler
                0x0000000008003bac                SPI2_IRQHandler
                0x0000000008003bac                WWDG_IRQHandler
                0x0000000008003bac                USART2_IRQHandler
                0x0000000008003bac                FLASH_IRQHandler
                0x0000000008003bac                USART1_IRQHandler
                0x0000000008003bac                TIM1_CC_IRQHandler
 *fill*         0x0000000008003bae        0x2 
 .text.HAL_InitTick
                0x0000000008003bb0       0x58 CMakeFiles/memstest.elf.dir/Drivers/STM32G0xx_HAL_Driver/Src/stm32g0xx_hal.c.obj
                0x0000000008003bb0                HAL_InitTick
 .text.HAL_Init
                0x0000000008003c08       0x28 CMakeFiles/memstest.elf.dir/Drivers/STM32G0xx_HAL_Driver/Src/stm32g0xx_hal.c.obj
                0x0000000008003c08                HAL_Init
 .text.HAL_IncTick
                0x0000000008003c30       0x18 CMakeFiles/memstest.elf.dir/Drivers/STM32G0xx_HAL_Driver/Src/stm32g0xx_hal.c.obj
                0x0000000008003c30                HAL_IncTick
 .text.HAL_GetTick
                0x0000000008003c48        0xc CMakeFiles/memstest.elf.dir/Drivers/STM32G0xx_HAL_Driver/Src/stm32g0xx_hal.c.obj
                0x0000000008003c48                HAL_GetTick
 .text.HAL_NVIC_SetPriority
                0x0000000008003c54       0x60 CMakeFiles/memstest.elf.dir/Drivers/STM32G0xx_HAL_Driver/Src/stm32g0xx_hal_cortex.c.obj
                0x0000000008003c54                HAL_NVIC_SetPriority
 .text.HAL_NVIC_EnableIRQ
                0x0000000008003cb4       0x18 CMakeFiles/memstest.elf.dir/Drivers/STM32G0xx_HAL_Driver/Src/stm32g0xx_hal_cortex.c.obj
                0x0000000008003cb4                HAL_NVIC_EnableIRQ
 .text.HAL_NVIC_DisableIRQ
                0x0000000008003ccc       0x20 CMakeFiles/memstest.elf.dir/Drivers/STM32G0xx_HAL_Driver/Src/stm32g0xx_hal_cortex.c.obj
                0x0000000008003ccc                HAL_NVIC_DisableIRQ
 .text.HAL_SYSTICK_Config
                0x0000000008003cec       0x38 CMakeFiles/memstest.elf.dir/Drivers/STM32G0xx_HAL_Driver/Src/stm32g0xx_hal_cortex.c.obj
                0x0000000008003cec                HAL_SYSTICK_Config
 .text.DMA_SetConfig
                0x0000000008003d24       0x48 CMakeFiles/memstest.elf.dir/Drivers/STM32G0xx_HAL_Driver/Src/stm32g0xx_hal_dma.c.obj
 .text.DMA_CalcDMAMUXChannelBaseAndMask
                0x0000000008003d6c       0x38 CMakeFiles/memstest.elf.dir/Drivers/STM32G0xx_HAL_Driver/Src/stm32g0xx_hal_dma.c.obj
 .text.DMA_CalcDMAMUXRequestGenBaseAndMask
                0x0000000008003da4       0x28 CMakeFiles/memstest.elf.dir/Drivers/STM32G0xx_HAL_Driver/Src/stm32g0xx_hal_dma.c.obj
 .text.HAL_DMA_Init
                0x0000000008003dcc       0xb0 CMakeFiles/memstest.elf.dir/Drivers/STM32G0xx_HAL_Driver/Src/stm32g0xx_hal_dma.c.obj
                0x0000000008003dcc                HAL_DMA_Init
 .text.HAL_DMA_DeInit
                0x0000000008003e7c       0x8c CMakeFiles/memstest.elf.dir/Drivers/STM32G0xx_HAL_Driver/Src/stm32g0xx_hal_dma.c.obj
                0x0000000008003e7c                HAL_DMA_DeInit
 .text.HAL_DMA_Start_IT
                0x0000000008003f08       0x9c CMakeFiles/memstest.elf.dir/Drivers/STM32G0xx_HAL_Driver/Src/stm32g0xx_hal_dma.c.obj
                0x0000000008003f08                HAL_DMA_Start_IT
 .text.HAL_DMA_Abort_IT
                0x0000000008003fa4       0x80 CMakeFiles/memstest.elf.dir/Drivers/STM32G0xx_HAL_Driver/Src/stm32g0xx_hal_dma.c.obj
                0x0000000008003fa4                HAL_DMA_Abort_IT
 .text.HAL_DMA_IRQHandler
                0x0000000008004024       0xcc CMakeFiles/memstest.elf.dir/Drivers/STM32G0xx_HAL_Driver/Src/stm32g0xx_hal_dma.c.obj
                0x0000000008004024                HAL_DMA_IRQHandler
 .text.HAL_GPIO_Init
                0x00000000080040f0      0x178 CMakeFiles/memstest.elf.dir/Drivers/STM32G0xx_HAL_Driver/Src/stm32g0xx_hal_gpio.c.obj
                0x00000000080040f0                HAL_GPIO_Init
 .text.HAL_GPIO_DeInit
                0x0000000008004268      0x104 CMakeFiles/memstest.elf.dir/Drivers/STM32G0xx_HAL_Driver/Src/stm32g0xx_hal_gpio.c.obj
                0x0000000008004268                HAL_GPIO_DeInit
 .text.HAL_GPIO_EXTI_IRQHandler
                0x000000000800436c       0x30 CMakeFiles/memstest.elf.dir/Drivers/STM32G0xx_HAL_Driver/Src/stm32g0xx_hal_gpio.c.obj
                0x000000000800436c                HAL_GPIO_EXTI_IRQHandler
 .text.SPI_WaitFlagStateUntilTimeout
                0x000000000800439c       0xe8 CMakeFiles/memstest.elf.dir/Drivers/STM32G0xx_HAL_Driver/Src/stm32g0xx_hal_spi.c.obj
 .text.SPI_WaitFifoStateUntilTimeout
                0x0000000008004484      0x114 CMakeFiles/memstest.elf.dir/Drivers/STM32G0xx_HAL_Driver/Src/stm32g0xx_hal_spi.c.obj
 .text.SPI_EndRxTxTransaction
                0x0000000008004598       0x68 CMakeFiles/memstest.elf.dir/Drivers/STM32G0xx_HAL_Driver/Src/stm32g0xx_hal_spi.c.obj
 .text.SPI_EndRxTransaction
                0x0000000008004600       0x90 CMakeFiles/memstest.elf.dir/Drivers/STM32G0xx_HAL_Driver/Src/stm32g0xx_hal_spi.c.obj
 .text.HAL_SPI_Init
                0x0000000008004690      0x104 CMakeFiles/memstest.elf.dir/Drivers/STM32G0xx_HAL_Driver/Src/stm32g0xx_hal_spi.c.obj
                0x0000000008004690                HAL_SPI_Init
 .text.HAL_SPI_DeInit
                0x0000000008004794       0x2c CMakeFiles/memstest.elf.dir/Drivers/STM32G0xx_HAL_Driver/Src/stm32g0xx_hal_spi.c.obj
                0x0000000008004794                HAL_SPI_DeInit
 .text.HAL_SPI_TransmitReceive_DMA
                0x00000000080047c0      0x224 CMakeFiles/memstest.elf.dir/Drivers/STM32G0xx_HAL_Driver/Src/stm32g0xx_hal_spi.c.obj
                0x00000000080047c0                HAL_SPI_TransmitReceive_DMA
 .text.HAL_SPI_Receive_DMA
                0x00000000080049e4      0x18c CMakeFiles/memstest.elf.dir/Drivers/STM32G0xx_HAL_Driver/Src/stm32g0xx_hal_spi.c.obj
                0x00000000080049e4                HAL_SPI_Receive_DMA
 .text.HAL_SPI_RxCpltCallback
                0x0000000008004b70        0x2 CMakeFiles/memstest.elf.dir/Drivers/STM32G0xx_HAL_Driver/Src/stm32g0xx_hal_spi.c.obj
                0x0000000008004b70                HAL_SPI_RxCpltCallback
 .text.HAL_SPI_TxRxCpltCallback
                0x0000000008004b72        0x2 CMakeFiles/memstest.elf.dir/Drivers/STM32G0xx_HAL_Driver/Src/stm32g0xx_hal_spi.c.obj
                0x0000000008004b72                HAL_SPI_TxRxCpltCallback
 .text.HAL_SPI_RxHalfCpltCallback
                0x0000000008004b74        0x2 CMakeFiles/memstest.elf.dir/Drivers/STM32G0xx_HAL_Driver/Src/stm32g0xx_hal_spi.c.obj
                0x0000000008004b74                HAL_SPI_RxHalfCpltCallback
 .text.SPI_DMAHalfReceiveCplt
                0x0000000008004b76        0xa CMakeFiles/memstest.elf.dir/Drivers/STM32G0xx_HAL_Driver/Src/stm32g0xx_hal_spi.c.obj
 .text.HAL_SPI_TxRxHalfCpltCallback
                0x0000000008004b80        0x2 CMakeFiles/memstest.elf.dir/Drivers/STM32G0xx_HAL_Driver/Src/stm32g0xx_hal_spi.c.obj
                0x0000000008004b80                HAL_SPI_TxRxHalfCpltCallback
 .text.SPI_DMAHalfTransmitReceiveCplt
                0x0000000008004b82        0xa CMakeFiles/memstest.elf.dir/Drivers/STM32G0xx_HAL_Driver/Src/stm32g0xx_hal_spi.c.obj
 .text.HAL_SPI_ErrorCallback
                0x0000000008004b8c        0x2 CMakeFiles/memstest.elf.dir/Drivers/STM32G0xx_HAL_Driver/Src/stm32g0xx_hal_spi.c.obj
                0x0000000008004b8c                HAL_SPI_ErrorCallback
 .text.SPI_DMAError
                0x0000000008004b8e       0x22 CMakeFiles/memstest.elf.dir/Drivers/STM32G0xx_HAL_Driver/Src/stm32g0xx_hal_spi.c.obj
 .text.SPI_DMAReceiveCplt
                0x0000000008004bb0       0x76 CMakeFiles/memstest.elf.dir/Drivers/STM32G0xx_HAL_Driver/Src/stm32g0xx_hal_spi.c.obj
 .text.SPI_DMATransmitReceiveCplt
                0x0000000008004c26       0x60 CMakeFiles/memstest.elf.dir/Drivers/STM32G0xx_HAL_Driver/Src/stm32g0xx_hal_spi.c.obj
 *fill*         0x0000000008004c86        0x2 
 .text.HAL_SPI_IRQHandler
                0x0000000008004c88      0x124 CMakeFiles/memstest.elf.dir/Drivers/STM32G0xx_HAL_Driver/Src/stm32g0xx_hal_spi.c.obj
                0x0000000008004c88                HAL_SPI_IRQHandler
 .text.SPI_DMAAbortOnError
                0x0000000008004dac       0x12 CMakeFiles/memstest.elf.dir/Drivers/STM32G0xx_HAL_Driver/Src/stm32g0xx_hal_spi.c.obj
 *fill*         0x0000000008004dbe        0x2 
 .text.TIM_OC1_SetConfig
                0x0000000008004dc0       0x7c CMakeFiles/memstest.elf.dir/Drivers/STM32G0xx_HAL_Driver/Src/stm32g0xx_hal_tim.c.obj
 .text.TIM_OC3_SetConfig
                0x0000000008004e3c       0x8c CMakeFiles/memstest.elf.dir/Drivers/STM32G0xx_HAL_Driver/Src/stm32g0xx_hal_tim.c.obj
 .text.TIM_OC4_SetConfig
                0x0000000008004ec8       0x68 CMakeFiles/memstest.elf.dir/Drivers/STM32G0xx_HAL_Driver/Src/stm32g0xx_hal_tim.c.obj
 .text.TIM_OC5_SetConfig
                0x0000000008004f30       0x64 CMakeFiles/memstest.elf.dir/Drivers/STM32G0xx_HAL_Driver/Src/stm32g0xx_hal_tim.c.obj
 .text.TIM_OC6_SetConfig
                0x0000000008004f94       0x68 CMakeFiles/memstest.elf.dir/Drivers/STM32G0xx_HAL_Driver/Src/stm32g0xx_hal_tim.c.obj
 .text.TIM_TI1_ConfigInputStage
                0x0000000008004ffc       0x22 CMakeFiles/memstest.elf.dir/Drivers/STM32G0xx_HAL_Driver/Src/stm32g0xx_hal_tim.c.obj
 *fill*         0x000000000800501e        0x2 
 .text.TIM_TI2_ConfigInputStage
                0x0000000008005020       0x28 CMakeFiles/memstest.elf.dir/Drivers/STM32G0xx_HAL_Driver/Src/stm32g0xx_hal_tim.c.obj
 .text.TIM_ITRx_SetConfig
                0x0000000008005048       0x14 CMakeFiles/memstest.elf.dir/Drivers/STM32G0xx_HAL_Driver/Src/stm32g0xx_hal_tim.c.obj
 .text.HAL_TIM_PWM_MspInit
                0x000000000800505c        0x2 CMakeFiles/memstest.elf.dir/Drivers/STM32G0xx_HAL_Driver/Src/stm32g0xx_hal_tim.c.obj
                0x000000000800505c                HAL_TIM_PWM_MspInit
 .text.TIM_DMADelayPulseCplt
                0x000000000800505e       0x70 CMakeFiles/memstest.elf.dir/Drivers/STM32G0xx_HAL_Driver/Src/stm32g0xx_hal_tim.c.obj
 .text.HAL_TIM_PWM_PulseFinishedHalfCpltCallback
                0x00000000080050ce        0x2 CMakeFiles/memstest.elf.dir/Drivers/STM32G0xx_HAL_Driver/Src/stm32g0xx_hal_tim.c.obj
                0x00000000080050ce                HAL_TIM_PWM_PulseFinishedHalfCpltCallback
 .text.TIM_DMADelayPulseHalfCplt
                0x00000000080050d0       0x3e CMakeFiles/memstest.elf.dir/Drivers/STM32G0xx_HAL_Driver/Src/stm32g0xx_hal_tim.c.obj
                0x00000000080050d0                TIM_DMADelayPulseHalfCplt
 .text.HAL_TIM_ErrorCallback
                0x000000000800510e        0x2 CMakeFiles/memstest.elf.dir/Drivers/STM32G0xx_HAL_Driver/Src/stm32g0xx_hal_tim.c.obj
                0x000000000800510e                HAL_TIM_ErrorCallback
 .text.TIM_DMAError
                0x0000000008005110       0x5c CMakeFiles/memstest.elf.dir/Drivers/STM32G0xx_HAL_Driver/Src/stm32g0xx_hal_tim.c.obj
                0x0000000008005110                TIM_DMAError
 .text.TIM_Base_SetConfig
                0x000000000800516c       0x84 CMakeFiles/memstest.elf.dir/Drivers/STM32G0xx_HAL_Driver/Src/stm32g0xx_hal_tim.c.obj
                0x000000000800516c                TIM_Base_SetConfig
 .text.HAL_TIM_Base_Init
                0x00000000080051f0       0x60 CMakeFiles/memstest.elf.dir/Drivers/STM32G0xx_HAL_Driver/Src/stm32g0xx_hal_tim.c.obj
                0x00000000080051f0                HAL_TIM_Base_Init
 .text.HAL_TIM_PWM_Init
                0x0000000008005250       0x60 CMakeFiles/memstest.elf.dir/Drivers/STM32G0xx_HAL_Driver/Src/stm32g0xx_hal_tim.c.obj
                0x0000000008005250                HAL_TIM_PWM_Init
 .text.TIM_OC2_SetConfig
                0x00000000080052b0       0x80 CMakeFiles/memstest.elf.dir/Drivers/STM32G0xx_HAL_Driver/Src/stm32g0xx_hal_tim.c.obj
                0x00000000080052b0                TIM_OC2_SetConfig
 .text.HAL_TIM_PWM_ConfigChannel
                0x0000000008005330      0x144 CMakeFiles/memstest.elf.dir/Drivers/STM32G0xx_HAL_Driver/Src/stm32g0xx_hal_tim.c.obj
                0x0000000008005330                HAL_TIM_PWM_ConfigChannel
 .text.TIM_ETR_SetConfig
                0x0000000008005474       0x18 CMakeFiles/memstest.elf.dir/Drivers/STM32G0xx_HAL_Driver/Src/stm32g0xx_hal_tim.c.obj
                0x0000000008005474                TIM_ETR_SetConfig
 .text.HAL_TIM_ConfigClockSource
                0x000000000800548c      0x108 CMakeFiles/memstest.elf.dir/Drivers/STM32G0xx_HAL_Driver/Src/stm32g0xx_hal_tim.c.obj
                0x000000000800548c                HAL_TIM_ConfigClockSource
 .text.TIM_CCxChannelCmd
                0x0000000008005594       0x1a CMakeFiles/memstest.elf.dir/Drivers/STM32G0xx_HAL_Driver/Src/stm32g0xx_hal_tim.c.obj
                0x0000000008005594                TIM_CCxChannelCmd
 *fill*         0x00000000080055ae        0x2 
 .text.HAL_TIM_PWM_Start_DMA
                0x00000000080055b0      0x2b0 CMakeFiles/memstest.elf.dir/Drivers/STM32G0xx_HAL_Driver/Src/stm32g0xx_hal_tim.c.obj
                0x00000000080055b0                HAL_TIM_PWM_Start_DMA
 .text.HAL_TIM_PWM_Stop_DMA
                0x0000000008005860      0x130 CMakeFiles/memstest.elf.dir/Drivers/STM32G0xx_HAL_Driver/Src/stm32g0xx_hal_tim.c.obj
                0x0000000008005860                HAL_TIM_PWM_Stop_DMA
 .text.HAL_TIMEx_MasterConfigSynchronization
                0x0000000008005990       0x70 CMakeFiles/memstest.elf.dir/Drivers/STM32G0xx_HAL_Driver/Src/stm32g0xx_hal_tim_ex.c.obj
                0x0000000008005990                HAL_TIMEx_MasterConfigSynchronization
 .text.HAL_TIMEx_ConfigBreakDeadTime
                0x0000000008005a00       0xcc CMakeFiles/memstest.elf.dir/Drivers/STM32G0xx_HAL_Driver/Src/stm32g0xx_hal_tim_ex.c.obj
                0x0000000008005a00                HAL_TIMEx_ConfigBreakDeadTime
 .text.LL_SetSystemCoreClock
                0x0000000008005acc        0xc CMakeFiles/memstest.elf.dir/Drivers/STM32G0xx_HAL_Driver/Src/stm32g0xx_ll_utils.c.obj
                0x0000000008005acc                LL_SetSystemCoreClock
 .text.__libc_init_array
                0x0000000008005ad8       0x44 /usr/local/Cellar/arm-none-eabi-gcc/10.3-2021.07/gcc/bin/../lib/gcc/arm-none-eabi/10.3.1/../../../../arm-none-eabi/lib/thumb/v6-m/nofp/libg.a(lib_a-init.o)
                0x0000000008005ad8                __libc_init_array
 .text.memset   0x0000000008005b1c       0xa8 /usr/local/Cellar/arm-none-eabi-gcc/10.3-2021.07/gcc/bin/../lib/gcc/arm-none-eabi/10.3.1/../../../../arm-none-eabi/lib/thumb/v6-m/nofp/libg.a(lib_a-memset.o)
                0x0000000008005b1c                memset
 .text.startup.register_fini
                0x0000000008005bc4       0x18 /usr/local/Cellar/arm-none-eabi-gcc/10.3-2021.07/gcc/bin/../lib/gcc/arm-none-eabi/10.3.1/../../../../arm-none-eabi/lib/thumb/v6-m/nofp/libg.a(lib_a-__call_atexit.o)
 .text.atexit   0x0000000008005bdc       0x10 /usr/local/Cellar/arm-none-eabi-gcc/10.3-2021.07/gcc/bin/../lib/gcc/arm-none-eabi/10.3.1/../../../../arm-none-eabi/lib/thumb/v6-m/nofp/libg.a(lib_a-atexit.o)
                0x0000000008005bdc                atexit
 .text.__libc_fini_array
                0x0000000008005bec       0x28 /usr/local/Cellar/arm-none-eabi-gcc/10.3-2021.07/gcc/bin/../lib/gcc/arm-none-eabi/10.3.1/../../../../arm-none-eabi/lib/thumb/v6-m/nofp/libg.a(lib_a-fini.o)
                0x0000000008005bec                __libc_fini_array
 .text.__retarget_lock_acquire_recursive
                0x0000000008005c14        0x4 /usr/local/Cellar/arm-none-eabi-gcc/10.3-2021.07/gcc/bin/../lib/gcc/arm-none-eabi/10.3.1/../../../../arm-none-eabi/lib/thumb/v6-m/nofp/libg.a(lib_a-lock.o)
                0x0000000008005c14                __retarget_lock_acquire_recursive
 .text.__retarget_lock_release_recursive
                0x0000000008005c18        0x4 /usr/local/Cellar/arm-none-eabi-gcc/10.3-2021.07/gcc/bin/../lib/gcc/arm-none-eabi/10.3.1/../../../../arm-none-eabi/lib/thumb/v6-m/nofp/libg.a(lib_a-lock.o)
                0x0000000008005c18                __retarget_lock_release_recursive
 .text.__register_exitproc
                0x0000000008005c1c       0xac /usr/local/Cellar/arm-none-eabi-gcc/10.3-2021.07/gcc/bin/../lib/gcc/arm-none-eabi/10.3.1/../../../../arm-none-eabi/lib/thumb/v6-m/nofp/libg.a(lib_a-__atexit.o)
                0x0000000008005c1c                __register_exitproc
 *(.glue_7)
 .glue_7        0x0000000008005cc8        0x0 linker stubs
 *(.glue_7t)
 .glue_7t       0x0000000008005cc8        0x0 linker stubs
 *(.eh_frame)
 .eh_frame      0x0000000008005cc8        0x0 /usr/local/Cellar/arm-none-eabi-gcc/10.3-2021.07/gcc/bin/../lib/gcc/arm-none-eabi/10.3.1/thumb/v6-m/nofp/crtbegin.o
 *(.init)
 .init          0x0000000008005cc8        0x4 /usr/local/Cellar/arm-none-eabi-gcc/10.3-2021.07/gcc/bin/../lib/gcc/arm-none-eabi/10.3.1/thumb/v6-m/nofp/crti.o
                0x0000000008005cc8                _init
 .init          0x0000000008005ccc        0x8 /usr/local/Cellar/arm-none-eabi-gcc/10.3-2021.07/gcc/bin/../lib/gcc/arm-none-eabi/10.3.1/thumb/v6-m/nofp/crtn.o
 *(.fini)
 .fini          0x0000000008005cd4        0x4 /usr/local/Cellar/arm-none-eabi-gcc/10.3-2021.07/gcc/bin/../lib/gcc/arm-none-eabi/10.3.1/thumb/v6-m/nofp/crti.o
                0x0000000008005cd4                _fini
 .fini          0x0000000008005cd8        0x8 /usr/local/Cellar/arm-none-eabi-gcc/10.3-2021.07/gcc/bin/../lib/gcc/arm-none-eabi/10.3.1/thumb/v6-m/nofp/crtn.o
                0x0000000008005ce0                . = ALIGN (0x4)
                0x0000000008005ce0                _etext = .

.vfp11_veneer   0x0000000008005ce0        0x0
 .vfp11_veneer  0x0000000008005ce0        0x0 linker stubs

.v4_bx          0x0000000008005ce0        0x0
 .v4_bx         0x0000000008005ce0        0x0 linker stubs

.iplt           0x0000000008005ce0        0x0
 .iplt          0x0000000008005ce0        0x0 /usr/local/Cellar/arm-none-eabi-gcc/10.3-2021.07/gcc/bin/../lib/gcc/arm-none-eabi/10.3.1/thumb/v6-m/nofp/crtbegin.o

.rodata         0x0000000008005ce0       0xf0
                0x0000000008005ce0                . = ALIGN (0x4)
 *(.rodata)
 .rodata        0x0000000008005ce0       0x40 /usr/local/Cellar/arm-none-eabi-gcc/10.3-2021.07/gcc/bin/../lib/gcc/arm-none-eabi/10.3.1/thumb/v6-m/nofp/libgcc.a(divdf3.o)
 .rodata        0x0000000008005d20       0x40 /usr/local/Cellar/arm-none-eabi-gcc/10.3-2021.07/gcc/bin/../lib/gcc/arm-none-eabi/10.3.1/thumb/v6-m/nofp/libgcc.a(muldf3.o)
 *(.rodata*)
 .rodata.huecolor
                0x0000000008005d60       0x18 CMakeFiles/memstest.elf.dir/Core/Src/main.c.obj
 .rodata.HAL_TIM_PWM_ConfigChannel
                0x0000000008005d78       0x54 CMakeFiles/memstest.elf.dir/Drivers/STM32G0xx_HAL_Driver/Src/stm32g0xx_hal_tim.c.obj
 .rodata._global_impure_ptr
                0x0000000008005dcc        0x4 /usr/local/Cellar/arm-none-eabi-gcc/10.3-2021.07/gcc/bin/../lib/gcc/arm-none-eabi/10.3.1/../../../../arm-none-eabi/lib/thumb/v6-m/nofp/libg.a(lib_a-impure.o)
                0x0000000008005dcc                _global_impure_ptr
                0x0000000008005dd0                . = ALIGN (0x4)

.ARM.extab      0x0000000008005dd0        0x0
                0x0000000008005dd0                . = ALIGN (0x4)
 *(.ARM.extab* .gnu.linkonce.armextab.*)
                0x0000000008005dd0                . = ALIGN (0x4)

.ARM            0x0000000008005dd0        0x8
                0x0000000008005dd0                . = ALIGN (0x4)
                0x0000000008005dd0                __exidx_start = .
 *(.ARM.exidx*)
 .ARM.exidx     0x0000000008005dd0        0x8 /usr/local/Cellar/arm-none-eabi-gcc/10.3-2021.07/gcc/bin/../lib/gcc/arm-none-eabi/10.3.1/thumb/v6-m/nofp/libgcc.a(_udivmoddi4.o)
                0x0000000008005dd8                __exidx_end = .
                0x0000000008005dd8                . = ALIGN (0x4)

.rel.dyn        0x0000000008005dd8        0x0
 .rel.iplt      0x0000000008005dd8        0x0 /usr/local/Cellar/arm-none-eabi-gcc/10.3-2021.07/gcc/bin/../lib/gcc/arm-none-eabi/10.3.1/thumb/v6-m/nofp/crtbegin.o

.preinit_array  0x0000000008005dd8        0x0
                0x0000000008005dd8                . = ALIGN (0x4)
                0x0000000008005dd8                PROVIDE (__preinit_array_start = .)
 *(.preinit_array*)
                0x0000000008005dd8                PROVIDE (__preinit_array_end = .)
                0x0000000008005dd8                . = ALIGN (0x4)

.init_array     0x0000000008005dd8        0x8
                0x0000000008005dd8                . = ALIGN (0x4)
                0x0000000008005dd8                PROVIDE (__init_array_start = .)
 *(SORT_BY_NAME(.init_array.*))
 .init_array.00000
                0x0000000008005dd8        0x4 /usr/local/Cellar/arm-none-eabi-gcc/10.3-2021.07/gcc/bin/../lib/gcc/arm-none-eabi/10.3.1/../../../../arm-none-eabi/lib/thumb/v6-m/nofp/libg.a(lib_a-__call_atexit.o)
 *(.init_array*)
 .init_array    0x0000000008005ddc        0x4 /usr/local/Cellar/arm-none-eabi-gcc/10.3-2021.07/gcc/bin/../lib/gcc/arm-none-eabi/10.3.1/thumb/v6-m/nofp/crtbegin.o
                0x0000000008005de0                PROVIDE (__init_array_end = .)
                0x0000000008005de0                . = ALIGN (0x4)

.fini_array     0x0000000008005de0        0x4
                0x0000000008005de0                . = ALIGN (0x4)
                0x0000000008005de0                PROVIDE (__fini_array_start = .)
 *(SORT_BY_NAME(.fini_array.*))
 *(.fini_array*)
 .fini_array    0x0000000008005de0        0x4 /usr/local/Cellar/arm-none-eabi-gcc/10.3-2021.07/gcc/bin/../lib/gcc/arm-none-eabi/10.3.1/thumb/v6-m/nofp/crtbegin.o
                0x0000000008005de4                PROVIDE (__fini_array_end = .)
                0x0000000008005de4                . = ALIGN (0x4)
                0x0000000008005de4                _sidata = LOADADDR (.data)

.data           0x0000000020000000      0x44c load address 0x0000000008005de4
                0x0000000020000000                . = ALIGN (0x4)
                0x0000000020000000                _sdata = .
 *(.data)
 *(.data*)
 .data.brightness
                0x0000000020000000        0x4 CMakeFiles/memstest.elf.dir/Core/Src/main.c.obj
                0x0000000020000000                brightness
 *fill*         0x0000000020000004        0x4 
 .data.color_speed
                0x0000000020000008        0x8 CMakeFiles/memstest.elf.dir/Core/Src/main.c.obj
                0x0000000020000008                color_speed
 .data.SystemCoreClock
                0x0000000020000010        0x4 CMakeFiles/memstest.elf.dir/Core/Src/system_stm32g0xx.c.obj
                0x0000000020000010                SystemCoreClock
 .data.uwTickFreq
                0x0000000020000014        0x1 CMakeFiles/memstest.elf.dir/Drivers/STM32G0xx_HAL_Driver/Src/stm32g0xx_hal.c.obj
                0x0000000020000014                uwTickFreq
 *fill*         0x0000000020000015        0x3 
 .data.uwTickPrio
                0x0000000020000018        0x4 CMakeFiles/memstest.elf.dir/Drivers/STM32G0xx_HAL_Driver/Src/stm32g0xx_hal.c.obj
                0x0000000020000018                uwTickPrio
 *fill*         0x000000002000001c        0x4 
 .data.impure_data
                0x0000000020000020      0x428 /usr/local/Cellar/arm-none-eabi-gcc/10.3-2021.07/gcc/bin/../lib/gcc/arm-none-eabi/10.3.1/../../../../arm-none-eabi/lib/thumb/v6-m/nofp/libg.a(lib_a-impure.o)
 .data.__atexit_recursive_mutex
                0x0000000020000448        0x4 /usr/local/Cellar/arm-none-eabi-gcc/10.3-2021.07/gcc/bin/../lib/gcc/arm-none-eabi/10.3.1/../../../../arm-none-eabi/lib/thumb/v6-m/nofp/libg.a(lib_a-__call_atexit.o)
                0x0000000020000448                __atexit_recursive_mutex
 *(.RamFunc)
 *(.RamFunc*)
                0x000000002000044c                . = ALIGN (0x4)
                0x000000002000044c                _edata = .

.igot.plt       0x000000002000044c        0x0 load address 0x0000000008006230
 .igot.plt      0x000000002000044c        0x0 /usr/local/Cellar/arm-none-eabi-gcc/10.3-2021.07/gcc/bin/../lib/gcc/arm-none-eabi/10.3.1/thumb/v6-m/nofp/crtbegin.o
                0x000000002000044c                . = ALIGN (0x4)

.bss            0x0000000020000450      0x78c load address 0x0000000008006230
                0x0000000020000450                _sbss = .
                0x0000000020000450                __bss_start__ = _sbss
 *(.bss)
 .bss           0x0000000020000450       0x1c /usr/local/Cellar/arm-none-eabi-gcc/10.3-2021.07/gcc/bin/../lib/gcc/arm-none-eabi/10.3.1/thumb/v6-m/nofp/crtbegin.o
 *(.bss*)
 .bss.LED_Data  0x000000002000046c       0x44 CMakeFiles/memstest.elf.dir/Core/Src/main.c.obj
                0x000000002000046c                LED_Data
 .bss.datasentflag
                0x00000000200004b0        0x1 CMakeFiles/memstest.elf.dir/Core/Src/main.c.obj
                0x00000000200004b0                datasentflag
 *fill*         0x00000000200004b1        0x7 
 .bss.key_counter
                0x00000000200004b8        0x8 CMakeFiles/memstest.elf.dir/Core/Src/main.c.obj
                0x00000000200004b8                key_counter
 .bss.key_pending
                0x00000000200004c0        0x4 CMakeFiles/memstest.elf.dir/Core/Src/main.c.obj
                0x00000000200004c0                key_pending
 .bss.last_sys_state
                0x00000000200004c4        0x4 CMakeFiles/memstest.elf.dir/Core/Src/main.c.obj
                0x00000000200004c4                last_sys_state
 .bss.pwmData   0x00000000200004c8      0x394 CMakeFiles/memstest.elf.dir/Core/Src/main.c.obj
                0x00000000200004c8                pwmData
 .bss.r         0x000000002000085c      0x200 CMakeFiles/memstest.elf.dir/Core/Src/main.c.obj
                0x000000002000085c                r
 *fill*         0x0000000020000a5c        0x4 
 .bss.sleep_counter
                0x0000000020000a60        0x8 CMakeFiles/memstest.elf.dir/Core/Src/main.c.obj
                0x0000000020000a60                sleep_counter
 .bss.sys_state
                0x0000000020000a68        0x4 CMakeFiles/memstest.elf.dir/Core/Src/main.c.obj
                0x0000000020000a68                sys_state
 .bss.hdma_spi1_rx
                0x0000000020000a6c       0x5c CMakeFiles/memstest.elf.dir/Core/Src/spi.c.obj
                0x0000000020000a6c                hdma_spi1_rx
 .bss.hspi1     0x0000000020000ac8       0x64 CMakeFiles/memstest.elf.dir/Core/Src/spi.c.obj
                0x0000000020000ac8                hspi1
 .bss.hdma_tim1_ch1
                0x0000000020000b2c       0x5c CMakeFiles/memstest.elf.dir/Core/Src/tim.c.obj
                0x0000000020000b2c                hdma_tim1_ch1
 .bss.htim1     0x0000000020000b88       0x4c CMakeFiles/memstest.elf.dir/Core/Src/tim.c.obj
                0x0000000020000b88                htim1
 .bss.uwTick    0x0000000020000bd4        0x4 CMakeFiles/memstest.elf.dir/Drivers/STM32G0xx_HAL_Driver/Src/stm32g0xx_hal.c.obj
                0x0000000020000bd4                uwTick
 .bss.__lock___atexit_recursive_mutex
                0x0000000020000bd8        0x1 /usr/local/Cellar/arm-none-eabi-gcc/10.3-2021.07/gcc/bin/../lib/gcc/arm-none-eabi/10.3.1/../../../../arm-none-eabi/lib/thumb/v6-m/nofp/libg.a(lib_a-lock.o)
                0x0000000020000bd8                __lock___atexit_recursive_mutex
 *(COMMON)
                0x0000000020000bdc                . = ALIGN (0x4)
 *fill*         0x0000000020000bd9        0x3 
                0x0000000020000bdc                _ebss = .
                0x0000000020000bdc                __bss_end__ = _ebss

._user_heap_stack
                0x0000000020000bdc      0x604 load address 0x0000000008006230
                0x0000000020000be0                . = ALIGN (0x8)
 *fill*         0x0000000020000bdc        0x4 
                [!provide]                        PROVIDE (end = .)
                0x0000000020000be0                PROVIDE (_end = .)
                0x0000000020000de0                . = (. + _Min_Heap_Size)
 *fill*         0x0000000020000be0      0x200 
                0x00000000200011e0                . = (. + _Min_Stack_Size)
 *fill*         0x0000000020000de0      0x400 
                0x00000000200011e0                . = ALIGN (0x8)

/DISCARD/
 libc.a(*)
 libm.a(*)
 libgcc.a(*)

.ARM.attributes
                0x0000000000000000       0x28
 *(.ARM.attributes)
 .ARM.attributes
                0x0000000000000000       0x1e /usr/local/Cellar/arm-none-eabi-gcc/10.3-2021.07/gcc/bin/../lib/gcc/arm-none-eabi/10.3.1/thumb/v6-m/nofp/crti.o
 .ARM.attributes
                0x000000000000001e       0x2c /usr/local/Cellar/arm-none-eabi-gcc/10.3-2021.07/gcc/bin/../lib/gcc/arm-none-eabi/10.3.1/thumb/v6-m/nofp/crtbegin.o
 .ARM.attributes
                0x000000000000004a       0x2c CMakeFiles/memstest.elf.dir/Core/Src/dma.c.obj
 .ARM.attributes
                0x0000000000000076       0x2c CMakeFiles/memstest.elf.dir/Core/Src/gpio.c.obj
 .ARM.attributes
                0x00000000000000a2       0x2c CMakeFiles/memstest.elf.dir/Core/Src/main.c.obj
 .ARM.attributes
                0x00000000000000ce       0x2c CMakeFiles/memstest.elf.dir/Core/Src/spi.c.obj
 .ARM.attributes
                0x00000000000000fa       0x2c CMakeFiles/memstest.elf.dir/Core/Src/stm32g0xx_hal_msp.c.obj
 .ARM.attributes
                0x0000000000000126       0x2c CMakeFiles/memstest.elf.dir/Core/Src/stm32g0xx_it.c.obj
 .ARM.attributes
                0x0000000000000152       0x2c CMakeFiles/memstest.elf.dir/Core/Src/system_stm32g0xx.c.obj
 .ARM.attributes
                0x000000000000017e       0x2c CMakeFiles/memstest.elf.dir/Core/Src/tim.c.obj
 .ARM.attributes
                0x00000000000001aa       0x22 CMakeFiles/memstest.elf.dir/Core/Startup/startup_stm32g030f6px.s.obj
 .ARM.attributes
                0x00000000000001cc       0x2c CMakeFiles/memstest.elf.dir/Drivers/STM32G0xx_HAL_Driver/Src/stm32g0xx_hal.c.obj
 .ARM.attributes
                0x00000000000001f8       0x2c CMakeFiles/memstest.elf.dir/Drivers/STM32G0xx_HAL_Driver/Src/stm32g0xx_hal_cortex.c.obj
 .ARM.attributes
                0x0000000000000224       0x2c CMakeFiles/memstest.elf.dir/Drivers/STM32G0xx_HAL_Driver/Src/stm32g0xx_hal_dma.c.obj
 .ARM.attributes
                0x0000000000000250       0x2c CMakeFiles/memstest.elf.dir/Drivers/STM32G0xx_HAL_Driver/Src/stm32g0xx_hal_gpio.c.obj
 .ARM.attributes
                0x000000000000027c       0x2c CMakeFiles/memstest.elf.dir/Drivers/STM32G0xx_HAL_Driver/Src/stm32g0xx_hal_spi.c.obj
 .ARM.attributes
                0x00000000000002a8       0x2c CMakeFiles/memstest.elf.dir/Drivers/STM32G0xx_HAL_Driver/Src/stm32g0xx_hal_tim.c.obj
 .ARM.attributes
                0x00000000000002d4       0x2c CMakeFiles/memstest.elf.dir/Drivers/STM32G0xx_HAL_Driver/Src/stm32g0xx_hal_tim_ex.c.obj
 .ARM.attributes
                0x0000000000000300       0x2c CMakeFiles/memstest.elf.dir/Drivers/STM32G0xx_HAL_Driver/Src/stm32g0xx_ll_utils.c.obj
 .ARM.attributes
                0x000000000000032c       0x1e /usr/local/Cellar/arm-none-eabi-gcc/10.3-2021.07/gcc/bin/../lib/gcc/arm-none-eabi/10.3.1/thumb/v6-m/nofp/libgcc.a(_udivsi3.o)
 .ARM.attributes
                0x000000000000034a       0x1e /usr/local/Cellar/arm-none-eabi-gcc/10.3-2021.07/gcc/bin/../lib/gcc/arm-none-eabi/10.3.1/thumb/v6-m/nofp/libgcc.a(_dvmd_tls.o)
 .ARM.attributes
                0x0000000000000368       0x1e /usr/local/Cellar/arm-none-eabi-gcc/10.3-2021.07/gcc/bin/../lib/gcc/arm-none-eabi/10.3.1/thumb/v6-m/nofp/libgcc.a(_arm_cmpdf2.o)
 .ARM.attributes
                0x0000000000000386       0x1e /usr/local/Cellar/arm-none-eabi-gcc/10.3-2021.07/gcc/bin/../lib/gcc/arm-none-eabi/10.3.1/thumb/v6-m/nofp/libgcc.a(_arm_cmpsf2.o)
 .ARM.attributes
                0x00000000000003a4       0x1e /usr/local/Cellar/arm-none-eabi-gcc/10.3-2021.07/gcc/bin/../lib/gcc/arm-none-eabi/10.3.1/thumb/v6-m/nofp/libgcc.a(_aeabi_uldivmod.o)
 .ARM.attributes
                0x00000000000003c2       0x2c /usr/local/Cellar/arm-none-eabi-gcc/10.3-2021.07/gcc/bin/../lib/gcc/arm-none-eabi/10.3.1/thumb/v6-m/nofp/libgcc.a(_udivmoddi4.o)
 .ARM.attributes
                0x00000000000003ee       0x2c /usr/local/Cellar/arm-none-eabi-gcc/10.3-2021.07/gcc/bin/../lib/gcc/arm-none-eabi/10.3.1/thumb/v6-m/nofp/libgcc.a(addsf3.o)
 .ARM.attributes
                0x000000000000041a       0x2c /usr/local/Cellar/arm-none-eabi-gcc/10.3-2021.07/gcc/bin/../lib/gcc/arm-none-eabi/10.3.1/thumb/v6-m/nofp/libgcc.a(eqsf2.o)
 .ARM.attributes
                0x0000000000000446       0x2c /usr/local/Cellar/arm-none-eabi-gcc/10.3-2021.07/gcc/bin/../lib/gcc/arm-none-eabi/10.3.1/thumb/v6-m/nofp/libgcc.a(gesf2.o)
 .ARM.attributes
                0x0000000000000472       0x2c /usr/local/Cellar/arm-none-eabi-gcc/10.3-2021.07/gcc/bin/../lib/gcc/arm-none-eabi/10.3.1/thumb/v6-m/nofp/libgcc.a(lesf2.o)
 .ARM.attributes
                0x000000000000049e       0x2c /usr/local/Cellar/arm-none-eabi-gcc/10.3-2021.07/gcc/bin/../lib/gcc/arm-none-eabi/10.3.1/thumb/v6-m/nofp/libgcc.a(subsf3.o)
 .ARM.attributes
                0x00000000000004ca       0x2c /usr/local/Cellar/arm-none-eabi-gcc/10.3-2021.07/gcc/bin/../lib/gcc/arm-none-eabi/10.3.1/thumb/v6-m/nofp/libgcc.a(fixsfsi.o)
 .ARM.attributes
                0x00000000000004f6       0x2c /usr/local/Cellar/arm-none-eabi-gcc/10.3-2021.07/gcc/bin/../lib/gcc/arm-none-eabi/10.3.1/thumb/v6-m/nofp/libgcc.a(floatsisf.o)
 .ARM.attributes
                0x0000000000000522       0x2c /usr/local/Cellar/arm-none-eabi-gcc/10.3-2021.07/gcc/bin/../lib/gcc/arm-none-eabi/10.3.1/thumb/v6-m/nofp/libgcc.a(floatunsisf.o)
 .ARM.attributes
                0x000000000000054e       0x2c /usr/local/Cellar/arm-none-eabi-gcc/10.3-2021.07/gcc/bin/../lib/gcc/arm-none-eabi/10.3.1/thumb/v6-m/nofp/libgcc.a(adddf3.o)
 .ARM.attributes
                0x000000000000057a       0x2c /usr/local/Cellar/arm-none-eabi-gcc/10.3-2021.07/gcc/bin/../lib/gcc/arm-none-eabi/10.3.1/thumb/v6-m/nofp/libgcc.a(divdf3.o)
 .ARM.attributes
                0x00000000000005a6       0x2c /usr/local/Cellar/arm-none-eabi-gcc/10.3-2021.07/gcc/bin/../lib/gcc/arm-none-eabi/10.3.1/thumb/v6-m/nofp/libgcc.a(eqdf2.o)
 .ARM.attributes
                0x00000000000005d2       0x2c /usr/local/Cellar/arm-none-eabi-gcc/10.3-2021.07/gcc/bin/../lib/gcc/arm-none-eabi/10.3.1/thumb/v6-m/nofp/libgcc.a(gedf2.o)
 .ARM.attributes
                0x00000000000005fe       0x2c /usr/local/Cellar/arm-none-eabi-gcc/10.3-2021.07/gcc/bin/../lib/gcc/arm-none-eabi/10.3.1/thumb/v6-m/nofp/libgcc.a(ledf2.o)
 .ARM.attributes
                0x000000000000062a       0x2c /usr/local/Cellar/arm-none-eabi-gcc/10.3-2021.07/gcc/bin/../lib/gcc/arm-none-eabi/10.3.1/thumb/v6-m/nofp/libgcc.a(muldf3.o)
 .ARM.attributes
                0x0000000000000656       0x2c /usr/local/Cellar/arm-none-eabi-gcc/10.3-2021.07/gcc/bin/../lib/gcc/arm-none-eabi/10.3.1/thumb/v6-m/nofp/libgcc.a(subdf3.o)
 .ARM.attributes
                0x0000000000000682       0x2c /usr/local/Cellar/arm-none-eabi-gcc/10.3-2021.07/gcc/bin/../lib/gcc/arm-none-eabi/10.3.1/thumb/v6-m/nofp/libgcc.a(fixdfsi.o)
 .ARM.attributes
                0x00000000000006ae       0x2c /usr/local/Cellar/arm-none-eabi-gcc/10.3-2021.07/gcc/bin/../lib/gcc/arm-none-eabi/10.3.1/thumb/v6-m/nofp/libgcc.a(floatsidf.o)
 .ARM.attributes
                0x00000000000006da       0x2c /usr/local/Cellar/arm-none-eabi-gcc/10.3-2021.07/gcc/bin/../lib/gcc/arm-none-eabi/10.3.1/thumb/v6-m/nofp/libgcc.a(extendsfdf2.o)
 .ARM.attributes
                0x0000000000000706       0x2c /usr/local/Cellar/arm-none-eabi-gcc/10.3-2021.07/gcc/bin/../lib/gcc/arm-none-eabi/10.3.1/thumb/v6-m/nofp/libgcc.a(truncdfsf2.o)
 .ARM.attributes
                0x0000000000000732       0x1e /usr/local/Cellar/arm-none-eabi-gcc/10.3-2021.07/gcc/bin/../lib/gcc/arm-none-eabi/10.3.1/thumb/v6-m/nofp/libgcc.a(_clzsi2.o)
 .ARM.attributes
                0x0000000000000750       0x1e /usr/local/Cellar/arm-none-eabi-gcc/10.3-2021.07/gcc/bin/../lib/gcc/arm-none-eabi/10.3.1/thumb/v6-m/nofp/libgcc.a(_clzdi2.o)
 .ARM.attributes
                0x000000000000076e       0x2c /usr/local/Cellar/arm-none-eabi-gcc/10.3-2021.07/gcc/bin/../lib/gcc/arm-none-eabi/10.3.1/../../../../arm-none-eabi/lib/thumb/v6-m/nofp/libg.a(lib_a-impure.o)
 .ARM.attributes
                0x000000000000079a       0x2c /usr/local/Cellar/arm-none-eabi-gcc/10.3-2021.07/gcc/bin/../lib/gcc/arm-none-eabi/10.3.1/../../../../arm-none-eabi/lib/thumb/v6-m/nofp/libg.a(lib_a-init.o)
 .ARM.attributes
                0x00000000000007c6       0x2c /usr/local/Cellar/arm-none-eabi-gcc/10.3-2021.07/gcc/bin/../lib/gcc/arm-none-eabi/10.3.1/../../../../arm-none-eabi/lib/thumb/v6-m/nofp/libg.a(lib_a-memset.o)
 .ARM.attributes
                0x00000000000007f2       0x2c /usr/local/Cellar/arm-none-eabi-gcc/10.3-2021.07/gcc/bin/../lib/gcc/arm-none-eabi/10.3.1/../../../../arm-none-eabi/lib/thumb/v6-m/nofp/libg.a(lib_a-__call_atexit.o)
 .ARM.attributes
                0x000000000000081e       0x2c /usr/local/Cellar/arm-none-eabi-gcc/10.3-2021.07/gcc/bin/../lib/gcc/arm-none-eabi/10.3.1/../../../../arm-none-eabi/lib/thumb/v6-m/nofp/libg.a(lib_a-atexit.o)
 .ARM.attributes
                0x000000000000084a       0x2c /usr/local/Cellar/arm-none-eabi-gcc/10.3-2021.07/gcc/bin/../lib/gcc/arm-none-eabi/10.3.1/../../../../arm-none-eabi/lib/thumb/v6-m/nofp/libg.a(lib_a-fini.o)
 .ARM.attributes
                0x0000000000000876       0x2c /usr/local/Cellar/arm-none-eabi-gcc/10.3-2021.07/gcc/bin/../lib/gcc/arm-none-eabi/10.3.1/../../../../arm-none-eabi/lib/thumb/v6-m/nofp/libg.a(lib_a-lock.o)
 .ARM.attributes
                0x00000000000008a2       0x2c /usr/local/Cellar/arm-none-eabi-gcc/10.3-2021.07/gcc/bin/../lib/gcc/arm-none-eabi/10.3.1/../../../../arm-none-eabi/lib/thumb/v6-m/nofp/libg.a(lib_a-__atexit.o)
 .ARM.attributes
                0x00000000000008ce       0x1e /usr/local/Cellar/arm-none-eabi-gcc/10.3-2021.07/gcc/bin/../lib/gcc/arm-none-eabi/10.3.1/thumb/v6-m/nofp/crtn.o
OUTPUT(memstest.elf elf32-littlearm)
LOAD linker stubs
LOAD /usr/local/Cellar/arm-none-eabi-gcc/10.3-2021.07/gcc/bin/../lib/gcc/arm-none-eabi/10.3.1/../../../../arm-none-eabi/lib/thumb/v6-m/nofp/libc.a
LOAD /usr/local/Cellar/arm-none-eabi-gcc/10.3-2021.07/gcc/bin/../lib/gcc/arm-none-eabi/10.3.1/../../../../arm-none-eabi/lib/thumb/v6-m/nofp/libm.a
LOAD /usr/local/Cellar/arm-none-eabi-gcc/10.3-2021.07/gcc/bin/../lib/gcc/arm-none-eabi/10.3.1/thumb/v6-m/nofp/libgcc.a

.debug_info     0x0000000000000000    0x10854
 .debug_info    0x0000000000000000      0x3a8 CMakeFiles/memstest.elf.dir/Core/Src/dma.c.obj
 .debug_info    0x00000000000003a8      0x500 CMakeFiles/memstest.elf.dir/Core/Src/gpio.c.obj
 .debug_info    0x00000000000008a8     0x22ba CMakeFiles/memstest.elf.dir/Core/Src/main.c.obj
 .debug_info    0x0000000000002b62      0xc45 CMakeFiles/memstest.elf.dir/Core/Src/spi.c.obj
 .debug_info    0x00000000000037a7      0x292 CMakeFiles/memstest.elf.dir/Core/Src/stm32g0xx_hal_msp.c.obj
 .debug_info    0x0000000000003a39      0x812 CMakeFiles/memstest.elf.dir/Core/Src/stm32g0xx_it.c.obj
 .debug_info    0x000000000000424b      0x38b CMakeFiles/memstest.elf.dir/Core/Src/system_stm32g0xx.c.obj
 .debug_info    0x00000000000045d6      0xfed CMakeFiles/memstest.elf.dir/Core/Src/tim.c.obj
 .debug_info    0x00000000000055c3       0x22 CMakeFiles/memstest.elf.dir/Core/Startup/startup_stm32g030f6px.s.obj
 .debug_info    0x00000000000055e5      0x9cf CMakeFiles/memstest.elf.dir/Drivers/STM32G0xx_HAL_Driver/Src/stm32g0xx_hal.c.obj
 .debug_info    0x0000000000005fb4      0xa31 CMakeFiles/memstest.elf.dir/Drivers/STM32G0xx_HAL_Driver/Src/stm32g0xx_hal_cortex.c.obj
 .debug_info    0x00000000000069e5      0xa52 CMakeFiles/memstest.elf.dir/Drivers/STM32G0xx_HAL_Driver/Src/stm32g0xx_hal_dma.c.obj
 .debug_info    0x0000000000007437      0x62d CMakeFiles/memstest.elf.dir/Drivers/STM32G0xx_HAL_Driver/Src/stm32g0xx_hal_gpio.c.obj
 .debug_info    0x0000000000007a64     0x22a4 CMakeFiles/memstest.elf.dir/Drivers/STM32G0xx_HAL_Driver/Src/stm32g0xx_hal_spi.c.obj
 .debug_info    0x0000000000009d08     0x3fe2 CMakeFiles/memstest.elf.dir/Drivers/STM32G0xx_HAL_Driver/Src/stm32g0xx_hal_tim.c.obj
 .debug_info    0x000000000000dcea     0x1f47 CMakeFiles/memstest.elf.dir/Drivers/STM32G0xx_HAL_Driver/Src/stm32g0xx_hal_tim_ex.c.obj
 .debug_info    0x000000000000fc31      0xc23 CMakeFiles/memstest.elf.dir/Drivers/STM32G0xx_HAL_Driver/Src/stm32g0xx_ll_utils.c.obj

.debug_abbrev   0x0000000000000000     0x2270
 .debug_abbrev  0x0000000000000000      0x13e CMakeFiles/memstest.elf.dir/Core/Src/dma.c.obj
 .debug_abbrev  0x000000000000013e      0x193 CMakeFiles/memstest.elf.dir/Core/Src/gpio.c.obj
 .debug_abbrev  0x00000000000002d1      0x446 CMakeFiles/memstest.elf.dir/Core/Src/main.c.obj
 .debug_abbrev  0x0000000000000717      0x218 CMakeFiles/memstest.elf.dir/Core/Src/spi.c.obj
 .debug_abbrev  0x000000000000092f       0xe9 CMakeFiles/memstest.elf.dir/Core/Src/stm32g0xx_hal_msp.c.obj
 .debug_abbrev  0x0000000000000a18      0x1b3 CMakeFiles/memstest.elf.dir/Core/Src/stm32g0xx_it.c.obj
 .debug_abbrev  0x0000000000000bcb      0x142 CMakeFiles/memstest.elf.dir/Core/Src/system_stm32g0xx.c.obj
 .debug_abbrev  0x0000000000000d0d      0x222 CMakeFiles/memstest.elf.dir/Core/Src/tim.c.obj
 .debug_abbrev  0x0000000000000f2f       0x12 CMakeFiles/memstest.elf.dir/Core/Startup/startup_stm32g030f6px.s.obj
 .debug_abbrev  0x0000000000000f41      0x29c CMakeFiles/memstest.elf.dir/Drivers/STM32G0xx_HAL_Driver/Src/stm32g0xx_hal.c.obj
 .debug_abbrev  0x00000000000011dd      0x2af CMakeFiles/memstest.elf.dir/Drivers/STM32G0xx_HAL_Driver/Src/stm32g0xx_hal_cortex.c.obj
 .debug_abbrev  0x000000000000148c      0x20a CMakeFiles/memstest.elf.dir/Drivers/STM32G0xx_HAL_Driver/Src/stm32g0xx_hal_dma.c.obj
 .debug_abbrev  0x0000000000001696      0x1fd CMakeFiles/memstest.elf.dir/Drivers/STM32G0xx_HAL_Driver/Src/stm32g0xx_hal_gpio.c.obj
 .debug_abbrev  0x0000000000001893      0x272 CMakeFiles/memstest.elf.dir/Drivers/STM32G0xx_HAL_Driver/Src/stm32g0xx_hal_spi.c.obj
 .debug_abbrev  0x0000000000001b05      0x254 CMakeFiles/memstest.elf.dir/Drivers/STM32G0xx_HAL_Driver/Src/stm32g0xx_hal_tim.c.obj
 .debug_abbrev  0x0000000000001d59      0x26a CMakeFiles/memstest.elf.dir/Drivers/STM32G0xx_HAL_Driver/Src/stm32g0xx_hal_tim_ex.c.obj
 .debug_abbrev  0x0000000000001fc3      0x2ad CMakeFiles/memstest.elf.dir/Drivers/STM32G0xx_HAL_Driver/Src/stm32g0xx_ll_utils.c.obj

.debug_aranges  0x0000000000000000      0xc38
 .debug_aranges
                0x0000000000000000       0x20 CMakeFiles/memstest.elf.dir/Core/Src/dma.c.obj
 .debug_aranges
                0x0000000000000020       0x20 CMakeFiles/memstest.elf.dir/Core/Src/gpio.c.obj
 .debug_aranges
                0x0000000000000040       0x90 CMakeFiles/memstest.elf.dir/Core/Src/main.c.obj
 .debug_aranges
                0x00000000000000d0       0x30 CMakeFiles/memstest.elf.dir/Core/Src/spi.c.obj
 .debug_aranges
                0x0000000000000100       0x20 CMakeFiles/memstest.elf.dir/Core/Src/stm32g0xx_hal_msp.c.obj
 .debug_aranges
                0x0000000000000120       0x60 CMakeFiles/memstest.elf.dir/Core/Src/stm32g0xx_it.c.obj
 .debug_aranges
                0x0000000000000180       0x28 CMakeFiles/memstest.elf.dir/Core/Src/system_stm32g0xx.c.obj
 .debug_aranges
                0x00000000000001a8       0x38 CMakeFiles/memstest.elf.dir/Core/Src/tim.c.obj
 .debug_aranges
                0x00000000000001e0       0x28 CMakeFiles/memstest.elf.dir/Core/Startup/startup_stm32g030f6px.s.obj
 .debug_aranges
                0x0000000000000208      0x100 CMakeFiles/memstest.elf.dir/Drivers/STM32G0xx_HAL_Driver/Src/stm32g0xx_hal.c.obj
 .debug_aranges
                0x0000000000000308       0x90 CMakeFiles/memstest.elf.dir/Drivers/STM32G0xx_HAL_Driver/Src/stm32g0xx_hal_cortex.c.obj
 .debug_aranges
                0x0000000000000398       0x90 CMakeFiles/memstest.elf.dir/Drivers/STM32G0xx_HAL_Driver/Src/stm32g0xx_hal_dma.c.obj
 .debug_aranges
                0x0000000000000428       0x60 CMakeFiles/memstest.elf.dir/Drivers/STM32G0xx_HAL_Driver/Src/stm32g0xx_hal_gpio.c.obj
 .debug_aranges
                0x0000000000000488      0x1d8 CMakeFiles/memstest.elf.dir/Drivers/STM32G0xx_HAL_Driver/Src/stm32g0xx_hal_spi.c.obj
 .debug_aranges
                0x0000000000000660      0x3e0 CMakeFiles/memstest.elf.dir/Drivers/STM32G0xx_HAL_Driver/Src/stm32g0xx_hal_tim.c.obj
 .debug_aranges
                0x0000000000000a40      0x198 CMakeFiles/memstest.elf.dir/Drivers/STM32G0xx_HAL_Driver/Src/stm32g0xx_hal_tim_ex.c.obj
 .debug_aranges
                0x0000000000000bd8       0x60 CMakeFiles/memstest.elf.dir/Drivers/STM32G0xx_HAL_Driver/Src/stm32g0xx_ll_utils.c.obj

.debug_ranges   0x0000000000000000      0xc68
 .debug_ranges  0x0000000000000000       0x10 CMakeFiles/memstest.elf.dir/Core/Src/dma.c.obj
 .debug_ranges  0x0000000000000010       0x10 CMakeFiles/memstest.elf.dir/Core/Src/gpio.c.obj
 .debug_ranges  0x0000000000000020      0x158 CMakeFiles/memstest.elf.dir/Core/Src/main.c.obj
 .debug_ranges  0x0000000000000178       0x20 CMakeFiles/memstest.elf.dir/Core/Src/spi.c.obj
 .debug_ranges  0x0000000000000198       0x10 CMakeFiles/memstest.elf.dir/Core/Src/stm32g0xx_hal_msp.c.obj
 .debug_ranges  0x00000000000001a8       0x50 CMakeFiles/memstest.elf.dir/Core/Src/stm32g0xx_it.c.obj
 .debug_ranges  0x00000000000001f8       0x18 CMakeFiles/memstest.elf.dir/Core/Src/system_stm32g0xx.c.obj
 .debug_ranges  0x0000000000000210       0x28 CMakeFiles/memstest.elf.dir/Core/Src/tim.c.obj
 .debug_ranges  0x0000000000000238       0x20 CMakeFiles/memstest.elf.dir/Core/Startup/startup_stm32g030f6px.s.obj
 .debug_ranges  0x0000000000000258       0xf0 CMakeFiles/memstest.elf.dir/Drivers/STM32G0xx_HAL_Driver/Src/stm32g0xx_hal.c.obj
 .debug_ranges  0x0000000000000348       0xe0 CMakeFiles/memstest.elf.dir/Drivers/STM32G0xx_HAL_Driver/Src/stm32g0xx_hal_cortex.c.obj
 .debug_ranges  0x0000000000000428       0x80 CMakeFiles/memstest.elf.dir/Drivers/STM32G0xx_HAL_Driver/Src/stm32g0xx_hal_dma.c.obj
 .debug_ranges  0x00000000000004a8       0x50 CMakeFiles/memstest.elf.dir/Drivers/STM32G0xx_HAL_Driver/Src/stm32g0xx_hal_gpio.c.obj
 .debug_ranges  0x00000000000004f8      0x1c8 CMakeFiles/memstest.elf.dir/Drivers/STM32G0xx_HAL_Driver/Src/stm32g0xx_hal_spi.c.obj
 .debug_ranges  0x00000000000006c0      0x3d0 CMakeFiles/memstest.elf.dir/Drivers/STM32G0xx_HAL_Driver/Src/stm32g0xx_hal_tim.c.obj
 .debug_ranges  0x0000000000000a90      0x188 CMakeFiles/memstest.elf.dir/Drivers/STM32G0xx_HAL_Driver/Src/stm32g0xx_hal_tim_ex.c.obj
 .debug_ranges  0x0000000000000c18       0x50 CMakeFiles/memstest.elf.dir/Drivers/STM32G0xx_HAL_Driver/Src/stm32g0xx_ll_utils.c.obj

.debug_line     0x0000000000000000     0xf168
 .debug_line    0x0000000000000000      0x274 CMakeFiles/memstest.elf.dir/Core/Src/dma.c.obj
 .debug_line    0x0000000000000274      0x2ba CMakeFiles/memstest.elf.dir/Core/Src/gpio.c.obj
 .debug_line    0x000000000000052e     0x140f CMakeFiles/memstest.elf.dir/Core/Src/main.c.obj
 .debug_line    0x000000000000193d      0x4a0 CMakeFiles/memstest.elf.dir/Core/Src/spi.c.obj
 .debug_line    0x0000000000001ddd      0x26b CMakeFiles/memstest.elf.dir/Core/Src/stm32g0xx_hal_msp.c.obj
 .debug_line    0x0000000000002048      0x3a1 CMakeFiles/memstest.elf.dir/Core/Src/stm32g0xx_it.c.obj
 .debug_line    0x00000000000023e9      0x358 CMakeFiles/memstest.elf.dir/Core/Src/system_stm32g0xx.c.obj
 .debug_line    0x0000000000002741      0x5c4 CMakeFiles/memstest.elf.dir/Core/Src/tim.c.obj
 .debug_line    0x0000000000002d05       0xcd CMakeFiles/memstest.elf.dir/Core/Startup/startup_stm32g030f6px.s.obj
 .debug_line    0x0000000000002dd2      0x6f6 CMakeFiles/memstest.elf.dir/Drivers/STM32G0xx_HAL_Driver/Src/stm32g0xx_hal.c.obj
 .debug_line    0x00000000000034c8      0x794 CMakeFiles/memstest.elf.dir/Drivers/STM32G0xx_HAL_Driver/Src/stm32g0xx_hal_cortex.c.obj
 .debug_line    0x0000000000003c5c      0xbe5 CMakeFiles/memstest.elf.dir/Drivers/STM32G0xx_HAL_Driver/Src/stm32g0xx_hal_dma.c.obj
 .debug_line    0x0000000000004841      0x779 CMakeFiles/memstest.elf.dir/Drivers/STM32G0xx_HAL_Driver/Src/stm32g0xx_hal_gpio.c.obj
 .debug_line    0x0000000000004fba     0x284e CMakeFiles/memstest.elf.dir/Drivers/STM32G0xx_HAL_Driver/Src/stm32g0xx_hal_spi.c.obj
 .debug_line    0x0000000000007808     0x50d7 CMakeFiles/memstest.elf.dir/Drivers/STM32G0xx_HAL_Driver/Src/stm32g0xx_hal_tim.c.obj
 .debug_line    0x000000000000c8df     0x2031 CMakeFiles/memstest.elf.dir/Drivers/STM32G0xx_HAL_Driver/Src/stm32g0xx_hal_tim_ex.c.obj
 .debug_line    0x000000000000e910      0x858 CMakeFiles/memstest.elf.dir/Drivers/STM32G0xx_HAL_Driver/Src/stm32g0xx_ll_utils.c.obj

.debug_str      0x0000000000000000     0x4064
 .debug_str     0x0000000000000000      0x46c CMakeFiles/memstest.elf.dir/Core/Src/dma.c.obj
                                        0x4b6 (size before relaxing)
 .debug_str     0x000000000000046c       0xf6 CMakeFiles/memstest.elf.dir/Core/Src/gpio.c.obj
                                        0x55f (size before relaxing)
 .debug_str     0x0000000000000562      0xcd9 CMakeFiles/memstest.elf.dir/Core/Src/main.c.obj
                                       0x106d (size before relaxing)
 .debug_str     0x000000000000123b       0xcf CMakeFiles/memstest.elf.dir/Core/Src/spi.c.obj
                                        0xaca (size before relaxing)
 .debug_str     0x000000000000130a       0x70 CMakeFiles/memstest.elf.dir/Core/Src/stm32g0xx_hal_msp.c.obj
                                        0x321 (size before relaxing)
 .debug_str     0x000000000000137a      0x159 CMakeFiles/memstest.elf.dir/Core/Src/stm32g0xx_it.c.obj
                                        0x81e (size before relaxing)
 .debug_str     0x00000000000014d3       0xc2 CMakeFiles/memstest.elf.dir/Core/Src/system_stm32g0xx.c.obj
                                        0x38a (size before relaxing)
 .debug_str     0x0000000000001595      0x336 CMakeFiles/memstest.elf.dir/Core/Src/tim.c.obj
                                        0xcee (size before relaxing)
 .debug_str     0x00000000000018cb       0x7a CMakeFiles/memstest.elf.dir/Core/Startup/startup_stm32g030f6px.s.obj
                                         0xd9 (size before relaxing)
 .debug_str     0x0000000000001945      0x3b2 CMakeFiles/memstest.elf.dir/Drivers/STM32G0xx_HAL_Driver/Src/stm32g0xx_hal.c.obj
                                        0x8cd (size before relaxing)
 .debug_str     0x0000000000001cf7      0x36b CMakeFiles/memstest.elf.dir/Drivers/STM32G0xx_HAL_Driver/Src/stm32g0xx_hal_cortex.c.obj
                                        0x796 (size before relaxing)
 .debug_str     0x0000000000002062      0x2de CMakeFiles/memstest.elf.dir/Drivers/STM32G0xx_HAL_Driver/Src/stm32g0xx_hal_dma.c.obj
                                        0x824 (size before relaxing)
 .debug_str     0x0000000000002340      0x14c CMakeFiles/memstest.elf.dir/Drivers/STM32G0xx_HAL_Driver/Src/stm32g0xx_hal_gpio.c.obj
                                        0x49f (size before relaxing)
 .debug_str     0x000000000000248c      0x57e CMakeFiles/memstest.elf.dir/Drivers/STM32G0xx_HAL_Driver/Src/stm32g0xx_hal_spi.c.obj
                                        0xd57 (size before relaxing)
 .debug_str     0x0000000000002a0a      0xe0c CMakeFiles/memstest.elf.dir/Drivers/STM32G0xx_HAL_Driver/Src/stm32g0xx_hal_tim.c.obj
                                       0x1859 (size before relaxing)
 .debug_str     0x0000000000003816      0x5ba CMakeFiles/memstest.elf.dir/Drivers/STM32G0xx_HAL_Driver/Src/stm32g0xx_hal_tim_ex.c.obj
                                       0x11da (size before relaxing)
 .debug_str     0x0000000000003dd0      0x294 CMakeFiles/memstest.elf.dir/Drivers/STM32G0xx_HAL_Driver/Src/stm32g0xx_ll_utils.c.obj
                                        0x736 (size before relaxing)

.comment        0x0000000000000000       0x49
 .comment       0x0000000000000000       0x49 CMakeFiles/memstest.elf.dir/Core/Src/dma.c.obj
                                         0x4a (size before relaxing)
 .comment       0x0000000000000049       0x4a CMakeFiles/memstest.elf.dir/Core/Src/gpio.c.obj
 .comment       0x0000000000000049       0x4a CMakeFiles/memstest.elf.dir/Core/Src/main.c.obj
 .comment       0x0000000000000049       0x4a CMakeFiles/memstest.elf.dir/Core/Src/spi.c.obj
 .comment       0x0000000000000049       0x4a CMakeFiles/memstest.elf.dir/Core/Src/stm32g0xx_hal_msp.c.obj
 .comment       0x0000000000000049       0x4a CMakeFiles/memstest.elf.dir/Core/Src/stm32g0xx_it.c.obj
 .comment       0x0000000000000049       0x4a CMakeFiles/memstest.elf.dir/Core/Src/system_stm32g0xx.c.obj
 .comment       0x0000000000000049       0x4a CMakeFiles/memstest.elf.dir/Core/Src/tim.c.obj
 .comment       0x0000000000000049       0x4a CMakeFiles/memstest.elf.dir/Drivers/STM32G0xx_HAL_Driver/Src/stm32g0xx_hal.c.obj
 .comment       0x0000000000000049       0x4a CMakeFiles/memstest.elf.dir/Drivers/STM32G0xx_HAL_Driver/Src/stm32g0xx_hal_cortex.c.obj
 .comment       0x0000000000000049       0x4a CMakeFiles/memstest.elf.dir/Drivers/STM32G0xx_HAL_Driver/Src/stm32g0xx_hal_dma.c.obj
 .comment       0x0000000000000049       0x4a CMakeFiles/memstest.elf.dir/Drivers/STM32G0xx_HAL_Driver/Src/stm32g0xx_hal_gpio.c.obj
 .comment       0x0000000000000049       0x4a CMakeFiles/memstest.elf.dir/Drivers/STM32G0xx_HAL_Driver/Src/stm32g0xx_hal_spi.c.obj
 .comment       0x0000000000000049       0x4a CMakeFiles/memstest.elf.dir/Drivers/STM32G0xx_HAL_Driver/Src/stm32g0xx_hal_tim.c.obj
 .comment       0x0000000000000049       0x4a CMakeFiles/memstest.elf.dir/Drivers/STM32G0xx_HAL_Driver/Src/stm32g0xx_hal_tim_ex.c.obj
 .comment       0x0000000000000049       0x4a CMakeFiles/memstest.elf.dir/Drivers/STM32G0xx_HAL_Driver/Src/stm32g0xx_ll_utils.c.obj

.debug_frame    0x0000000000000000     0x25bc
 .debug_frame   0x0000000000000000       0x28 CMakeFiles/memstest.elf.dir/Core/Src/dma.c.obj
 .debug_frame   0x0000000000000028       0x28 CMakeFiles/memstest.elf.dir/Core/Src/gpio.c.obj
 .debug_frame   0x0000000000000050      0x1a8 CMakeFiles/memstest.elf.dir/Core/Src/main.c.obj
 .debug_frame   0x00000000000001f8       0x5c CMakeFiles/memstest.elf.dir/Core/Src/spi.c.obj
 .debug_frame   0x0000000000000254       0x24 CMakeFiles/memstest.elf.dir/Core/Src/stm32g0xx_hal_msp.c.obj
 .debug_frame   0x0000000000000278       0xc8 CMakeFiles/memstest.elf.dir/Core/Src/stm32g0xx_it.c.obj
 .debug_frame   0x0000000000000340       0x38 CMakeFiles/memstest.elf.dir/Core/Src/system_stm32g0xx.c.obj
 .debug_frame   0x0000000000000378       0x78 CMakeFiles/memstest.elf.dir/Core/Src/tim.c.obj
 .debug_frame   0x00000000000003f0      0x20c CMakeFiles/memstest.elf.dir/Drivers/STM32G0xx_HAL_Driver/Src/stm32g0xx_hal.c.obj
 .debug_frame   0x00000000000005fc      0x114 CMakeFiles/memstest.elf.dir/Drivers/STM32G0xx_HAL_Driver/Src/stm32g0xx_hal_cortex.c.obj
 .debug_frame   0x0000000000000710      0x188 CMakeFiles/memstest.elf.dir/Drivers/STM32G0xx_HAL_Driver/Src/stm32g0xx_hal_dma.c.obj
 .debug_frame   0x0000000000000898       0xd0 CMakeFiles/memstest.elf.dir/Drivers/STM32G0xx_HAL_Driver/Src/stm32g0xx_hal_gpio.c.obj
 .debug_frame   0x0000000000000968      0x5a4 CMakeFiles/memstest.elf.dir/Drivers/STM32G0xx_HAL_Driver/Src/stm32g0xx_hal_spi.c.obj
 .debug_frame   0x0000000000000f0c      0xb18 CMakeFiles/memstest.elf.dir/Drivers/STM32G0xx_HAL_Driver/Src/stm32g0xx_hal_tim.c.obj
 .debug_frame   0x0000000000001a24      0x4c0 CMakeFiles/memstest.elf.dir/Drivers/STM32G0xx_HAL_Driver/Src/stm32g0xx_hal_tim_ex.c.obj
 .debug_frame   0x0000000000001ee4       0xe0 CMakeFiles/memstest.elf.dir/Drivers/STM32G0xx_HAL_Driver/Src/stm32g0xx_ll_utils.c.obj
 .debug_frame   0x0000000000001fc4       0x20 /usr/local/Cellar/arm-none-eabi-gcc/10.3-2021.07/gcc/bin/../lib/gcc/arm-none-eabi/10.3.1/thumb/v6-m/nofp/libgcc.a(_udivsi3.o)
 .debug_frame   0x0000000000001fe4       0x3c /usr/local/Cellar/arm-none-eabi-gcc/10.3-2021.07/gcc/bin/../lib/gcc/arm-none-eabi/10.3.1/thumb/v6-m/nofp/libgcc.a(_udivmoddi4.o)
 .debug_frame   0x0000000000002020       0x34 /usr/local/Cellar/arm-none-eabi-gcc/10.3-2021.07/gcc/bin/../lib/gcc/arm-none-eabi/10.3.1/thumb/v6-m/nofp/libgcc.a(addsf3.o)
 .debug_frame   0x0000000000002054       0x2c /usr/local/Cellar/arm-none-eabi-gcc/10.3-2021.07/gcc/bin/../lib/gcc/arm-none-eabi/10.3.1/thumb/v6-m/nofp/libgcc.a(eqsf2.o)
 .debug_frame   0x0000000000002080       0x2c /usr/local/Cellar/arm-none-eabi-gcc/10.3-2021.07/gcc/bin/../lib/gcc/arm-none-eabi/10.3.1/thumb/v6-m/nofp/libgcc.a(gesf2.o)
 .debug_frame   0x00000000000020ac       0x2c /usr/local/Cellar/arm-none-eabi-gcc/10.3-2021.07/gcc/bin/../lib/gcc/arm-none-eabi/10.3.1/thumb/v6-m/nofp/libgcc.a(lesf2.o)
 .debug_frame   0x00000000000020d8       0x38 /usr/local/Cellar/arm-none-eabi-gcc/10.3-2021.07/gcc/bin/../lib/gcc/arm-none-eabi/10.3.1/thumb/v6-m/nofp/libgcc.a(subsf3.o)
 .debug_frame   0x0000000000002110       0x20 /usr/local/Cellar/arm-none-eabi-gcc/10.3-2021.07/gcc/bin/../lib/gcc/arm-none-eabi/10.3.1/thumb/v6-m/nofp/libgcc.a(fixsfsi.o)
 .debug_frame   0x0000000000002130       0x30 /usr/local/Cellar/arm-none-eabi-gcc/10.3-2021.07/gcc/bin/../lib/gcc/arm-none-eabi/10.3.1/thumb/v6-m/nofp/libgcc.a(floatsisf.o)
 .debug_frame   0x0000000000002160       0x2c /usr/local/Cellar/arm-none-eabi-gcc/10.3-2021.07/gcc/bin/../lib/gcc/arm-none-eabi/10.3.1/thumb/v6-m/nofp/libgcc.a(floatunsisf.o)
 .debug_frame   0x000000000000218c       0x38 /usr/local/Cellar/arm-none-eabi-gcc/10.3-2021.07/gcc/bin/../lib/gcc/arm-none-eabi/10.3.1/thumb/v6-m/nofp/libgcc.a(adddf3.o)
 .debug_frame   0x00000000000021c4       0x3c /usr/local/Cellar/arm-none-eabi-gcc/10.3-2021.07/gcc/bin/../lib/gcc/arm-none-eabi/10.3.1/thumb/v6-m/nofp/libgcc.a(divdf3.o)
 .debug_frame   0x0000000000002200       0x38 /usr/local/Cellar/arm-none-eabi-gcc/10.3-2021.07/gcc/bin/../lib/gcc/arm-none-eabi/10.3.1/thumb/v6-m/nofp/libgcc.a(eqdf2.o)
 .debug_frame   0x0000000000002238       0x34 /usr/local/Cellar/arm-none-eabi-gcc/10.3-2021.07/gcc/bin/../lib/gcc/arm-none-eabi/10.3.1/thumb/v6-m/nofp/libgcc.a(gedf2.o)
 .debug_frame   0x000000000000226c       0x34 /usr/local/Cellar/arm-none-eabi-gcc/10.3-2021.07/gcc/bin/../lib/gcc/arm-none-eabi/10.3.1/thumb/v6-m/nofp/libgcc.a(ledf2.o)
 .debug_frame   0x00000000000022a0       0x3c /usr/local/Cellar/arm-none-eabi-gcc/10.3-2021.07/gcc/bin/../lib/gcc/arm-none-eabi/10.3.1/thumb/v6-m/nofp/libgcc.a(muldf3.o)
 .debug_frame   0x00000000000022dc       0x3c /usr/local/Cellar/arm-none-eabi-gcc/10.3-2021.07/gcc/bin/../lib/gcc/arm-none-eabi/10.3.1/thumb/v6-m/nofp/libgcc.a(subdf3.o)
 .debug_frame   0x0000000000002318       0x2c /usr/local/Cellar/arm-none-eabi-gcc/10.3-2021.07/gcc/bin/../lib/gcc/arm-none-eabi/10.3.1/thumb/v6-m/nofp/libgcc.a(fixdfsi.o)
 .debug_frame   0x0000000000002344       0x2c /usr/local/Cellar/arm-none-eabi-gcc/10.3-2021.07/gcc/bin/../lib/gcc/arm-none-eabi/10.3.1/thumb/v6-m/nofp/libgcc.a(floatsidf.o)
 .debug_frame   0x0000000000002370       0x2c /usr/local/Cellar/arm-none-eabi-gcc/10.3-2021.07/gcc/bin/../lib/gcc/arm-none-eabi/10.3.1/thumb/v6-m/nofp/libgcc.a(extendsfdf2.o)
 .debug_frame   0x000000000000239c       0x30 /usr/local/Cellar/arm-none-eabi-gcc/10.3-2021.07/gcc/bin/../lib/gcc/arm-none-eabi/10.3.1/thumb/v6-m/nofp/libgcc.a(truncdfsf2.o)
 .debug_frame   0x00000000000023cc       0x2c /usr/local/Cellar/arm-none-eabi-gcc/10.3-2021.07/gcc/bin/../lib/gcc/arm-none-eabi/10.3.1/../../../../arm-none-eabi/lib/thumb/v6-m/nofp/libg.a(lib_a-init.o)
 .debug_frame   0x00000000000023f8       0x30 /usr/local/Cellar/arm-none-eabi-gcc/10.3-2021.07/gcc/bin/../lib/gcc/arm-none-eabi/10.3.1/../../../../arm-none-eabi/lib/thumb/v6-m/nofp/libg.a(lib_a-memset.o)
 .debug_frame   0x0000000000002428       0x54 /usr/local/Cellar/arm-none-eabi-gcc/10.3-2021.07/gcc/bin/../lib/gcc/arm-none-eabi/10.3.1/../../../../arm-none-eabi/lib/thumb/v6-m/nofp/libg.a(lib_a-__call_atexit.o)
 .debug_frame   0x000000000000247c       0x28 /usr/local/Cellar/arm-none-eabi-gcc/10.3-2021.07/gcc/bin/../lib/gcc/arm-none-eabi/10.3.1/../../../../arm-none-eabi/lib/thumb/v6-m/nofp/libg.a(lib_a-atexit.o)
 .debug_frame   0x00000000000024a4       0x2c /usr/local/Cellar/arm-none-eabi-gcc/10.3-2021.07/gcc/bin/../lib/gcc/arm-none-eabi/10.3.1/../../../../arm-none-eabi/lib/thumb/v6-m/nofp/libg.a(lib_a-fini.o)
 .debug_frame   0x00000000000024d0       0xb0 /usr/local/Cellar/arm-none-eabi-gcc/10.3-2021.07/gcc/bin/../lib/gcc/arm-none-eabi/10.3.1/../../../../arm-none-eabi/lib/thumb/v6-m/nofp/libg.a(lib_a-lock.o)
 .debug_frame   0x0000000000002580       0x3c /usr/local/Cellar/arm-none-eabi-gcc/10.3-2021.07/gcc/bin/../lib/gcc/arm-none-eabi/10.3.1/../../../../arm-none-eabi/lib/thumb/v6-m/nofp/libg.a(lib_a-__atexit.o)

.debug_loc      0x0000000000000000     0xcbaf
 .debug_loc     0x0000000000000000      0xee5 CMakeFiles/memstest.elf.dir/Core/Src/main.c.obj
 .debug_loc     0x0000000000000ee5       0x8b CMakeFiles/memstest.elf.dir/Core/Src/spi.c.obj
 .debug_loc     0x0000000000000f70       0xa9 CMakeFiles/memstest.elf.dir/Core/Src/system_stm32g0xx.c.obj
 .debug_loc     0x0000000000001019       0xcd CMakeFiles/memstest.elf.dir/Core/Src/tim.c.obj
 .debug_loc     0x00000000000010e6      0x1bd CMakeFiles/memstest.elf.dir/Drivers/STM32G0xx_HAL_Driver/Src/stm32g0xx_hal.c.obj
 .debug_loc     0x00000000000012a3      0x458 CMakeFiles/memstest.elf.dir/Drivers/STM32G0xx_HAL_Driver/Src/stm32g0xx_hal_cortex.c.obj
 .debug_loc     0x00000000000016fb      0x93e CMakeFiles/memstest.elf.dir/Drivers/STM32G0xx_HAL_Driver/Src/stm32g0xx_hal_dma.c.obj
 .debug_loc     0x0000000000002039      0x3a7 CMakeFiles/memstest.elf.dir/Drivers/STM32G0xx_HAL_Driver/Src/stm32g0xx_hal_gpio.c.obj
 .debug_loc     0x00000000000023e0     0x1f94 CMakeFiles/memstest.elf.dir/Drivers/STM32G0xx_HAL_Driver/Src/stm32g0xx_hal_spi.c.obj
 .debug_loc     0x0000000000004374     0x5880 CMakeFiles/memstest.elf.dir/Drivers/STM32G0xx_HAL_Driver/Src/stm32g0xx_hal_tim.c.obj
 .debug_loc     0x0000000000009bf4     0x297c CMakeFiles/memstest.elf.dir/Drivers/STM32G0xx_HAL_Driver/Src/stm32g0xx_hal_tim_ex.c.obj
 .debug_loc     0x000000000000c570      0x63f CMakeFiles/memstest.elf.dir/Drivers/STM32G0xx_HAL_Driver/Src/stm32g0xx_ll_utils.c.obj
